<!doctype html public "-//w3c//dtd html 4.0 transitional//en">
<html><head>
<title>Static Call Graph - [.\Objects\Project.axf]</title></head>
<body><HR>
<H1>Static Call Graph for image .\Objects\Project.axf</H1><HR>
<BR><P>#&#060CALLGRAPH&#062# ARM Linker, 6160001: Last Updated: Fri Feb 11 22:50:09 2022
<BR><P>
<H3>Maximum Stack Usage =        120 bytes + Unknown(Cycles, Untraceable Function Pointers)</H3><H3>
Call chain for Maximum Stack Depth:</H3>
main &rArr; systick_config &rArr; SysTick_Config &rArr; __NVIC_SetPriority
<P>
<H3>
Mutually Recursive functions
</H3> <LI><a href="#[18]">ADC_IRQHandler</a>&nbsp;&nbsp;&nbsp;&rArr;&nbsp;&nbsp;&nbsp;<a href="#[18]">ADC_IRQHandler</a><BR>
</UL>
<P>
<H3>
Function Pointers
</H3><UL>
 <LI><a href="#[18]">ADC_IRQHandler</a> from startup_gd32l23x.o(.text) referenced from startup_gd32l23x.o(RESET)
 <LI><a href="#[39]">CAU_IRQHandler</a> from startup_gd32l23x.o(.text) referenced from startup_gd32l23x.o(RESET)
 <LI><a href="#[33]">CMP0_IRQHandler</a> from startup_gd32l23x.o(.text) referenced from startup_gd32l23x.o(RESET)
 <LI><a href="#[34]">CMP1_IRQHandler</a> from startup_gd32l23x.o(.text) referenced from startup_gd32l23x.o(RESET)
 <LI><a href="#[2b]">DAC_IRQHandler</a> from startup_gd32l23x.o(.text) referenced from startup_gd32l23x.o(RESET)
 <LI><a href="#[32]">DMAMUX_IRQHandler</a> from startup_gd32l23x.o(.text) referenced from startup_gd32l23x.o(RESET)
 <LI><a href="#[11]">DMA_Channel0_IRQHandler</a> from startup_gd32l23x.o(.text) referenced from startup_gd32l23x.o(RESET)
 <LI><a href="#[12]">DMA_Channel1_IRQHandler</a> from startup_gd32l23x.o(.text) referenced from startup_gd32l23x.o(RESET)
 <LI><a href="#[13]">DMA_Channel2_IRQHandler</a> from startup_gd32l23x.o(.text) referenced from startup_gd32l23x.o(RESET)
 <LI><a href="#[14]">DMA_Channel3_IRQHandler</a> from startup_gd32l23x.o(.text) referenced from startup_gd32l23x.o(RESET)
 <LI><a href="#[15]">DMA_Channel4_IRQHandler</a> from startup_gd32l23x.o(.text) referenced from startup_gd32l23x.o(RESET)
 <LI><a href="#[16]">DMA_Channel5_IRQHandler</a> from startup_gd32l23x.o(.text) referenced from startup_gd32l23x.o(RESET)
 <LI><a href="#[17]">DMA_Channel6_IRQHandler</a> from startup_gd32l23x.o(.text) referenced from startup_gd32l23x.o(RESET)
 <LI><a href="#[c]">EXTI0_IRQHandler</a> from startup_gd32l23x.o(.text) referenced from startup_gd32l23x.o(RESET)
 <LI><a href="#[31]">EXTI10_15_IRQHandler</a> from startup_gd32l23x.o(.text) referenced from startup_gd32l23x.o(RESET)
 <LI><a href="#[d]">EXTI1_IRQHandler</a> from startup_gd32l23x.o(.text) referenced from startup_gd32l23x.o(RESET)
 <LI><a href="#[e]">EXTI2_IRQHandler</a> from startup_gd32l23x.o(.text) referenced from startup_gd32l23x.o(RESET)
 <LI><a href="#[f]">EXTI3_IRQHandler</a> from startup_gd32l23x.o(.text) referenced from startup_gd32l23x.o(RESET)
 <LI><a href="#[10]">EXTI4_IRQHandler</a> from startup_gd32l23x.o(.text) referenced from startup_gd32l23x.o(RESET)
 <LI><a href="#[30]">EXTI5_9_IRQHandler</a> from startup_gd32l23x.o(.text) referenced from startup_gd32l23x.o(RESET)
 <LI><a href="#[a]">FMC_IRQHandler</a> from startup_gd32l23x.o(.text) referenced from startup_gd32l23x.o(RESET)
 <LI><a href="#[2]">HardFault_Handler</a> from gd32l23x_it.o(.text.HardFault_Handler) referenced from startup_gd32l23x.o(RESET)
 <LI><a href="#[26]">I2C0_ER_IRQHandler</a> from startup_gd32l23x.o(.text) referenced from startup_gd32l23x.o(RESET)
 <LI><a href="#[25]">I2C0_EV_IRQHandler</a> from startup_gd32l23x.o(.text) referenced from startup_gd32l23x.o(RESET)
 <LI><a href="#[35]">I2C0_WKUP_IRQHandler</a> from startup_gd32l23x.o(.text) referenced from startup_gd32l23x.o(RESET)
 <LI><a href="#[28]">I2C1_ER_IRQHandler</a> from startup_gd32l23x.o(.text) referenced from startup_gd32l23x.o(RESET)
 <LI><a href="#[27]">I2C1_EV_IRQHandler</a> from startup_gd32l23x.o(.text) referenced from startup_gd32l23x.o(RESET)
 <LI><a href="#[3d]">I2C1_WKUP_IRQHandler</a> from startup_gd32l23x.o(.text) referenced from startup_gd32l23x.o(RESET)
 <LI><a href="#[2d]">I2C2_ER_IRQHandler</a> from startup_gd32l23x.o(.text) referenced from startup_gd32l23x.o(RESET)
 <LI><a href="#[2c]">I2C2_EV_IRQHandler</a> from startup_gd32l23x.o(.text) referenced from startup_gd32l23x.o(RESET)
 <LI><a href="#[36]">I2C2_WKUP_IRQHandler</a> from startup_gd32l23x.o(.text) referenced from startup_gd32l23x.o(RESET)
 <LI><a href="#[3f]">LPTIMER_IRQHandler</a> from startup_gd32l23x.o(.text) referenced from startup_gd32l23x.o(RESET)
 <LI><a href="#[38]">LPUART_IRQHandler</a> from startup_gd32l23x.o(.text) referenced from startup_gd32l23x.o(RESET)
 <LI><a href="#[3e]">LPUART_WKUP_IRQHandler</a> from startup_gd32l23x.o(.text) referenced from startup_gd32l23x.o(RESET)
 <LI><a href="#[7]">LVD_IRQHandler</a> from startup_gd32l23x.o(.text) referenced from startup_gd32l23x.o(RESET)
 <LI><a href="#[1]">NMI_Handler</a> from gd32l23x_it.o(.text.NMI_Handler) referenced from startup_gd32l23x.o(RESET)
 <LI><a href="#[4]">PendSV_Handler</a> from gd32l23x_it.o(.text.PendSV_Handler) referenced from startup_gd32l23x.o(RESET)
 <LI><a href="#[b]">RCU_CTC_IRQHandler</a> from startup_gd32l23x.o(.text) referenced from startup_gd32l23x.o(RESET)
 <LI><a href="#[2e]">RTC_Alarm_IRQHandler</a> from startup_gd32l23x.o(.text) referenced from startup_gd32l23x.o(RESET)
 <LI><a href="#[9]">RTC_WKUP_IRQHandler</a> from startup_gd32l23x.o(.text) referenced from startup_gd32l23x.o(RESET)
 <LI><a href="#[0]">Reset_Handler</a> from startup_gd32l23x.o(.text) referenced from startup_gd32l23x.o(RESET)
 <LI><a href="#[3b]">SLCD_IRQHandler</a> from startup_gd32l23x.o(.text) referenced from startup_gd32l23x.o(RESET)
 <LI><a href="#[29]">SPI0_IRQHandler</a> from startup_gd32l23x.o(.text) referenced from startup_gd32l23x.o(RESET)
 <LI><a href="#[2a]">SPI1_IRQHandler</a> from startup_gd32l23x.o(.text) referenced from startup_gd32l23x.o(RESET)
 <LI><a href="#[3]">SVC_Handler</a> from gd32l23x_it.o(.text.SVC_Handler) referenced from startup_gd32l23x.o(RESET)
 <LI><a href="#[5]">SysTick_Handler</a> from gd32l23x_it.o(.text.SysTick_Handler) referenced from startup_gd32l23x.o(RESET)
 <LI><a href="#[41]">SystemInit</a> from system_gd32l23x.o(.text.SystemInit) referenced from startup_gd32l23x.o(.text)
 <LI><a href="#[8]">TAMPER_STAMP_IRQHandler</a> from startup_gd32l23x.o(.text) referenced from startup_gd32l23x.o(RESET)
 <LI><a href="#[1e]">TIMER11_IRQHandler</a> from startup_gd32l23x.o(.text) referenced from startup_gd32l23x.o(RESET)
 <LI><a href="#[1b]">TIMER1_IRQHandler</a> from startup_gd32l23x.o(.text) referenced from startup_gd32l23x.o(RESET)
 <LI><a href="#[1c]">TIMER2_IRQHandler</a> from startup_gd32l23x.o(.text) referenced from startup_gd32l23x.o(RESET)
 <LI><a href="#[1f]">TIMER5_IRQHandler</a> from startup_gd32l23x.o(.text) referenced from startup_gd32l23x.o(RESET)
 <LI><a href="#[20]">TIMER6_IRQHandler</a> from startup_gd32l23x.o(.text) referenced from startup_gd32l23x.o(RESET)
 <LI><a href="#[1d]">TIMER8_IRQHandler</a> from startup_gd32l23x.o(.text) referenced from startup_gd32l23x.o(RESET)
 <LI><a href="#[3a]">TRNG_IRQHandler</a> from startup_gd32l23x.o(.text) referenced from startup_gd32l23x.o(RESET)
 <LI><a href="#[23]">UART3_IRQHandler</a> from startup_gd32l23x.o(.text) referenced from startup_gd32l23x.o(RESET)
 <LI><a href="#[24]">UART4_IRQHandler</a> from startup_gd32l23x.o(.text) referenced from startup_gd32l23x.o(RESET)
 <LI><a href="#[21]">USART0_IRQHandler</a> from startup_gd32l23x.o(.text) referenced from startup_gd32l23x.o(RESET)
 <LI><a href="#[37]">USART0_WKUP_IRQHandler</a> from startup_gd32l23x.o(.text) referenced from startup_gd32l23x.o(RESET)
 <LI><a href="#[22]">USART1_IRQHandler</a> from startup_gd32l23x.o(.text) referenced from startup_gd32l23x.o(RESET)
 <LI><a href="#[3c]">USART1_WKUP_IRQHandler</a> from startup_gd32l23x.o(.text) referenced from startup_gd32l23x.o(RESET)
 <LI><a href="#[19]">USBD_HP_IRQHandler</a> from startup_gd32l23x.o(.text) referenced from startup_gd32l23x.o(RESET)
 <LI><a href="#[1a]">USBD_LP_IRQHandler</a> from startup_gd32l23x.o(.text) referenced from startup_gd32l23x.o(RESET)
 <LI><a href="#[2f]">USBD_WKUP_IRQHandler</a> from startup_gd32l23x.o(.text) referenced from startup_gd32l23x.o(RESET)
 <LI><a href="#[6]">WWDGT_IRQHandler</a> from startup_gd32l23x.o(.text) referenced from startup_gd32l23x.o(RESET)
 <LI><a href="#[42]">__main</a> from entry.o(.ARM.Collect$$$$00000000) referenced from startup_gd32l23x.o(.text)
 <LI><a href="#[40]">main</a> from main.o(.text.main) referenced from entry9a.o(.ARM.Collect$$$$0000000B)
</UL>
<P>
<H3>
Global Symbols
</H3>
<P><STRONG><a name="[42]"></a>__main</STRONG> (Thumb, 0 bytes, Stack size unknown bytes, entry.o(.ARM.Collect$$$$00000000))
<BR>[Address Reference Count : 1]<UL><LI> startup_gd32l23x.o(.text)
</UL>
<P><STRONG><a name="[53]"></a>_main_stk</STRONG> (Thumb, 0 bytes, Stack size unknown bytes, entry2.o(.ARM.Collect$$$$00000001))

<P><STRONG><a name="[43]"></a>_main_scatterload</STRONG> (Thumb, 0 bytes, Stack size unknown bytes, entry5.o(.ARM.Collect$$$$00000004))
<BR><BR>[Calls]<UL><LI><a href="#[44]">&gt;&gt;</a>&nbsp;&nbsp;&nbsp;__scatterload
</UL>

<P><STRONG><a name="[45]"></a>__main_after_scatterload</STRONG> (Thumb, 0 bytes, Stack size unknown bytes, entry5.o(.ARM.Collect$$$$00000004))
<BR><BR>[Called By]<UL><LI><a href="#[44]">&gt;&gt;</a>&nbsp;&nbsp;&nbsp;__scatterload
</UL>

<P><STRONG><a name="[54]"></a>_main_clock</STRONG> (Thumb, 0 bytes, Stack size unknown bytes, entry7b.o(.ARM.Collect$$$$00000008))

<P><STRONG><a name="[55]"></a>_main_cpp_init</STRONG> (Thumb, 0 bytes, Stack size unknown bytes, entry8b.o(.ARM.Collect$$$$0000000A))

<P><STRONG><a name="[56]"></a>_main_init</STRONG> (Thumb, 0 bytes, Stack size unknown bytes, entry9a.o(.ARM.Collect$$$$0000000B))

<P><STRONG><a name="[57]"></a>__rt_final_cpp</STRONG> (Thumb, 0 bytes, Stack size unknown bytes, entry10a.o(.ARM.Collect$$$$0000000D))

<P><STRONG><a name="[58]"></a>__rt_final_exit</STRONG> (Thumb, 0 bytes, Stack size unknown bytes, entry11a.o(.ARM.Collect$$$$0000000F))

<P><STRONG><a name="[0]"></a>Reset_Handler</STRONG> (Thumb, 8 bytes, Stack size 0 bytes, startup_gd32l23x.o(.text))
<BR>[Address Reference Count : 1]<UL><LI> startup_gd32l23x.o(RESET)
</UL>
<P><STRONG><a name="[18]"></a>ADC_IRQHandler</STRONG> (Thumb, 0 bytes, Stack size 0 bytes, startup_gd32l23x.o(.text))
<BR><BR>[Calls]<UL><LI><a href="#[18]">&gt;&gt;</a>&nbsp;&nbsp;&nbsp;ADC_IRQHandler
</UL>
<BR>[Called By]<UL><LI><a href="#[18]">&gt;&gt;</a>&nbsp;&nbsp;&nbsp;ADC_IRQHandler
</UL>
<BR>[Address Reference Count : 1]<UL><LI> startup_gd32l23x.o(RESET)
</UL>
<P><STRONG><a name="[39]"></a>CAU_IRQHandler</STRONG> (Thumb, 0 bytes, Stack size 0 bytes, startup_gd32l23x.o(.text))
<BR>[Address Reference Count : 1]<UL><LI> startup_gd32l23x.o(RESET)
</UL>
<P><STRONG><a name="[33]"></a>CMP0_IRQHandler</STRONG> (Thumb, 0 bytes, Stack size 0 bytes, startup_gd32l23x.o(.text))
<BR>[Address Reference Count : 1]<UL><LI> startup_gd32l23x.o(RESET)
</UL>
<P><STRONG><a name="[34]"></a>CMP1_IRQHandler</STRONG> (Thumb, 0 bytes, Stack size 0 bytes, startup_gd32l23x.o(.text))
<BR>[Address Reference Count : 1]<UL><LI> startup_gd32l23x.o(RESET)
</UL>
<P><STRONG><a name="[2b]"></a>DAC_IRQHandler</STRONG> (Thumb, 0 bytes, Stack size 0 bytes, startup_gd32l23x.o(.text))
<BR>[Address Reference Count : 1]<UL><LI> startup_gd32l23x.o(RESET)
</UL>
<P><STRONG><a name="[32]"></a>DMAMUX_IRQHandler</STRONG> (Thumb, 0 bytes, Stack size 0 bytes, startup_gd32l23x.o(.text))
<BR>[Address Reference Count : 1]<UL><LI> startup_gd32l23x.o(RESET)
</UL>
<P><STRONG><a name="[11]"></a>DMA_Channel0_IRQHandler</STRONG> (Thumb, 0 bytes, Stack size 0 bytes, startup_gd32l23x.o(.text))
<BR>[Address Reference Count : 1]<UL><LI> startup_gd32l23x.o(RESET)
</UL>
<P><STRONG><a name="[12]"></a>DMA_Channel1_IRQHandler</STRONG> (Thumb, 0 bytes, Stack size 0 bytes, startup_gd32l23x.o(.text))
<BR>[Address Reference Count : 1]<UL><LI> startup_gd32l23x.o(RESET)
</UL>
<P><STRONG><a name="[13]"></a>DMA_Channel2_IRQHandler</STRONG> (Thumb, 0 bytes, Stack size 0 bytes, startup_gd32l23x.o(.text))
<BR>[Address Reference Count : 1]<UL><LI> startup_gd32l23x.o(RESET)
</UL>
<P><STRONG><a name="[14]"></a>DMA_Channel3_IRQHandler</STRONG> (Thumb, 0 bytes, Stack size 0 bytes, startup_gd32l23x.o(.text))
<BR>[Address Reference Count : 1]<UL><LI> startup_gd32l23x.o(RESET)
</UL>
<P><STRONG><a name="[15]"></a>DMA_Channel4_IRQHandler</STRONG> (Thumb, 0 bytes, Stack size 0 bytes, startup_gd32l23x.o(.text))
<BR>[Address Reference Count : 1]<UL><LI> startup_gd32l23x.o(RESET)
</UL>
<P><STRONG><a name="[16]"></a>DMA_Channel5_IRQHandler</STRONG> (Thumb, 0 bytes, Stack size 0 bytes, startup_gd32l23x.o(.text))
<BR>[Address Reference Count : 1]<UL><LI> startup_gd32l23x.o(RESET)
</UL>
<P><STRONG><a name="[17]"></a>DMA_Channel6_IRQHandler</STRONG> (Thumb, 0 bytes, Stack size 0 bytes, startup_gd32l23x.o(.text))
<BR>[Address Reference Count : 1]<UL><LI> startup_gd32l23x.o(RESET)
</UL>
<P><STRONG><a name="[c]"></a>EXTI0_IRQHandler</STRONG> (Thumb, 0 bytes, Stack size 0 bytes, startup_gd32l23x.o(.text))
<BR>[Address Reference Count : 1]<UL><LI> startup_gd32l23x.o(RESET)
</UL>
<P><STRONG><a name="[31]"></a>EXTI10_15_IRQHandler</STRONG> (Thumb, 0 bytes, Stack size 0 bytes, startup_gd32l23x.o(.text))
<BR>[Address Reference Count : 1]<UL><LI> startup_gd32l23x.o(RESET)
</UL>
<P><STRONG><a name="[d]"></a>EXTI1_IRQHandler</STRONG> (Thumb, 0 bytes, Stack size 0 bytes, startup_gd32l23x.o(.text))
<BR>[Address Reference Count : 1]<UL><LI> startup_gd32l23x.o(RESET)
</UL>
<P><STRONG><a name="[e]"></a>EXTI2_IRQHandler</STRONG> (Thumb, 0 bytes, Stack size 0 bytes, startup_gd32l23x.o(.text))
<BR>[Address Reference Count : 1]<UL><LI> startup_gd32l23x.o(RESET)
</UL>
<P><STRONG><a name="[f]"></a>EXTI3_IRQHandler</STRONG> (Thumb, 0 bytes, Stack size 0 bytes, startup_gd32l23x.o(.text))
<BR>[Address Reference Count : 1]<UL><LI> startup_gd32l23x.o(RESET)
</UL>
<P><STRONG><a name="[10]"></a>EXTI4_IRQHandler</STRONG> (Thumb, 0 bytes, Stack size 0 bytes, startup_gd32l23x.o(.text))
<BR>[Address Reference Count : 1]<UL><LI> startup_gd32l23x.o(RESET)
</UL>
<P><STRONG><a name="[30]"></a>EXTI5_9_IRQHandler</STRONG> (Thumb, 0 bytes, Stack size 0 bytes, startup_gd32l23x.o(.text))
<BR>[Address Reference Count : 1]<UL><LI> startup_gd32l23x.o(RESET)
</UL>
<P><STRONG><a name="[a]"></a>FMC_IRQHandler</STRONG> (Thumb, 0 bytes, Stack size 0 bytes, startup_gd32l23x.o(.text))
<BR>[Address Reference Count : 1]<UL><LI> startup_gd32l23x.o(RESET)
</UL>
<P><STRONG><a name="[26]"></a>I2C0_ER_IRQHandler</STRONG> (Thumb, 0 bytes, Stack size 0 bytes, startup_gd32l23x.o(.text))
<BR>[Address Reference Count : 1]<UL><LI> startup_gd32l23x.o(RESET)
</UL>
<P><STRONG><a name="[25]"></a>I2C0_EV_IRQHandler</STRONG> (Thumb, 0 bytes, Stack size 0 bytes, startup_gd32l23x.o(.text))
<BR>[Address Reference Count : 1]<UL><LI> startup_gd32l23x.o(RESET)
</UL>
<P><STRONG><a name="[35]"></a>I2C0_WKUP_IRQHandler</STRONG> (Thumb, 0 bytes, Stack size 0 bytes, startup_gd32l23x.o(.text))
<BR>[Address Reference Count : 1]<UL><LI> startup_gd32l23x.o(RESET)
</UL>
<P><STRONG><a name="[28]"></a>I2C1_ER_IRQHandler</STRONG> (Thumb, 0 bytes, Stack size 0 bytes, startup_gd32l23x.o(.text))
<BR>[Address Reference Count : 1]<UL><LI> startup_gd32l23x.o(RESET)
</UL>
<P><STRONG><a name="[27]"></a>I2C1_EV_IRQHandler</STRONG> (Thumb, 0 bytes, Stack size 0 bytes, startup_gd32l23x.o(.text))
<BR>[Address Reference Count : 1]<UL><LI> startup_gd32l23x.o(RESET)
</UL>
<P><STRONG><a name="[3d]"></a>I2C1_WKUP_IRQHandler</STRONG> (Thumb, 0 bytes, Stack size 0 bytes, startup_gd32l23x.o(.text))
<BR>[Address Reference Count : 1]<UL><LI> startup_gd32l23x.o(RESET)
</UL>
<P><STRONG><a name="[2d]"></a>I2C2_ER_IRQHandler</STRONG> (Thumb, 0 bytes, Stack size 0 bytes, startup_gd32l23x.o(.text))
<BR>[Address Reference Count : 1]<UL><LI> startup_gd32l23x.o(RESET)
</UL>
<P><STRONG><a name="[2c]"></a>I2C2_EV_IRQHandler</STRONG> (Thumb, 0 bytes, Stack size 0 bytes, startup_gd32l23x.o(.text))
<BR>[Address Reference Count : 1]<UL><LI> startup_gd32l23x.o(RESET)
</UL>
<P><STRONG><a name="[36]"></a>I2C2_WKUP_IRQHandler</STRONG> (Thumb, 0 bytes, Stack size 0 bytes, startup_gd32l23x.o(.text))
<BR>[Address Reference Count : 1]<UL><LI> startup_gd32l23x.o(RESET)
</UL>
<P><STRONG><a name="[3f]"></a>LPTIMER_IRQHandler</STRONG> (Thumb, 0 bytes, Stack size 0 bytes, startup_gd32l23x.o(.text))
<BR>[Address Reference Count : 1]<UL><LI> startup_gd32l23x.o(RESET)
</UL>
<P><STRONG><a name="[38]"></a>LPUART_IRQHandler</STRONG> (Thumb, 0 bytes, Stack size 0 bytes, startup_gd32l23x.o(.text))
<BR>[Address Reference Count : 1]<UL><LI> startup_gd32l23x.o(RESET)
</UL>
<P><STRONG><a name="[3e]"></a>LPUART_WKUP_IRQHandler</STRONG> (Thumb, 0 bytes, Stack size 0 bytes, startup_gd32l23x.o(.text))
<BR>[Address Reference Count : 1]<UL><LI> startup_gd32l23x.o(RESET)
</UL>
<P><STRONG><a name="[7]"></a>LVD_IRQHandler</STRONG> (Thumb, 0 bytes, Stack size 0 bytes, startup_gd32l23x.o(.text))
<BR>[Address Reference Count : 1]<UL><LI> startup_gd32l23x.o(RESET)
</UL>
<P><STRONG><a name="[b]"></a>RCU_CTC_IRQHandler</STRONG> (Thumb, 0 bytes, Stack size 0 bytes, startup_gd32l23x.o(.text))
<BR>[Address Reference Count : 1]<UL><LI> startup_gd32l23x.o(RESET)
</UL>
<P><STRONG><a name="[2e]"></a>RTC_Alarm_IRQHandler</STRONG> (Thumb, 0 bytes, Stack size 0 bytes, startup_gd32l23x.o(.text))
<BR>[Address Reference Count : 1]<UL><LI> startup_gd32l23x.o(RESET)
</UL>
<P><STRONG><a name="[9]"></a>RTC_WKUP_IRQHandler</STRONG> (Thumb, 0 bytes, Stack size 0 bytes, startup_gd32l23x.o(.text))
<BR>[Address Reference Count : 1]<UL><LI> startup_gd32l23x.o(RESET)
</UL>
<P><STRONG><a name="[3b]"></a>SLCD_IRQHandler</STRONG> (Thumb, 0 bytes, Stack size 0 bytes, startup_gd32l23x.o(.text))
<BR>[Address Reference Count : 1]<UL><LI> startup_gd32l23x.o(RESET)
</UL>
<P><STRONG><a name="[29]"></a>SPI0_IRQHandler</STRONG> (Thumb, 0 bytes, Stack size 0 bytes, startup_gd32l23x.o(.text))
<BR>[Address Reference Count : 1]<UL><LI> startup_gd32l23x.o(RESET)
</UL>
<P><STRONG><a name="[2a]"></a>SPI1_IRQHandler</STRONG> (Thumb, 0 bytes, Stack size 0 bytes, startup_gd32l23x.o(.text))
<BR>[Address Reference Count : 1]<UL><LI> startup_gd32l23x.o(RESET)
</UL>
<P><STRONG><a name="[8]"></a>TAMPER_STAMP_IRQHandler</STRONG> (Thumb, 0 bytes, Stack size 0 bytes, startup_gd32l23x.o(.text))
<BR>[Address Reference Count : 1]<UL><LI> startup_gd32l23x.o(RESET)
</UL>
<P><STRONG><a name="[1e]"></a>TIMER11_IRQHandler</STRONG> (Thumb, 0 bytes, Stack size 0 bytes, startup_gd32l23x.o(.text))
<BR>[Address Reference Count : 1]<UL><LI> startup_gd32l23x.o(RESET)
</UL>
<P><STRONG><a name="[1b]"></a>TIMER1_IRQHandler</STRONG> (Thumb, 0 bytes, Stack size 0 bytes, startup_gd32l23x.o(.text))
<BR>[Address Reference Count : 1]<UL><LI> startup_gd32l23x.o(RESET)
</UL>
<P><STRONG><a name="[1c]"></a>TIMER2_IRQHandler</STRONG> (Thumb, 0 bytes, Stack size 0 bytes, startup_gd32l23x.o(.text))
<BR>[Address Reference Count : 1]<UL><LI> startup_gd32l23x.o(RESET)
</UL>
<P><STRONG><a name="[1f]"></a>TIMER5_IRQHandler</STRONG> (Thumb, 0 bytes, Stack size 0 bytes, startup_gd32l23x.o(.text))
<BR>[Address Reference Count : 1]<UL><LI> startup_gd32l23x.o(RESET)
</UL>
<P><STRONG><a name="[20]"></a>TIMER6_IRQHandler</STRONG> (Thumb, 0 bytes, Stack size 0 bytes, startup_gd32l23x.o(.text))
<BR>[Address Reference Count : 1]<UL><LI> startup_gd32l23x.o(RESET)
</UL>
<P><STRONG><a name="[1d]"></a>TIMER8_IRQHandler</STRONG> (Thumb, 0 bytes, Stack size 0 bytes, startup_gd32l23x.o(.text))
<BR>[Address Reference Count : 1]<UL><LI> startup_gd32l23x.o(RESET)
</UL>
<P><STRONG><a name="[3a]"></a>TRNG_IRQHandler</STRONG> (Thumb, 0 bytes, Stack size 0 bytes, startup_gd32l23x.o(.text))
<BR>[Address Reference Count : 1]<UL><LI> startup_gd32l23x.o(RESET)
</UL>
<P><STRONG><a name="[23]"></a>UART3_IRQHandler</STRONG> (Thumb, 0 bytes, Stack size 0 bytes, startup_gd32l23x.o(.text))
<BR>[Address Reference Count : 1]<UL><LI> startup_gd32l23x.o(RESET)
</UL>
<P><STRONG><a name="[24]"></a>UART4_IRQHandler</STRONG> (Thumb, 0 bytes, Stack size 0 bytes, startup_gd32l23x.o(.text))
<BR>[Address Reference Count : 1]<UL><LI> startup_gd32l23x.o(RESET)
</UL>
<P><STRONG><a name="[21]"></a>USART0_IRQHandler</STRONG> (Thumb, 0 bytes, Stack size 0 bytes, startup_gd32l23x.o(.text))
<BR>[Address Reference Count : 1]<UL><LI> startup_gd32l23x.o(RESET)
</UL>
<P><STRONG><a name="[37]"></a>USART0_WKUP_IRQHandler</STRONG> (Thumb, 0 bytes, Stack size 0 bytes, startup_gd32l23x.o(.text))
<BR>[Address Reference Count : 1]<UL><LI> startup_gd32l23x.o(RESET)
</UL>
<P><STRONG><a name="[22]"></a>USART1_IRQHandler</STRONG> (Thumb, 0 bytes, Stack size 0 bytes, startup_gd32l23x.o(.text))
<BR>[Address Reference Count : 1]<UL><LI> startup_gd32l23x.o(RESET)
</UL>
<P><STRONG><a name="[3c]"></a>USART1_WKUP_IRQHandler</STRONG> (Thumb, 0 bytes, Stack size 0 bytes, startup_gd32l23x.o(.text))
<BR>[Address Reference Count : 1]<UL><LI> startup_gd32l23x.o(RESET)
</UL>
<P><STRONG><a name="[19]"></a>USBD_HP_IRQHandler</STRONG> (Thumb, 0 bytes, Stack size 0 bytes, startup_gd32l23x.o(.text))
<BR>[Address Reference Count : 1]<UL><LI> startup_gd32l23x.o(RESET)
</UL>
<P><STRONG><a name="[1a]"></a>USBD_LP_IRQHandler</STRONG> (Thumb, 0 bytes, Stack size 0 bytes, startup_gd32l23x.o(.text))
<BR>[Address Reference Count : 1]<UL><LI> startup_gd32l23x.o(RESET)
</UL>
<P><STRONG><a name="[2f]"></a>USBD_WKUP_IRQHandler</STRONG> (Thumb, 0 bytes, Stack size 0 bytes, startup_gd32l23x.o(.text))
<BR>[Address Reference Count : 1]<UL><LI> startup_gd32l23x.o(RESET)
</UL>
<P><STRONG><a name="[6]"></a>WWDGT_IRQHandler</STRONG> (Thumb, 0 bytes, Stack size 0 bytes, startup_gd32l23x.o(.text))
<BR>[Address Reference Count : 1]<UL><LI> startup_gd32l23x.o(RESET)
</UL>
<P><STRONG><a name="[44]"></a>__scatterload</STRONG> (Thumb, 28 bytes, Stack size 0 bytes, init.o(.text))
<BR><BR>[Calls]<UL><LI><a href="#[45]">&gt;&gt;</a>&nbsp;&nbsp;&nbsp;__main_after_scatterload
</UL>
<BR>[Called By]<UL><LI><a href="#[43]">&gt;&gt;</a>&nbsp;&nbsp;&nbsp;_main_scatterload
</UL>

<P><STRONG><a name="[59]"></a>__scatterload_rt2</STRONG> (Thumb, 0 bytes, Stack size 0 bytes, init.o(.text), UNUSED)

<P><STRONG><a name="[2]"></a>HardFault_Handler</STRONG> (Thumb, 4 bytes, Stack size 0 bytes, gd32l23x_it.o(.text.HardFault_Handler))
<BR>[Address Reference Count : 1]<UL><LI> startup_gd32l23x.o(RESET)
</UL>
<P><STRONG><a name="[1]"></a>NMI_Handler</STRONG> (Thumb, 2 bytes, Stack size 0 bytes, gd32l23x_it.o(.text.NMI_Handler))
<BR>[Address Reference Count : 1]<UL><LI> startup_gd32l23x.o(RESET)
</UL>
<P><STRONG><a name="[4]"></a>PendSV_Handler</STRONG> (Thumb, 2 bytes, Stack size 0 bytes, gd32l23x_it.o(.text.PendSV_Handler))
<BR>[Address Reference Count : 1]<UL><LI> startup_gd32l23x.o(RESET)
</UL>
<P><STRONG><a name="[3]"></a>SVC_Handler</STRONG> (Thumb, 2 bytes, Stack size 0 bytes, gd32l23x_it.o(.text.SVC_Handler))
<BR>[Address Reference Count : 1]<UL><LI> startup_gd32l23x.o(RESET)
</UL>
<P><STRONG><a name="[5]"></a>SysTick_Handler</STRONG> (Thumb, 8 bytes, Stack size 8 bytes, gd32l23x_it.o(.text.SysTick_Handler))
<BR><BR>[Stack]<UL><LI>Max Depth = 8<LI>Call Chain = SysTick_Handler
</UL>
<BR>[Calls]<UL><LI><a href="#[48]">&gt;&gt;</a>&nbsp;&nbsp;&nbsp;delay_decrement
</UL>
<BR>[Address Reference Count : 1]<UL><LI> startup_gd32l23x.o(RESET)
</UL>
<P><STRONG><a name="[41]"></a>SystemInit</STRONG> (Thumb, 116 bytes, Stack size 16 bytes, system_gd32l23x.o(.text.SystemInit))
<BR><BR>[Stack]<UL><LI>Max Depth = 48<LI>Call Chain = SystemInit &rArr; system_clock_config &rArr; system_clock_64m_hxtal
</UL>
<BR>[Calls]<UL><LI><a href="#[4a]">&gt;&gt;</a>&nbsp;&nbsp;&nbsp;nvic_vector_table_set
<LI><a href="#[49]">&gt;&gt;</a>&nbsp;&nbsp;&nbsp;system_clock_config
</UL>
<BR>[Address Reference Count : 1]<UL><LI> startup_gd32l23x.o(.text)
</UL>
<P><STRONG><a name="[51]"></a>delay_1ms</STRONG> (Thumb, 28 bytes, Stack size 4 bytes, systick.o(.text.delay_1ms))
<BR><BR>[Stack]<UL><LI>Max Depth = 4<LI>Call Chain = delay_1ms
</UL>
<BR>[Called By]<UL><LI><a href="#[40]">&gt;&gt;</a>&nbsp;&nbsp;&nbsp;main
</UL>

<P><STRONG><a name="[48]"></a>delay_decrement</STRONG> (Thumb, 20 bytes, Stack size 0 bytes, systick.o(.text.delay_decrement))
<BR><BR>[Called By]<UL><LI><a href="#[5]">&gt;&gt;</a>&nbsp;&nbsp;&nbsp;SysTick_Handler
</UL>

<P><STRONG><a name="[4f]"></a>gpio_bit_reset</STRONG> (Thumb, 16 bytes, Stack size 8 bytes, gd32l23x_gpio.o(.text.gpio_bit_reset))
<BR><BR>[Stack]<UL><LI>Max Depth = 8<LI>Call Chain = gpio_bit_reset
</UL>
<BR>[Called By]<UL><LI><a href="#[40]">&gt;&gt;</a>&nbsp;&nbsp;&nbsp;main
</UL>

<P><STRONG><a name="[50]"></a>gpio_bit_set</STRONG> (Thumb, 16 bytes, Stack size 8 bytes, gd32l23x_gpio.o(.text.gpio_bit_set))
<BR><BR>[Stack]<UL><LI>Max Depth = 8<LI>Call Chain = gpio_bit_set
</UL>
<BR>[Called By]<UL><LI><a href="#[40]">&gt;&gt;</a>&nbsp;&nbsp;&nbsp;main
</UL>

<P><STRONG><a name="[4d]"></a>gpio_mode_set</STRONG> (Thumb, 142 bytes, Stack size 28 bytes, gd32l23x_gpio.o(.text.gpio_mode_set))
<BR><BR>[Stack]<UL><LI>Max Depth = 28<LI>Call Chain = gpio_mode_set
</UL>
<BR>[Called By]<UL><LI><a href="#[40]">&gt;&gt;</a>&nbsp;&nbsp;&nbsp;main
</UL>

<P><STRONG><a name="[4e]"></a>gpio_output_options_set</STRONG> (Thumb, 138 bytes, Stack size 32 bytes, gd32l23x_gpio.o(.text.gpio_output_options_set))
<BR><BR>[Stack]<UL><LI>Max Depth = 32<LI>Call Chain = gpio_output_options_set
</UL>
<BR>[Called By]<UL><LI><a href="#[40]">&gt;&gt;</a>&nbsp;&nbsp;&nbsp;main
</UL>

<P><STRONG><a name="[40]"></a>main</STRONG> (Thumb, 216 bytes, Stack size 64 bytes, main.o(.text.main))
<BR><BR>[Stack]<UL><LI>Max Depth = 120<LI>Call Chain = main &rArr; systick_config &rArr; SysTick_Config &rArr; __NVIC_SetPriority
</UL>
<BR>[Calls]<UL><LI><a href="#[4b]">&gt;&gt;</a>&nbsp;&nbsp;&nbsp;systick_config
<LI><a href="#[4c]">&gt;&gt;</a>&nbsp;&nbsp;&nbsp;rcu_periph_clock_enable
<LI><a href="#[4e]">&gt;&gt;</a>&nbsp;&nbsp;&nbsp;gpio_output_options_set
<LI><a href="#[4d]">&gt;&gt;</a>&nbsp;&nbsp;&nbsp;gpio_mode_set
<LI><a href="#[50]">&gt;&gt;</a>&nbsp;&nbsp;&nbsp;gpio_bit_set
<LI><a href="#[4f]">&gt;&gt;</a>&nbsp;&nbsp;&nbsp;gpio_bit_reset
<LI><a href="#[51]">&gt;&gt;</a>&nbsp;&nbsp;&nbsp;delay_1ms
</UL>
<BR>[Address Reference Count : 1]<UL><LI> entry9a.o(.ARM.Collect$$$$0000000B)
</UL>
<P><STRONG><a name="[4a]"></a>nvic_vector_table_set</STRONG> (Thumb, 24 bytes, Stack size 8 bytes, gd32l23x_misc.o(.text.nvic_vector_table_set))
<BR><BR>[Stack]<UL><LI>Max Depth = 8<LI>Call Chain = nvic_vector_table_set
</UL>
<BR>[Called By]<UL><LI><a href="#[41]">&gt;&gt;</a>&nbsp;&nbsp;&nbsp;SystemInit
</UL>

<P><STRONG><a name="[4c]"></a>rcu_periph_clock_enable</STRONG> (Thumb, 36 bytes, Stack size 4 bytes, gd32l23x_rcu.o(.text.rcu_periph_clock_enable))
<BR><BR>[Stack]<UL><LI>Max Depth = 4<LI>Call Chain = rcu_periph_clock_enable
</UL>
<BR>[Called By]<UL><LI><a href="#[40]">&gt;&gt;</a>&nbsp;&nbsp;&nbsp;main
</UL>

<P><STRONG><a name="[4b]"></a>systick_config</STRONG> (Thumb, 36 bytes, Stack size 8 bytes, systick.o(.text.systick_config))
<BR><BR>[Stack]<UL><LI>Max Depth = 56<LI>Call Chain = systick_config &rArr; SysTick_Config &rArr; __NVIC_SetPriority
</UL>
<BR>[Calls]<UL><LI><a href="#[47]">&gt;&gt;</a>&nbsp;&nbsp;&nbsp;__NVIC_SetPriority
<LI><a href="#[46]">&gt;&gt;</a>&nbsp;&nbsp;&nbsp;SysTick_Config
</UL>
<BR>[Called By]<UL><LI><a href="#[40]">&gt;&gt;</a>&nbsp;&nbsp;&nbsp;main
</UL>

<P><STRONG><a name="[5a]"></a>__scatterload_copy</STRONG> (Thumb, 14 bytes, Stack size unknown bytes, handlers.o(i.__scatterload_copy), UNUSED)

<P><STRONG><a name="[5b]"></a>__scatterload_null</STRONG> (Thumb, 2 bytes, Stack size unknown bytes, handlers.o(i.__scatterload_null), UNUSED)

<P><STRONG><a name="[5c]"></a>__scatterload_zeroinit</STRONG> (Thumb, 14 bytes, Stack size unknown bytes, handlers.o(i.__scatterload_zeroinit), UNUSED)
<P>
<H3>
Local Symbols
</H3>
<P><STRONG><a name="[46]"></a>SysTick_Config</STRONG> (Thumb, 64 bytes, Stack size 24 bytes, systick.o(.text.SysTick_Config))
<BR><BR>[Stack]<UL><LI>Max Depth = 48<LI>Call Chain = SysTick_Config &rArr; __NVIC_SetPriority
</UL>
<BR>[Calls]<UL><LI><a href="#[47]">&gt;&gt;</a>&nbsp;&nbsp;&nbsp;__NVIC_SetPriority
</UL>
<BR>[Called By]<UL><LI><a href="#[4b]">&gt;&gt;</a>&nbsp;&nbsp;&nbsp;systick_config
</UL>

<P><STRONG><a name="[47]"></a>__NVIC_SetPriority</STRONG> (Thumb, 128 bytes, Stack size 24 bytes, systick.o(.text.__NVIC_SetPriority))
<BR><BR>[Stack]<UL><LI>Max Depth = 24<LI>Call Chain = __NVIC_SetPriority
</UL>
<BR>[Called By]<UL><LI><a href="#[46]">&gt;&gt;</a>&nbsp;&nbsp;&nbsp;SysTick_Config
<LI><a href="#[4b]">&gt;&gt;</a>&nbsp;&nbsp;&nbsp;systick_config
</UL>

<P><STRONG><a name="[52]"></a>system_clock_64m_hxtal</STRONG> (Thumb, 224 bytes, Stack size 24 bytes, system_gd32l23x.o(.text.system_clock_64m_hxtal))
<BR><BR>[Stack]<UL><LI>Max Depth = 24<LI>Call Chain = system_clock_64m_hxtal
</UL>
<BR>[Called By]<UL><LI><a href="#[49]">&gt;&gt;</a>&nbsp;&nbsp;&nbsp;system_clock_config
</UL>

<P><STRONG><a name="[49]"></a>system_clock_config</STRONG> (Thumb, 8 bytes, Stack size 8 bytes, system_gd32l23x.o(.text.system_clock_config))
<BR><BR>[Stack]<UL><LI>Max Depth = 32<LI>Call Chain = system_clock_config &rArr; system_clock_64m_hxtal
</UL>
<BR>[Calls]<UL><LI><a href="#[52]">&gt;&gt;</a>&nbsp;&nbsp;&nbsp;system_clock_64m_hxtal
</UL>
<BR>[Called By]<UL><LI><a href="#[41]">&gt;&gt;</a>&nbsp;&nbsp;&nbsp;SystemInit
</UL>
<P>
<H3>
Undefined Global Symbols
</H3><HR></body></html>
