<html>
<body>
<pre>
<h1>�Vision Build Log</h1>
<h2>Tool Versions:</h2>
IDE-Version: ��Vision V5.36.0.0
Copyright (C) 2021 ARM Ltd and ARM Germany GmbH. All rights reserved.
License Information: chou Chou_Robin@hotmail.com, 11, LIC=21E4T-RNL62-GK3BG-V167N-FF88P-N9IZV
 
Tool Versions:
Toolchain:       MDK-ARM Plus  Version: 5.36.0.0
Toolchain Path:  C:\Keil_v5\ARM\ARMCLANG\Bin
C Compiler:      ArmClang.exe V6.16
Assembler:       Armasm.exe V6.16
Linker/Locator:  ArmLink.exe V6.16
Library Manager: ArmAr.exe V6.16
Hex Converter:   FromElf.exe V6.16
CPU DLL:         
Dialog DLL:      
Target DLL:      CMSIS_AGDI_V8M.DLL V1.7.0.0
Dialog DLL:      TCM.DLL V1.53.0.0
 
<h2>Project:</h2>
C:\Users\Chou_\Desktop\GD32\GD32L23x_Demo_Suites_V1.1.0\GD32L233C_START_Demo_Suites\Projects\07_LCD\MDK-ARM\GD32L233C_START.uvprojx
Project File Date:  02/12/2022

<h2>Output:</h2>
*** Using Compiler 'V6.16', folder: 'C:\Keil_v5\ARM\ARMCLANG\Bin'
Rebuild target 'GD32L233C_START'
compiling gd32l23x_it.c...
compiling systick.c...
compiling main.c...
compiling 9235.c...
compiling rom_mario.c...
compiling JoyPad.c...
compiling 6502.C...
compiling nes_main.c...
compiling system_gd32l23x.c...
../PPU.c(532): warning: & has lower precedence than ==; == will be evaluated first [-Wparentheses]
        if((PPU_Reg.R1 & R1_SPR_LEFT8 == 0) && sprptr -> x < 8){                   //<BD><FB>ֹ<D7><F3>8<C1><D0><CF><F1><CB><D8><CF><D4>ʾ
                       ^~~~~~~~~~~~~~~~~~~
../PPU.c(532): note: place parentheses around the '==' expression to silence this warning
        if((PPU_Reg.R1 & R1_SPR_LEFT8 == 0) && sprptr -> x < 8){                   //<BD><FB>ֹ<D7><F3>8<C1><D0><CF><F1><CB><D8><CF><D4>ʾ
                       ^ ~~~~~~~~~~~~~~~~~
../PPU.c(532): note: place parentheses around the & expression to evaluate it first
        if((PPU_Reg.R1 & R1_SPR_LEFT8 == 0) && sprptr -> x < 8){                   //<BD><FB>ֹ<D7><F3>8<C1><D0><CF><F1><CB><D8><CF><D4>ʾ
            ~~~~~~~~~~~^~~~~~~~~~~~~~
1 warning generated.
compiling PPU.c...
compiling gd32l23x_adc.c...
compiling gd32l23x_cau_des.c...
compiling gd32l23x_cau.c...
compiling gd32l23x_cau_aes.c...
compiling gd32l23x_cau_tdes.c...
compiling gd32l23x_crc.c...
compiling gd32l23x_cmp.c...
compiling gd32l23x_ctc.c...
compiling gd32l23x_dac.c...
compiling gd32l23x_dbg.c...
compiling gd32l23x_exti.c...
compiling gd32l23x_fwdgt.c...
compiling gd32l23x_dma.c...
compiling gd32l23x_fmc.c...
compiling gd32l23x_gpio.c...
compiling gd32l23x_i2c.c...
compiling gd32l23x_lptimer.c...
compiling gd32l23x_misc.c...
compiling gd32l23x_pmu.c...
compiling gd32l23x_lpuart.c...
compiling gd32l23x_slcd.c...
compiling gd32l23x_rcu.c...
compiling gd32l23x_rtc.c...
compiling gd32l23x_syscfg.c...
compiling gd32l23x_spi.c...
compiling gd32l23x_vref.c...
compiling gd32l23x_trng.c...
compiling gd32l23x_timer.c...
compiling gd32l23x_wwdgt.c...
compiling gd32l23x_usart.c...
assembling startup_gd32l23x.s...
compiling gd32l233c_start.c...
linking...
Program Size: Code=16178 RO-data=44558 RW-data=8 ZI-data=6072  
FromELF: creating hex file...
".\Objects\Project.axf" - 0 Error(s), 1 Warning(s).

<h2>Software Packages used:</h2>

Package Vendor: ARM
                http://www.keil.com/pack/ARM.CMSIS.5.8.0.pack
                ARM.CMSIS.5.8.0
                CMSIS (Common Microcontroller Software Interface Standard)
   * Component: CORE Version: 5.5.0

Package Vendor: GigaDevice
                http://gd32mcu.21ic.com/data/documents/yingyongruanjian/GigaDevice.GD32L23x_DFP.0.0.0.pack
                GigaDevice.GD32L23x_DFP.0.0.0
                GigaDevice GD32L23x Series Device Support and Examples

<h2>Collection of Component include folders:</h2>
  .\RTE\_GD32L233C_START
  C:\Users\Chou_\AppData\Local\Arm\Packs\ARM\CMSIS\5.8.0\CMSIS\Core\Include

<h2>Collection of Component Files used:</h2>

   * Component: ARM::CMSIS:CORE:5.5.0
Build Time Elapsed:  00:00:03
</pre>
</body>
</html>
