Component: ARM Compiler 6.16 Tool: armlink [5dfeaa00]

==============================================================================

Section Cross References

    main.o(.text.main) refers to gd32l23x_usbd_hw.o(.text.rcu_config) for rcu_config
    main.o(.text.main) refers to custom_hid_core.o(.text.custom_hid_itfop_register) for custom_hid_itfop_register
    main.o(.text.main) refers to usbd_core.o(.text.usbd_init) for usbd_init
    main.o(.text.main) refers to gd32l23x_usbd_hw.o(.text.nvic_config) for nvic_config
    main.o(.text.main) refers to main.o(.text.usbd_connect) for usbd_connect
    main.o(.text.main) refers to main.o(.bss.usbd_custom_hid) for usbd_custom_hid
    main.o(.text.main) refers to custom_hid_itf.o(.data.fop_handler) for fop_handler
    main.o(.text.main) refers to custom_hid_core.o(.data.custom_hid_desc) for custom_hid_desc
    main.o(.text.main) refers to custom_hid_core.o(.data.custom_hid_class) for custom_hid_class
    main.o(.ARM.exidx.text.main) refers to main.o(.text.main) for [Anonymous Symbol]
    main.o(.ARM.exidx.text.usbd_connect) refers to main.o(.text.usbd_connect) for [Anonymous Symbol]
    gd32l23x_it.o(.ARM.exidx.text.NMI_Handler) refers to gd32l23x_it.o(.text.NMI_Handler) for [Anonymous Symbol]
    gd32l23x_it.o(.ARM.exidx.text.HardFault_Handler) refers to gd32l23x_it.o(.text.HardFault_Handler) for [Anonymous Symbol]
    gd32l23x_it.o(.ARM.exidx.text.SVC_Handler) refers to gd32l23x_it.o(.text.SVC_Handler) for [Anonymous Symbol]
    gd32l23x_it.o(.ARM.exidx.text.PendSV_Handler) refers to gd32l23x_it.o(.text.PendSV_Handler) for [Anonymous Symbol]
    gd32l23x_it.o(.text.USBD_LP_IRQHandler) refers to usbd_lld_int.o(.text.usbd_isr) for usbd_isr
    gd32l23x_it.o(.ARM.exidx.text.USBD_LP_IRQHandler) refers to gd32l23x_it.o(.text.USBD_LP_IRQHandler) for [Anonymous Symbol]
    gd32l23x_usbd_hw.o(.text.rcu_config) refers to gd32l23x_rcu.o(.text.rcu_usbd_clock_config) for rcu_usbd_clock_config
    gd32l23x_usbd_hw.o(.text.rcu_config) refers to gd32l23x_rcu.o(.text.rcu_periph_clock_enable) for rcu_periph_clock_enable
    gd32l23x_usbd_hw.o(.ARM.exidx.text.rcu_config) refers to gd32l23x_usbd_hw.o(.text.rcu_config) for [Anonymous Symbol]
    gd32l23x_usbd_hw.o(.ARM.exidx.text.gpio_config) refers to gd32l23x_usbd_hw.o(.text.gpio_config) for [Anonymous Symbol]
    gd32l23x_usbd_hw.o(.text.nvic_config) refers to gd32l23x_misc.o(.text.nvic_irq_enable) for nvic_irq_enable
    gd32l23x_usbd_hw.o(.ARM.exidx.text.nvic_config) refers to gd32l23x_usbd_hw.o(.text.nvic_config) for [Anonymous Symbol]
    custom_hid_itf.o(.ARM.exidx.text.key_config) refers to custom_hid_itf.o(.text.key_config) for [Anonymous Symbol]
    custom_hid_itf.o(.ARM.exidx.text.led_config) refers to custom_hid_itf.o(.text.led_config) for [Anonymous Symbol]
    custom_hid_itf.o(.data.fop_handler) refers to custom_hid_itf.o(.text.key_config) for key_config
    custom_hid_itf.o(.data.fop_handler) refers to custom_hid_itf.o(.text.led_config) for led_config
    system_gd32l23x.o(.text.SystemInit) refers to system_gd32l23x.o(.text.system_clock_config) for system_clock_config
    system_gd32l23x.o(.text.SystemInit) refers to gd32l23x_misc.o(.text.nvic_vector_table_set) for nvic_vector_table_set
    system_gd32l23x.o(.ARM.exidx.text.SystemInit) refers to system_gd32l23x.o(.text.SystemInit) for [Anonymous Symbol]
    system_gd32l23x.o(.text.system_clock_config) refers to system_gd32l23x.o(.text.system_clock_48m_hxtal) for system_clock_48m_hxtal
    system_gd32l23x.o(.ARM.exidx.text.system_clock_config) refers to system_gd32l23x.o(.text.system_clock_config) for [Anonymous Symbol]
    system_gd32l23x.o(.text.SystemCoreClockUpdate) refers to system_gd32l23x.o(.data.SystemCoreClock) for SystemCoreClock
    system_gd32l23x.o(.ARM.exidx.text.SystemCoreClockUpdate) refers to system_gd32l23x.o(.text.SystemCoreClockUpdate) for [Anonymous Symbol]
    system_gd32l23x.o(.ARM.exidx.text.system_clock_48m_hxtal) refers to system_gd32l23x.o(.text.system_clock_48m_hxtal) for [Anonymous Symbol]
    gd32l23x_dma.o(.ARM.exidx.text.dma_deinit) refers to gd32l23x_dma.o(.text.dma_deinit) for [Anonymous Symbol]
    gd32l23x_dma.o(.ARM.exidx.text.dma_struct_para_init) refers to gd32l23x_dma.o(.text.dma_struct_para_init) for [Anonymous Symbol]
    gd32l23x_dma.o(.text.dma_init) refers to gd32l23x_dma.o(.text.dma_channel_disable) for dma_channel_disable
    gd32l23x_dma.o(.ARM.exidx.text.dma_init) refers to gd32l23x_dma.o(.text.dma_init) for [Anonymous Symbol]
    gd32l23x_dma.o(.ARM.exidx.text.dma_channel_disable) refers to gd32l23x_dma.o(.text.dma_channel_disable) for [Anonymous Symbol]
    gd32l23x_dma.o(.ARM.exidx.text.dma_circulation_enable) refers to gd32l23x_dma.o(.text.dma_circulation_enable) for [Anonymous Symbol]
    gd32l23x_dma.o(.ARM.exidx.text.dma_circulation_disable) refers to gd32l23x_dma.o(.text.dma_circulation_disable) for [Anonymous Symbol]
[...]
    Removing gd32l23x_timer.o(.text.timer_slave_mode_select), (38 bytes).
    Removing gd32l23x_timer.o(.ARM.exidx.text.timer_slave_mode_select), (8 bytes).
    Removing gd32l23x_timer.o(.text.timer_master_slave_mode_config), (52 bytes).
    Removing gd32l23x_timer.o(.ARM.exidx.text.timer_master_slave_mode_config), (8 bytes).
    Removing gd32l23x_timer.o(.text.timer_external_trigger_config), (58 bytes).
    Removing gd32l23x_timer.o(.ARM.exidx.text.timer_external_trigger_config), (8 bytes).
    Removing gd32l23x_timer.o(.text.timer_quadrature_decoder_mode_config), (124 bytes).
    Removing gd32l23x_timer.o(.ARM.exidx.text.timer_quadrature_decoder_mode_config), (8 bytes).
    Removing gd32l23x_timer.o(.text.timer_internal_trigger_as_external_clock_config), (36 bytes).
    Removing gd32l23x_timer.o(.ARM.exidx.text.timer_internal_trigger_as_external_clock_config), (8 bytes).
    Removing gd32l23x_timer.o(.text.timer_external_trigger_as_external_clock_config), (282 bytes).
    Removing gd32l23x_timer.o(.ARM.exidx.text.timer_external_trigger_as_external_clock_config), (8 bytes).
    Removing gd32l23x_timer.o(.text.timer_external_clock_mode0_config), (54 bytes).
    Removing gd32l23x_timer.o(.ARM.exidx.text.timer_external_clock_mode0_config), (8 bytes).
    Removing gd32l23x_timer.o(.text.timer_external_clock_mode1_config), (40 bytes).
    Removing gd32l23x_timer.o(.ARM.exidx.text.timer_external_clock_mode1_config), (8 bytes).
    Removing gd32l23x_timer.o(.text.timer_external_clock_mode1_disable), (20 bytes).
    Removing gd32l23x_timer.o(.ARM.exidx.text.timer_external_clock_mode1_disable), (8 bytes).
    Removing gd32l23x_timer.o(.text.timer_channel_remap_config), (16 bytes).
    Removing gd32l23x_timer.o(.ARM.exidx.text.timer_channel_remap_config), (8 bytes).
    Removing gd32l23x_timer.o(.text.timer_write_chxval_register_config), (60 bytes).
    Removing gd32l23x_timer.o(.ARM.exidx.text.timer_write_chxval_register_config), (8 bytes).
    Removing gd32l23x_timer.o(.text.timer_flag_get), (42 bytes).
    Removing gd32l23x_timer.o(.ARM.exidx.text.timer_flag_get), (8 bytes).
    Removing gd32l23x_timer.o(.text.timer_flag_clear), (18 bytes).
    Removing gd32l23x_timer.o(.ARM.exidx.text.timer_flag_clear), (8 bytes).
    Removing gd32l23x_timer.o(.text.timer_interrupt_enable), (20 bytes).
    Removing gd32l23x_timer.o(.ARM.exidx.text.timer_interrupt_enable), (8 bytes).
    Removing gd32l23x_timer.o(.text.timer_interrupt_disable), (20 bytes).
    Removing gd32l23x_timer.o(.ARM.exidx.text.timer_interrupt_disable), (8 bytes).
    Removing gd32l23x_timer.o(.text.timer_interrupt_flag_get), (58 bytes).
    Removing gd32l23x_timer.o(.ARM.exidx.text.timer_interrupt_flag_get), (8 bytes).
    Removing gd32l23x_timer.o(.text.timer_interrupt_flag_clear), (18 bytes).
    Removing gd32l23x_timer.o(.ARM.exidx.text.timer_interrupt_flag_clear), (8 bytes).
    Removing gd32l23x_usart.o(.text), (0 bytes).
    Removing gd32l23x_usart.o(.text.usart_deinit), (152 bytes).
    Removing gd32l23x_usart.o(.ARM.exidx.text.usart_deinit), (8 bytes).
    Removing gd32l23x_usart.o(.text.usart_baudrate_set), (232 bytes).
    Removing gd32l23x_usart.o(.ARM.exidx.text.usart_baudrate_set), (8 bytes).
    Removing gd32l23x_usart.o(.text.usart_parity_config), (42 bytes).
    Removing gd32l23x_usart.o(.ARM.exidx.text.usart_parity_config), (8 bytes).
    Removing gd32l23x_usart.o(.text.usart_word_length_set), (42 bytes).
    Removing gd32l23x_usart.o(.ARM.exidx.text.usart_word_length_set), (8 bytes).
    Removing gd32l23x_usart.o(.text.usart_stop_bit_set), (42 bytes).
    Removing gd32l23x_usart.o(.ARM.exidx.text.usart_stop_bit_set), (8 bytes).
    Removing gd32l23x_usart.o(.text.usart_enable), (18 bytes).
    Removing gd32l23x_usart.o(.ARM.exidx.text.usart_enable), (8 bytes).
    Removing gd32l23x_usart.o(.text.usart_disable), (18 bytes).
    Removing gd32l23x_usart.o(.ARM.exidx.text.usart_disable), (8 bytes).
    Removing gd32l23x_usart.o(.text.usart_transmit_config), (30 bytes).
    Removing gd32l23x_usart.o(.ARM.exidx.text.usart_transmit_config), (8 bytes).
    Removing gd32l23x_usart.o(.text.usart_receive_config), (30 bytes).
    Removing gd32l23x_usart.o(.ARM.exidx.text.usart_receive_config), (8 bytes).
    Removing gd32l23x_usart.o(.text.usart_data_first_config), (42 bytes).
    Removing gd32l23x_usart.o(.ARM.exidx.text.usart_data_first_config), (8 bytes).
    Removing gd32l23x_usart.o(.text.usart_invert_config), (186 bytes).
    Removing gd32l23x_usart.o(.ARM.exidx.text.usart_invert_config), (8 bytes).
    Removing gd32l23x_usart.o(.text.usart_overrun_enable), (30 bytes).
    Removing gd32l23x_usart.o(.ARM.exidx.text.usart_overrun_enable), (8 bytes).
    Removing gd32l23x_usart.o(.text.usart_overrun_disable), (30 bytes).
    Removing gd32l23x_usart.o(.ARM.exidx.text.usart_overrun_disable), (8 bytes).
    Removing gd32l23x_usart.o(.text.usart_oversample_config), (42 bytes).
    Removing gd32l23x_usart.o(.ARM.exidx.text.usart_oversample_config), (8 bytes).
    Removing gd32l23x_usart.o(.text.usart_sample_bit_config), (42 bytes).
    Removing gd32l23x_usart.o(.ARM.exidx.text.usart_sample_bit_config), (8 bytes).
    Removing gd32l23x_usart.o(.text.usart_receiver_timeout_enable), (20 bytes).
    Removing gd32l23x_usart.o(.ARM.exidx.text.usart_receiver_timeout_enable), (8 bytes).
    Removing gd32l23x_usart.o(.text.usart_receiver_timeout_disable), (20 bytes).
    Removing gd32l23x_usart.o(.ARM.exidx.text.usart_receiver_timeout_disable), (8 bytes).
    Removing gd32l23x_usart.o(.text.usart_receiver_timeout_threshold_config), (32 bytes).
    Removing gd32l23x_usart.o(.ARM.exidx.text.usart_receiver_timeout_threshold_config), (8 bytes).
    Removing gd32l23x_usart.o(.text.usart_data_transmit), (24 bytes).
    Removing gd32l23x_usart.o(.ARM.exidx.text.usart_data_transmit), (8 bytes).
    Removing gd32l23x_usart.o(.text.usart_data_receive), (20 bytes).
    Removing gd32l23x_usart.o(.ARM.exidx.text.usart_data_receive), (8 bytes).
    Removing gd32l23x_usart.o(.text.usart_command_enable), (20 bytes).
    Removing gd32l23x_usart.o(.ARM.exidx.text.usart_command_enable), (8 bytes).
    Removing gd32l23x_usart.o(.text.usart_autobaud_detection_enable), (20 bytes).
    Removing gd32l23x_usart.o(.ARM.exidx.text.usart_autobaud_detection_enable), (8 bytes).
    Removing gd32l23x_usart.o(.text.usart_autobaud_detection_disable), (20 bytes).
    Removing gd32l23x_usart.o(.ARM.exidx.text.usart_autobaud_detection_disable), (8 bytes).
    Removing gd32l23x_usart.o(.text.usart_autobaud_detection_mode_config), (32 bytes).
    Removing gd32l23x_usart.o(.ARM.exidx.text.usart_autobaud_detection_mode_config), (8 bytes).
    Removing gd32l23x_usart.o(.text.usart_address_config), (46 bytes).
    Removing gd32l23x_usart.o(.ARM.exidx.text.usart_address_config), (8 bytes).
    Removing gd32l23x_usart.o(.text.usart_address_detection_mode_config), (42 bytes).
    Removing gd32l23x_usart.o(.ARM.exidx.text.usart_address_detection_mode_config), (8 bytes).
    Removing gd32l23x_usart.o(.text.usart_mute_mode_enable), (20 bytes).
    Removing gd32l23x_usart.o(.ARM.exidx.text.usart_mute_mode_enable), (8 bytes).
    Removing gd32l23x_usart.o(.text.usart_mute_mode_disable), (20 bytes).
    Removing gd32l23x_usart.o(.ARM.exidx.text.usart_mute_mode_disable), (8 bytes).
    Removing gd32l23x_usart.o(.text.usart_mute_mode_wakeup_config), (42 bytes).
    Removing gd32l23x_usart.o(.ARM.exidx.text.usart_mute_mode_wakeup_config), (8 bytes).
    Removing gd32l23x_usart.o(.text.usart_lin_mode_enable), (30 bytes).
    Removing gd32l23x_usart.o(.ARM.exidx.text.usart_lin_mode_enable), (8 bytes).
    Removing gd32l23x_usart.o(.text.usart_lin_mode_disable), (30 bytes).
    Removing gd32l23x_usart.o(.ARM.exidx.text.usart_lin_mode_disable), (8 bytes).
    Removing gd32l23x_usart.o(.text.usart_lin_break_detection_length_config), (42 bytes).
    Removing gd32l23x_usart.o(.ARM.exidx.text.usart_lin_break_detection_length_config), (8 bytes).
    Removing gd32l23x_usart.o(.text.usart_halfduplex_enable), (28 bytes).
    Removing gd32l23x_usart.o(.ARM.exidx.text.usart_halfduplex_enable), (8 bytes).
    Removing gd32l23x_usart.o(.text.usart_halfduplex_disable), (28 bytes).
    Removing gd32l23x_usart.o(.ARM.exidx.text.usart_halfduplex_disable), (8 bytes).
    Removing gd32l23x_usart.o(.text.usart_clock_enable), (30 bytes).
    Removing gd32l23x_usart.o(.ARM.exidx.text.usart_clock_enable), (8 bytes).
    Removing gd32l23x_usart.o(.text.usart_clock_disable), (30 bytes).
    Removing gd32l23x_usart.o(.ARM.exidx.text.usart_clock_disable), (8 bytes).
    Removing gd32l23x_usart.o(.text.usart_synchronous_clock_config), (84 bytes).
    Removing gd32l23x_usart.o(.ARM.exidx.text.usart_synchronous_clock_config), (8 bytes).
    Removing gd32l23x_usart.o(.text.usart_guard_time_config), (46 bytes).
    Removing gd32l23x_usart.o(.ARM.exidx.text.usart_guard_time_config), (8 bytes).
    Removing gd32l23x_usart.o(.text.usart_smartcard_mode_enable), (28 bytes).
    Removing gd32l23x_usart.o(.ARM.exidx.text.usart_smartcard_mode_enable), (8 bytes).
    Removing gd32l23x_usart.o(.text.usart_smartcard_mode_disable), (28 bytes).
    Removing gd32l23x_usart.o(.ARM.exidx.text.usart_smartcard_mode_disable), (8 bytes).
    Removing gd32l23x_usart.o(.text.usart_smartcard_mode_nack_enable), (28 bytes).
    Removing gd32l23x_usart.o(.ARM.exidx.text.usart_smartcard_mode_nack_enable), (8 bytes).
    Removing gd32l23x_usart.o(.text.usart_smartcard_mode_nack_disable), (28 bytes).
    Removing gd32l23x_usart.o(.ARM.exidx.text.usart_smartcard_mode_nack_disable), (8 bytes).
    Removing gd32l23x_usart.o(.text.usart_smartcard_mode_early_nack_enable), (20 bytes).
    Removing gd32l23x_usart.o(.ARM.exidx.text.usart_smartcard_mode_early_nack_enable), (8 bytes).
    Removing gd32l23x_usart.o(.text.usart_smartcard_mode_early_nack_disable), (20 bytes).
    Removing gd32l23x_usart.o(.ARM.exidx.text.usart_smartcard_mode_early_nack_disable), (8 bytes).
    Removing gd32l23x_usart.o(.text.usart_smartcard_autoretry_config), (46 bytes).
    Removing gd32l23x_usart.o(.ARM.exidx.text.usart_smartcard_autoretry_config), (8 bytes).
    Removing gd32l23x_usart.o(.text.usart_block_length_config), (34 bytes).
    Removing gd32l23x_usart.o(.ARM.exidx.text.usart_block_length_config), (8 bytes).
    Removing gd32l23x_usart.o(.text.usart_irda_mode_enable), (28 bytes).
    Removing gd32l23x_usart.o(.ARM.exidx.text.usart_irda_mode_enable), (8 bytes).
    Removing gd32l23x_usart.o(.text.usart_irda_mode_disable), (28 bytes).
    Removing gd32l23x_usart.o(.ARM.exidx.text.usart_irda_mode_disable), (8 bytes).
    Removing gd32l23x_usart.o(.text.usart_prescaler_config), (40 bytes).
    Removing gd32l23x_usart.o(.ARM.exidx.text.usart_prescaler_config), (8 bytes).
    Removing gd32l23x_usart.o(.text.usart_irda_lowpower_config), (42 bytes).
    Removing gd32l23x_usart.o(.ARM.exidx.text.usart_irda_lowpower_config), (8 bytes).
    Removing gd32l23x_usart.o(.text.usart_hardware_flow_rts_config), (42 bytes).
    Removing gd32l23x_usart.o(.ARM.exidx.text.usart_hardware_flow_rts_config), (8 bytes).
    Removing gd32l23x_usart.o(.text.usart_hardware_flow_cts_config), (42 bytes).
    Removing gd32l23x_usart.o(.ARM.exidx.text.usart_hardware_flow_cts_config), (8 bytes).
    Removing gd32l23x_usart.o(.text.usart_hardware_flow_coherence_config), (34 bytes).
    Removing gd32l23x_usart.o(.ARM.exidx.text.usart_hardware_flow_coherence_config), (8 bytes).
    Removing gd32l23x_usart.o(.text.usart_rs485_driver_enable), (30 bytes).
    Removing gd32l23x_usart.o(.ARM.exidx.text.usart_rs485_driver_enable), (8 bytes).
    Removing gd32l23x_usart.o(.text.usart_rs485_driver_disable), (30 bytes).
    Removing gd32l23x_usart.o(.ARM.exidx.text.usart_rs485_driver_disable), (8 bytes).
    Removing gd32l23x_usart.o(.text.usart_driver_assertime_config), (46 bytes).
    Removing gd32l23x_usart.o(.ARM.exidx.text.usart_driver_assertime_config), (8 bytes).
    Removing gd32l23x_usart.o(.text.usart_driver_deassertime_config), (46 bytes).
    Removing gd32l23x_usart.o(.ARM.exidx.text.usart_driver_deassertime_config), (8 bytes).
    Removing gd32l23x_usart.o(.text.usart_depolarity_config), (44 bytes).
    Removing gd32l23x_usart.o(.ARM.exidx.text.usart_depolarity_config), (8 bytes).
    Removing gd32l23x_usart.o(.text.usart_dma_receive_config), (30 bytes).
    Removing gd32l23x_usart.o(.ARM.exidx.text.usart_dma_receive_config), (8 bytes).
    Removing gd32l23x_usart.o(.text.usart_dma_transmit_config), (30 bytes).
    Removing gd32l23x_usart.o(.ARM.exidx.text.usart_dma_transmit_config), (8 bytes).
    Removing gd32l23x_usart.o(.text.usart_reception_error_dma_disable), (30 bytes).
    Removing gd32l23x_usart.o(.ARM.exidx.text.usart_reception_error_dma_disable), (8 bytes).
    Removing gd32l23x_usart.o(.text.usart_reception_error_dma_enable), (30 bytes).
    Removing gd32l23x_usart.o(.ARM.exidx.text.usart_reception_error_dma_enable), (8 bytes).
    Removing gd32l23x_usart.o(.text.usart_wakeup_enable), (18 bytes).
    Removing gd32l23x_usart.o(.ARM.exidx.text.usart_wakeup_enable), (8 bytes).
    Removing gd32l23x_usart.o(.text.usart_wakeup_disable), (18 bytes).
    Removing gd32l23x_usart.o(.ARM.exidx.text.usart_wakeup_disable), (8 bytes).
    Removing gd32l23x_usart.o(.text.usart_wakeup_mode_config), (44 bytes).
    Removing gd32l23x_usart.o(.ARM.exidx.text.usart_wakeup_mode_config), (8 bytes).
    Removing gd32l23x_usart.o(.text.usart_receive_fifo_enable), (22 bytes).
    Removing gd32l23x_usart.o(.ARM.exidx.text.usart_receive_fifo_enable), (8 bytes).
    Removing gd32l23x_usart.o(.text.usart_receive_fifo_disable), (22 bytes).
    Removing gd32l23x_usart.o(.ARM.exidx.text.usart_receive_fifo_disable), (8 bytes).
    Removing gd32l23x_usart.o(.text.usart_receive_fifo_counter_number), (22 bytes).
    Removing gd32l23x_usart.o(.ARM.exidx.text.usart_receive_fifo_counter_number), (8 bytes).
    Removing gd32l23x_usart.o(.text.usart_flag_get), (60 bytes).
    Removing gd32l23x_usart.o(.ARM.exidx.text.usart_flag_get), (8 bytes).
    Removing gd32l23x_usart.o(.text.usart_flag_clear), (30 bytes).
    Removing gd32l23x_usart.o(.ARM.exidx.text.usart_flag_clear), (8 bytes).
    Removing gd32l23x_usart.o(.text.usart_interrupt_enable), (34 bytes).
    Removing gd32l23x_usart.o(.ARM.exidx.text.usart_interrupt_enable), (8 bytes).
    Removing gd32l23x_usart.o(.text.usart_interrupt_disable), (34 bytes).
    Removing gd32l23x_usart.o(.ARM.exidx.text.usart_interrupt_disable), (8 bytes).
    Removing gd32l23x_usart.o(.text.usart_interrupt_flag_get), (98 bytes).
    Removing gd32l23x_usart.o(.ARM.exidx.text.usart_interrupt_flag_get), (8 bytes).
    Removing gd32l23x_usart.o(.text.usart_interrupt_flag_clear), (64 bytes).
    Removing gd32l23x_usart.o(.ARM.exidx.text.usart_interrupt_flag_clear), (8 bytes).
    Removing gd32l23x_ctc.o(.text), (0 bytes).
    Removing gd32l23x_ctc.o(.text.ctc_deinit), (28 bytes).
    Removing gd32l23x_ctc.o(.ARM.exidx.text.ctc_deinit), (8 bytes).
    Removing gd32l23x_ctc.o(.text.ctc_counter_enable), (16 bytes).
    Removing gd32l23x_ctc.o(.ARM.exidx.text.ctc_counter_enable), (8 bytes).
    Removing gd32l23x_ctc.o(.text.ctc_counter_disable), (16 bytes).
    Removing gd32l23x_ctc.o(.ARM.exidx.text.ctc_counter_disable), (8 bytes).
    Removing gd32l23x_ctc.o(.text.ctc_irc48m_trim_value_config), (40 bytes).
    Removing gd32l23x_ctc.o(.ARM.exidx.text.ctc_irc48m_trim_value_config), (8 bytes).
    Removing gd32l23x_ctc.o(.text.ctc_software_refsource_pulse_generate), (16 bytes).
    Removing gd32l23x_ctc.o(.ARM.exidx.text.ctc_software_refsource_pulse_generate), (8 bytes).
    Removing gd32l23x_ctc.o(.text.ctc_hardware_trim_mode_config), (32 bytes).
    Removing gd32l23x_ctc.o(.ARM.exidx.text.ctc_hardware_trim_mode_config), (8 bytes).
    Removing gd32l23x_ctc.o(.text.ctc_refsource_polarity_config), (32 bytes).
    Removing gd32l23x_ctc.o(.ARM.exidx.text.ctc_refsource_polarity_config), (8 bytes).
    Removing gd32l23x_ctc.o(.text.ctc_refsource_signal_select), (32 bytes).
    Removing gd32l23x_ctc.o(.ARM.exidx.text.ctc_refsource_signal_select), (8 bytes).
    Removing gd32l23x_ctc.o(.text.ctc_refsource_prescaler_config), (32 bytes).
    Removing gd32l23x_ctc.o(.ARM.exidx.text.ctc_refsource_prescaler_config), (8 bytes).
    Removing gd32l23x_ctc.o(.text.ctc_clock_limit_value_config), (40 bytes).
    Removing gd32l23x_ctc.o(.ARM.exidx.text.ctc_clock_limit_value_config), (8 bytes).
    Removing gd32l23x_ctc.o(.text.ctc_counter_reload_value_config), (40 bytes).
    Removing gd32l23x_ctc.o(.ARM.exidx.text.ctc_counter_reload_value_config), (8 bytes).
    Removing gd32l23x_ctc.o(.text.ctc_counter_capture_value_read), (28 bytes).
    Removing gd32l23x_ctc.o(.ARM.exidx.text.ctc_counter_capture_value_read), (8 bytes).
    Removing gd32l23x_ctc.o(.text.ctc_counter_direction_read), (44 bytes).
    Removing gd32l23x_ctc.o(.ARM.exidx.text.ctc_counter_direction_read), (8 bytes).
    Removing gd32l23x_ctc.o(.text.ctc_counter_reload_value_read), (24 bytes).
    Removing gd32l23x_ctc.o(.ARM.exidx.text.ctc_counter_reload_value_read), (8 bytes).
    Removing gd32l23x_ctc.o(.text.ctc_irc48m_trim_value_read), (32 bytes).
    Removing gd32l23x_ctc.o(.ARM.exidx.text.ctc_irc48m_trim_value_read), (8 bytes).
    Removing gd32l23x_ctc.o(.text.ctc_interrupt_enable), (24 bytes).
    Removing gd32l23x_ctc.o(.ARM.exidx.text.ctc_interrupt_enable), (8 bytes).
    Removing gd32l23x_ctc.o(.text.ctc_interrupt_disable), (24 bytes).
    Removing gd32l23x_ctc.o(.ARM.exidx.text.ctc_interrupt_disable), (8 bytes).
    Removing gd32l23x_ctc.o(.text.ctc_interrupt_flag_get), (100 bytes).
    Removing gd32l23x_ctc.o(.ARM.exidx.text.ctc_interrupt_flag_get), (8 bytes).
    Removing gd32l23x_ctc.o(.text.ctc_interrupt_flag_clear), (48 bytes).
    Removing gd32l23x_ctc.o(.ARM.exidx.text.ctc_interrupt_flag_clear), (8 bytes).
    Removing gd32l23x_ctc.o(.text.ctc_flag_get), (44 bytes).
    Removing gd32l23x_ctc.o(.ARM.exidx.text.ctc_flag_get), (8 bytes).
    Removing gd32l23x_ctc.o(.text.ctc_flag_clear), (48 bytes).
    Removing gd32l23x_ctc.o(.ARM.exidx.text.ctc_flag_clear), (8 bytes).
    Removing gd32l233c_start.o(.text), (0 bytes).
    Removing gd32l233c_start.o(.text.gd_eval_led_init), (108 bytes).
    Removing gd32l233c_start.o(.ARM.exidx.text.gd_eval_led_init), (8 bytes).
    Removing gd32l233c_start.o(.ARM.exidx.text.gd_eval_led_on), (8 bytes).
    Removing gd32l233c_start.o(.ARM.exidx.text.gd_eval_led_off), (8 bytes).
    Removing gd32l233c_start.o(.text.gd_eval_led_toggle), (36 bytes).
    Removing gd32l233c_start.o(.ARM.exidx.text.gd_eval_led_toggle), (8 bytes).
    Removing gd32l233c_start.o(.text.gd_eval_key_init), (172 bytes).
    Removing gd32l233c_start.o(.ARM.exidx.text.gd_eval_key_init), (8 bytes).
    Removing gd32l233c_start.o(.text.gd_eval_key_state_get), (40 bytes).
    Removing gd32l233c_start.o(.ARM.exidx.text.gd_eval_key_state_get), (8 bytes).
    Removing gd32l233c_start.o(.text.gd_eval_com_init), (232 bytes).
    Removing gd32l233c_start.o(.ARM.exidx.text.gd_eval_com_init), (8 bytes).
    Removing gd32l233c_start.o(.rodata.GPIO_CLK), (8 bytes).
    Removing gd32l233c_start.o(.rodata.KEY_CLK), (2 bytes).
    Removing gd32l233c_start.o(.rodata.KEY_PORT), (4 bytes).
    Removing gd32l233c_start.o(.rodata.KEY_PIN), (4 bytes).
    Removing gd32l233c_start.o(.rodata.KEY_IRQn), (1 bytes).
    Removing gd32l233c_start.o(.rodata.KEY_PORT_SOURCE), (1 bytes).
    Removing gd32l233c_start.o(.rodata.KEY_PIN_SOURCE), (1 bytes).
    Removing gd32l233c_start.o(.rodata.KEY_EXTI_LINE), (4 bytes).
    Removing gd32l233c_start.o(.rodata.COM_CLK), (2 bytes).
    Removing gd32l233c_start.o(.rodata.COM_TX_PIN), (4 bytes).
    Removing gd32l233c_start.o(.rodata.COM_RX_PIN), (4 bytes).
    Removing usbd_lld_core.o(.text), (0 bytes).
    Removing usbd_lld_core.o(.ARM.exidx.text.usbd_core_reset), (8 bytes).
    Removing usbd_lld_core.o(.ARM.exidx.text.usbd_core_stop), (8 bytes).
    Removing usbd_lld_core.o(.ARM.exidx.text.usbd_dp_pullup), (8 bytes).
    Removing usbd_lld_core.o(.ARM.exidx.text.usbd_address_set), (8 bytes).
    Removing usbd_lld_core.o(.ARM.exidx.text.usbd_suspend), (8 bytes).
    Removing usbd_lld_core.o(.ARM.exidx.text.usbd_leave_suspend), (8 bytes).
    Removing usbd_lld_core.o(.ARM.exidx.text.usbd_resume), (8 bytes).
    Removing usbd_lld_core.o(.ARM.exidx.text.usbd_ep_reset), (8 bytes).
    Removing usbd_lld_core.o(.ARM.exidx.text.usbd_ep_setup), (8 bytes).
    Removing usbd_lld_core.o(.ARM.exidx.text.usbd_ep_disable), (8 bytes).
    Removing usbd_lld_core.o(.ARM.exidx.text.usbd_ep_rx_enable), (8 bytes).
    Removing usbd_lld_core.o(.ARM.exidx.text.usbd_ep_data_write), (8 bytes).
    Removing usbd_lld_core.o(.ARM.exidx.text.usbd_ep_data_read), (8 bytes).
    Removing usbd_lld_core.o(.ARM.exidx.text.usbd_ep_stall_set), (8 bytes).
    Removing usbd_lld_core.o(.ARM.exidx.text.usbd_ep_stall_clear), (8 bytes).
    Removing usbd_lld_core.o(.ARM.exidx.text.usbd_ep_status), (8 bytes).
    Removing usbd_lld_core.o(.text.user_buffer_free), (104 bytes).
    Removing usbd_lld_core.o(.ARM.exidx.text.user_buffer_free), (8 bytes).
    Removing usbd_lld_int.o(.text), (0 bytes).
    Removing usbd_lld_int.o(.text.usbd_int_hpst), (364 bytes).
    Removing usbd_lld_int.o(.ARM.exidx.text.usbd_int_hpst), (8 bytes).
    Removing usbd_lld_int.o(.ARM.exidx.text.usbd_isr), (8 bytes).
    Removing usbd_lld_int.o(.ARM.exidx.text.resume_mcu), (8 bytes).
    Removing usbd_lld_int.o(.ARM.exidx.text.usbd_int_suspend), (8 bytes).
    Removing usbd_lld_int.o(.ARM.exidx.text.usbd_to_suspend), (8 bytes).
    Removing usbd_core.o(.text), (0 bytes).
    Removing usbd_core.o(.ARM.exidx.text.usbd_init), (8 bytes).
    Removing usbd_core.o(.ARM.exidx.text.usbd_ep_recev), (8 bytes).
    Removing usbd_core.o(.ARM.exidx.text.usb_transc_config), (8 bytes).
    Removing usbd_core.o(.ARM.exidx.text.usbd_ep_send), (8 bytes).
    Removing usbd_enum.o(.text), (0 bytes).
    Removing usbd_enum.o(.ARM.exidx.text.usbd_standard_request), (8 bytes).
    Removing usbd_enum.o(.ARM.exidx.text.usbd_class_request), (8 bytes).
    Removing usbd_enum.o(.ARM.exidx.text.usbd_vendor_request), (8 bytes).
    Removing usbd_enum.o(.ARM.exidx.text.serial_string_get), (8 bytes).
    Removing usbd_enum.o(.ARM.exidx.text.int_to_unicode), (8 bytes).
    Removing usbd_enum.o(.ARM.exidx.text._usb_std_getstatus), (8 bytes).
    Removing usbd_enum.o(.ARM.exidx.text._usb_std_clearfeature), (8 bytes).
    Removing usbd_enum.o(.ARM.exidx.text._usb_std_reserved), (8 bytes).
    Removing usbd_enum.o(.ARM.exidx.text._usb_std_setfeature), (8 bytes).
    Removing usbd_enum.o(.ARM.exidx.text._usb_std_setaddress), (8 bytes).
    Removing usbd_enum.o(.ARM.exidx.text._usb_std_getdescriptor), (8 bytes).
    Removing usbd_enum.o(.ARM.exidx.text._usb_std_setdescriptor), (8 bytes).
    Removing usbd_enum.o(.ARM.exidx.text._usb_std_getconfiguration), (8 bytes).
    Removing usbd_enum.o(.ARM.exidx.text._usb_std_setconfiguration), (8 bytes).
    Removing usbd_enum.o(.ARM.exidx.text._usb_std_getinterface), (8 bytes).
    Removing usbd_enum.o(.ARM.exidx.text._usb_std_setinterface), (8 bytes).
    Removing usbd_enum.o(.ARM.exidx.text._usb_std_synchframe), (8 bytes).
    Removing usbd_enum.o(.ARM.exidx.text.usb_transc_config), (8 bytes).
    Removing usbd_enum.o(.ARM.exidx.text.usbd_ep_clear_stall), (8 bytes).
    Removing usbd_enum.o(.ARM.exidx.text.usbd_ep_stall), (8 bytes).
    Removing usbd_enum.o(.ARM.exidx.text._usb_bos_desc_get), (8 bytes).
    Removing usbd_enum.o(.ARM.exidx.text._usb_dev_desc_get), (8 bytes).
    Removing usbd_enum.o(.ARM.exidx.text._usb_config_desc_get), (8 bytes).
    Removing usbd_enum.o(.ARM.exidx.text._usb_str_desc_get), (8 bytes).
    Removing usbd_pwr.o(.text), (0 bytes).
    Removing usbd_pwr.o(.text.usbd_remote_wakeup_active), (48 bytes).
    Removing usbd_pwr.o(.ARM.exidx.text.usbd_remote_wakeup_active), (8 bytes).
    Removing usbd_pwr.o(.text.resume_mcu), (18 bytes).
    Removing usbd_pwr.o(.ARM.exidx.text.resume_mcu), (8 bytes).
    Removing usbd_transc.o(.text), (0 bytes).
    Removing usbd_transc.o(.ARM.exidx.text._usb_setup_transc), (8 bytes).
    Removing usbd_transc.o(.ARM.exidx.text.usb_stall_transc), (8 bytes).
    Removing usbd_transc.o(.ARM.exidx.text.usb_ctl_status_in), (8 bytes).
    Removing usbd_transc.o(.ARM.exidx.text.usb_ctl_data_in), (8 bytes).
    Removing usbd_transc.o(.ARM.exidx.text.usb_ctl_out), (8 bytes).
    Removing usbd_transc.o(.ARM.exidx.text._usb_out0_transc), (8 bytes).
    Removing usbd_transc.o(.ARM.exidx.text.usb_transc_config), (8 bytes).
    Removing usbd_transc.o(.ARM.exidx.text._usb_in0_transc), (8 bytes).
    Removing usbd_transc.o(.ARM.exidx.text.usb_0len_packet_send), (8 bytes).
    Removing usbd_transc.o(.ARM.exidx.text.usbd_ep_stall), (8 bytes).
    Removing custom_hid_core.o(.text), (0 bytes).
    Removing custom_hid_core.o(.ARM.exidx.text.custom_hid_init), (8 bytes).
    Removing custom_hid_core.o(.ARM.exidx.text.custom_hid_deinit), (8 bytes).
    Removing custom_hid_core.o(.ARM.exidx.text.custom_hid_req_handler), (8 bytes).
    Removing custom_hid_core.o(.ARM.exidx.text.custom_hid_data_in), (8 bytes).
    Removing custom_hid_core.o(.ARM.exidx.text.custom_hid_data_out), (8 bytes).
    Removing custom_hid_core.o(.ARM.exidx.text.custom_hid_itfop_register), (8 bytes).
    Removing custom_hid_core.o(.text.custom_hid_report_send), (30 bytes).
    Removing custom_hid_core.o(.ARM.exidx.text.custom_hid_report_send), (8 bytes).
    Removing custom_hid_core.o(.ARM.exidx.text.usbd_ep_init), (8 bytes).
    Removing custom_hid_core.o(.ARM.exidx.text.usbd_ep_deinit), (8 bytes).
    Removing custom_hid_core.o(.ARM.exidx.text.usb_transc_config), (8 bytes).
    Removing startup_gd32l23x.o(HEAP), (1024 bytes).

862 unused section(s) (total 27563 bytes) removed from the image.

==============================================================================

Image Symbol Table

    Local Symbols

    Symbol Name                              Value     Ov Type        Size  Object(Section)

    ../clib/../cmprslib/zerorunl2.c          0x00000000   Number         0  __dczerorl2.o ABSOLUTE
    ../clib/microlib/init/entry.s            0x00000000   Number         0  entry.o ABSOLUTE
    ../clib/microlib/init/entry.s            0x00000000   Number         0  entry2.o ABSOLUTE
    ../clib/microlib/init/entry.s            0x00000000   Number         0  entry5.o ABSOLUTE
    ../clib/microlib/init/entry.s            0x00000000   Number         0  entry7a.o ABSOLUTE
    ../clib/microlib/init/entry.s            0x00000000   Number         0  entry7b.o ABSOLUTE
    ../clib/microlib/init/entry.s            0x00000000   Number         0  entry8a.o ABSOLUTE
    ../clib/microlib/init/entry.s            0x00000000   Number         0  entry8b.o ABSOLUTE
    ../clib/microlib/init/entry.s            0x00000000   Number         0  entry9a.o ABSOLUTE
    ../clib/microlib/init/entry.s            0x00000000   Number         0  entry9b.o ABSOLUTE
    ../clib/microlib/init/entry.s            0x00000000   Number         0  entry10a.o ABSOLUTE
    ../clib/microlib/init/entry.s            0x00000000   Number         0  entry10b.o ABSOLUTE
    ../clib/microlib/init/entry.s            0x00000000   Number         0  entry11a.o ABSOLUTE
    ../clib/microlib/init/entry.s            0x00000000   Number         0  entry11b.o ABSOLUTE
    ..\..\..\..\GD32L23x_Firmware_Library\CMSIS\GD\GD32L23x\Source\ARM\startup_gd32l23x.s 0x00000000   Number         0  startup_gd32l23x.o ABSOLUTE
    custom_hid_core.c                        0x00000000   Number         0  custom_hid_core.o ABSOLUTE
    custom_hid_itf.c                         0x00000000   Number         0  custom_hid_itf.o ABSOLUTE
    dc.s                                     0x00000000   Number         0  dc.o ABSOLUTE
    gd32l233c_start.c                        0x00000000   Number         0  gd32l233c_start.o ABSOLUTE
    gd32l23x_ctc.c                           0x00000000   Number         0  gd32l23x_ctc.o ABSOLUTE
    gd32l23x_dma.c                           0x00000000   Number         0  gd32l23x_dma.o ABSOLUTE
    gd32l23x_exti.c                          0x00000000   Number         0  gd32l23x_exti.o ABSOLUTE
    gd32l23x_fmc.c                           0x00000000   Number         0  gd32l23x_fmc.o ABSOLUTE
    gd32l23x_gpio.c                          0x00000000   Number         0  gd32l23x_gpio.o ABSOLUTE
    gd32l23x_it.c                            0x00000000   Number         0  gd32l23x_it.o ABSOLUTE
    gd32l23x_misc.c                          0x00000000   Number         0  gd32l23x_misc.o ABSOLUTE
    gd32l23x_pmu.c                           0x00000000   Number         0  gd32l23x_pmu.o ABSOLUTE
    gd32l23x_rcu.c                           0x00000000   Number         0  gd32l23x_rcu.o ABSOLUTE
    gd32l23x_syscfg.c                        0x00000000   Number         0  gd32l23x_syscfg.o ABSOLUTE
    gd32l23x_timer.c                         0x00000000   Number         0  gd32l23x_timer.o ABSOLUTE
    gd32l23x_usart.c                         0x00000000   Number         0  gd32l23x_usart.o ABSOLUTE
    gd32l23x_usbd_hw.c                       0x00000000   Number         0  gd32l23x_usbd_hw.o ABSOLUTE
    handlers.s                               0x00000000   Number         0  handlers.o ABSOLUTE
    init.s                                   0x00000000   Number         0  init.o ABSOLUTE
    main.c                                   0x00000000   Number         0  main.o ABSOLUTE
    system_gd32l23x.c                        0x00000000   Number         0  system_gd32l23x.o ABSOLUTE
    usbd_core.c                              0x00000000   Number         0  usbd_core.o ABSOLUTE
    usbd_enum.c                              0x00000000   Number         0  usbd_enum.o ABSOLUTE
    usbd_lld_core.c                          0x00000000   Number         0  usbd_lld_core.o ABSOLUTE
    usbd_lld_int.c                           0x00000000   Number         0  usbd_lld_int.o ABSOLUTE
    usbd_pwr.c                               0x00000000   Number         0  usbd_pwr.o ABSOLUTE
    usbd_transc.c                            0x00000000   Number         0  usbd_transc.o ABSOLUTE
    RESET                                    0x08000000   Section      340  startup_gd32l23x.o(RESET)
    .ARM.Collect$$$$00000000                 0x08000154   Section        0  entry.o(.ARM.Collect$$$$00000000)
    .ARM.Collect$$$$00000001                 0x08000154   Section        4  entry2.o(.ARM.Collect$$$$00000001)
    .ARM.Collect$$$$00000004                 0x08000158   Section        4  entry5.o(.ARM.Collect$$$$00000004)
    .ARM.Collect$$$$00000008                 0x0800015c   Section        0  entry7b.o(.ARM.Collect$$$$00000008)
    .ARM.Collect$$$$0000000A                 0x0800015c   Section        0  entry8b.o(.ARM.Collect$$$$0000000A)
    .ARM.Collect$$$$0000000B                 0x0800015c   Section        8  entry9a.o(.ARM.Collect$$$$0000000B)
    __lit__00000000                          0x08000164   Data           4  entry2.o(.ARM.Collect$$$$00002712)
    .ARM.Collect$$$$0000000D                 0x08000164   Section        0  entry10a.o(.ARM.Collect$$$$0000000D)
    .ARM.Collect$$$$0000000F                 0x08000164   Section        0  entry11a.o(.ARM.Collect$$$$0000000F)
    .ARM.Collect$$$$00002712                 0x08000164   Section        4  entry2.o(.ARM.Collect$$$$00002712)
    .text                                    0x08000168   Section       28  startup_gd32l23x.o(.text)
    .text                                    0x08000184   Section       36  init.o(.text)
    .text                                    0x080001a8   Section        0  __dczerorl2.o(.text)
    [Anonymous Symbol]                       0x080001fe   Section        0  gd32l23x_it.o(.text.HardFault_Handler)
    [Anonymous Symbol]                       0x08000202   Section        0  gd32l23x_it.o(.text.NMI_Handler)
    [Anonymous Symbol]                       0x08000204   Section        0  gd32l23x_it.o(.text.PendSV_Handler)
    [Anonymous Symbol]                       0x08000206   Section        0  gd32l23x_it.o(.text.SVC_Handler)
    [Anonymous Symbol]                       0x08000208   Section        0  system_gd32l23x.o(.text.SystemInit)
    __arm_cp.0_0                             0x0800027c   Number         4  system_gd32l23x.o(.text.SystemInit)
    __arm_cp.0_1                             0x08000280   Number         4  system_gd32l23x.o(.text.SystemInit)
    __arm_cp.0_2                             0x08000284   Number         4  system_gd32l23x.o(.text.SystemInit)
    __arm_cp.0_3                             0x08000288   Number         4  system_gd32l23x.o(.text.SystemInit)
    __arm_cp.0_4                             0x0800028c   Number         4  system_gd32l23x.o(.text.SystemInit)
    __arm_cp.0_5                             0x08000290   Number         4  system_gd32l23x.o(.text.SystemInit)
    __arm_cp.0_6                             0x08000294   Number         4  system_gd32l23x.o(.text.SystemInit)
    __arm_cp.0_7                             0x08000298   Number         4  system_gd32l23x.o(.text.SystemInit)
    [Anonymous Symbol]                       0x0800029c   Section        0  gd32l23x_it.o(.text.USBD_LP_IRQHandler)
    __NVIC_EnableIRQ                         0x080002a5   Thumb Code    48  gd32l23x_misc.o(.text.__NVIC_EnableIRQ)
    [Anonymous Symbol]                       0x080002a4   Section        0  gd32l23x_misc.o(.text.__NVIC_EnableIRQ)
    __arm_cp.2_0                             0x080002d4   Number         4  gd32l23x_misc.o(.text.__NVIC_EnableIRQ)
    __NVIC_SetPriority                       0x080002d9   Thumb Code   128  gd32l23x_misc.o(.text.__NVIC_SetPriority)
    [Anonymous Symbol]                       0x080002d8   Section        0  gd32l23x_misc.o(.text.__NVIC_SetPriority)
    __arm_cp.1_0                             0x08000358   Number         4  gd32l23x_misc.o(.text.__NVIC_SetPriority)
    __arm_cp.1_1                             0x0800035c   Number         4  gd32l23x_misc.o(.text.__NVIC_SetPriority)
    _usb_bos_desc_get                        0x08000361   Thumb Code    64  usbd_enum.o(.text._usb_bos_desc_get)
    [Anonymous Symbol]                       0x08000360   Section        0  usbd_enum.o(.text._usb_bos_desc_get)
    _usb_config_desc_get                     0x080003a1   Thumb Code    38  usbd_enum.o(.text._usb_config_desc_get)
    [Anonymous Symbol]                       0x080003a0   Section        0  usbd_enum.o(.text._usb_config_desc_get)
    _usb_dev_desc_get                        0x080003c7   Thumb Code    32  usbd_enum.o(.text._usb_dev_desc_get)
    [Anonymous Symbol]                       0x080003c6   Section        0  usbd_enum.o(.text._usb_dev_desc_get)
    [Anonymous Symbol]                       0x080003e6   Section        0  usbd_transc.o(.text._usb_in0_transc)
    [Anonymous Symbol]                       0x08000446   Section        0  usbd_transc.o(.text._usb_out0_transc)
    [Anonymous Symbol]                       0x08000490   Section        0  usbd_transc.o(.text._usb_setup_transc)
    _usb_std_clearfeature                    0x08000559   Thumb Code   192  usbd_enum.o(.text._usb_std_clearfeature)
    [Anonymous Symbol]                       0x08000558   Section        0  usbd_enum.o(.text._usb_std_clearfeature)
    _usb_std_getconfiguration                0x08000619   Thumb Code   104  usbd_enum.o(.text._usb_std_getconfiguration)
    [Anonymous Symbol]                       0x08000618   Section        0  usbd_enum.o(.text._usb_std_getconfiguration)
    _usb_std_getdescriptor                   0x08000681   Thumb Code   464  usbd_enum.o(.text._usb_std_getdescriptor)
    [Anonymous Symbol]                       0x08000680   Section        0  usbd_enum.o(.text._usb_std_getdescriptor)
    __arm_cp.10_0                            0x08000850   Number         4  usbd_enum.o(.text._usb_std_getdescriptor)
    _usb_std_getinterface                    0x08000855   Thumb Code    94  usbd_enum.o(.text._usb_std_getinterface)
    [Anonymous Symbol]                       0x08000854   Section        0  usbd_enum.o(.text._usb_std_getinterface)
    _usb_std_getstatus                       0x080008b5   Thumb Code   268  usbd_enum.o(.text._usb_std_getstatus)
    [Anonymous Symbol]                       0x080008b4   Section        0  usbd_enum.o(.text._usb_std_getstatus)
    __arm_cp.5_0                             0x080009c0   Number         4  usbd_enum.o(.text._usb_std_getstatus)
    _usb_std_reserved                        0x080009c5   Thumb Code    12  usbd_enum.o(.text._usb_std_reserved)
    [Anonymous Symbol]                       0x080009c4   Section        0  usbd_enum.o(.text._usb_std_reserved)
    _usb_std_setaddress                      0x080009d1   Thumb Code   106  usbd_enum.o(.text._usb_std_setaddress)
    [Anonymous Symbol]                       0x080009d0   Section        0  usbd_enum.o(.text._usb_std_setaddress)
    _usb_std_setconfiguration                0x08000a3d   Thumb Code   212  usbd_enum.o(.text._usb_std_setconfiguration)
    [Anonymous Symbol]                       0x08000a3c   Section        0  usbd_enum.o(.text._usb_std_setconfiguration)
    __arm_cp.13_0                            0x08000b10   Number         4  usbd_enum.o(.text._usb_std_setconfiguration)
    _usb_std_setdescriptor                   0x08000b15   Thumb Code    12  usbd_enum.o(.text._usb_std_setdescriptor)
    [Anonymous Symbol]                       0x08000b14   Section        0  usbd_enum.o(.text._usb_std_setdescriptor)
    _usb_std_setfeature                      0x08000b21   Thumb Code   184  usbd_enum.o(.text._usb_std_setfeature)
    [Anonymous Symbol]                       0x08000b20   Section        0  usbd_enum.o(.text._usb_std_setfeature)
    _usb_std_setinterface                    0x08000bd9   Thumb Code    84  usbd_enum.o(.text._usb_std_setinterface)
    [Anonymous Symbol]                       0x08000bd8   Section        0  usbd_enum.o(.text._usb_std_setinterface)
    _usb_std_synchframe                      0x08000c2d   Thumb Code    12  usbd_enum.o(.text._usb_std_synchframe)
    [Anonymous Symbol]                       0x08000c2c   Section        0  usbd_enum.o(.text._usb_std_synchframe)
    _usb_str_desc_get                        0x08000c39   Thumb Code    44  usbd_enum.o(.text._usb_str_desc_get)
    [Anonymous Symbol]                       0x08000c38   Section        0  usbd_enum.o(.text._usb_str_desc_get)
    custom_hid_data_in                       0x08000c65   Thumb Code    12  custom_hid_core.o(.text.custom_hid_data_in)
    [Anonymous Symbol]                       0x08000c64   Section        0  custom_hid_core.o(.text.custom_hid_data_in)
    custom_hid_data_out                      0x08000c71   Thumb Code   212  custom_hid_core.o(.text.custom_hid_data_out)
    [Anonymous Symbol]                       0x08000c70   Section        0  custom_hid_core.o(.text.custom_hid_data_out)
    custom_hid_deinit                        0x08000d45   Thumb Code    32  custom_hid_core.o(.text.custom_hid_deinit)
    [Anonymous Symbol]                       0x08000d44   Section        0  custom_hid_core.o(.text.custom_hid_deinit)
    custom_hid_init                          0x08000d65   Thumb Code   168  custom_hid_core.o(.text.custom_hid_init)
    [Anonymous Symbol]                       0x08000d64   Section        0  custom_hid_core.o(.text.custom_hid_init)
    __arm_cp.0_0                             0x08000e0c   Number         4  custom_hid_core.o(.text.custom_hid_init)
    [Anonymous Symbol]                       0x08000e10   Section        0  custom_hid_core.o(.text.custom_hid_itfop_register)
    custom_hid_req_handler                   0x08000e3d   Thumb Code   416  custom_hid_core.o(.text.custom_hid_req_handler)
    [Anonymous Symbol]                       0x08000e3c   Section        0  custom_hid_core.o(.text.custom_hid_req_handler)
    __arm_cp.2_0                             0x08000fdc   Number         4  custom_hid_core.o(.text.custom_hid_req_handler)
    __arm_cp.2_1                             0x08000fe0   Number         4  custom_hid_core.o(.text.custom_hid_req_handler)
    [Anonymous Symbol]                       0x08000fe4   Section        0  gd32l233c_start.o(.text.gd_eval_led_off)
    [Anonymous Symbol]                       0x08001000   Section        0  gd32l233c_start.o(.text.gd_eval_led_on)
    __arm_cp.1_0                             0x0800101c   Number         4  gd32l233c_start.o(.text.gd_eval_led_on)
    __arm_cp.1_1                             0x08001020   Number         4  gd32l233c_start.o(.text.gd_eval_led_on)
    int_to_unicode                           0x08001025   Thumb Code   114  usbd_enum.o(.text.int_to_unicode)
    [Anonymous Symbol]                       0x08001024   Section        0  usbd_enum.o(.text.int_to_unicode)
    key_config                               0x08001097   Thumb Code     2  custom_hid_itf.o(.text.key_config)
    [Anonymous Symbol]                       0x08001096   Section        0  custom_hid_itf.o(.text.key_config)
    led_config                               0x08001099   Thumb Code     2  custom_hid_itf.o(.text.led_config)
    [Anonymous Symbol]                       0x08001098   Section        0  custom_hid_itf.o(.text.led_config)
    [Anonymous Symbol]                       0x0800109c   Section        0  main.o(.text.main)
    __arm_cp.0_0                             0x080010d8   Number         4  main.o(.text.main)
    __arm_cp.0_1                             0x080010dc   Number         4  main.o(.text.main)
    __arm_cp.0_2                             0x080010e0   Number         4  main.o(.text.main)
    __arm_cp.0_3                             0x080010e4   Number         4  main.o(.text.main)
    [Anonymous Symbol]                       0x080010e8   Section        0  gd32l23x_usbd_hw.o(.text.nvic_config)
    [Anonymous Symbol]                       0x080010f4   Section        0  gd32l23x_misc.o(.text.nvic_irq_enable)
    [Anonymous Symbol]                       0x08001120   Section        0  gd32l23x_misc.o(.text.nvic_vector_table_set)
    __arm_cp.7_0                             0x08001138   Number         4  gd32l23x_misc.o(.text.nvic_vector_table_set)
    __arm_cp.7_1                             0x0800113c   Number         4  gd32l23x_misc.o(.text.nvic_vector_table_set)
    [Anonymous Symbol]                       0x08001140   Section        0  gd32l23x_usbd_hw.o(.text.rcu_config)
    __arm_cp.0_0                             0x08001154   Number         4  gd32l23x_usbd_hw.o(.text.rcu_config)
    [Anonymous Symbol]                       0x08001158   Section        0  gd32l23x_rcu.o(.text.rcu_periph_clock_enable)
    [Anonymous Symbol]                       0x0800117c   Section        0  gd32l23x_rcu.o(.text.rcu_usbd_clock_config)
    __arm_cp.22_0                            0x08001198   Number         4  gd32l23x_rcu.o(.text.rcu_usbd_clock_config)
    resume_mcu                               0x0800119d   Thumb Code    18  usbd_lld_int.o(.text.resume_mcu)
    [Anonymous Symbol]                       0x0800119c   Section        0  usbd_lld_int.o(.text.resume_mcu)
    [Anonymous Symbol]                       0x080011b0   Section        0  usbd_enum.o(.text.serial_string_get)
    __arm_cp.3_0                             0x08001220   Number         4  usbd_enum.o(.text.serial_string_get)
    __arm_cp.3_1                             0x08001224   Number         4  usbd_enum.o(.text.serial_string_get)
    __arm_cp.3_2                             0x08001228   Number         4  usbd_enum.o(.text.serial_string_get)
    __arm_cp.3_3                             0x0800122c   Number         4  usbd_enum.o(.text.serial_string_get)
    system_clock_48m_hxtal                   0x08001231   Thumb Code   220  system_gd32l23x.o(.text.system_clock_48m_hxtal)
    [Anonymous Symbol]                       0x08001230   Section        0  system_gd32l23x.o(.text.system_clock_48m_hxtal)
    __arm_cp.3_0                             0x0800130c   Number         4  system_gd32l23x.o(.text.system_clock_48m_hxtal)
    __arm_cp.3_1                             0x08001310   Number         4  system_gd32l23x.o(.text.system_clock_48m_hxtal)
    __arm_cp.3_2                             0x08001314   Number         4  system_gd32l23x.o(.text.system_clock_48m_hxtal)
    __arm_cp.3_3                             0x08001318   Number         4  system_gd32l23x.o(.text.system_clock_48m_hxtal)
    __arm_cp.3_4                             0x0800131c   Number         4  system_gd32l23x.o(.text.system_clock_48m_hxtal)
    __arm_cp.3_5                             0x08001320   Number         4  system_gd32l23x.o(.text.system_clock_48m_hxtal)
    system_clock_config                      0x08001325   Thumb Code     8  system_gd32l23x.o(.text.system_clock_config)
    [Anonymous Symbol]                       0x08001324   Section        0  system_gd32l23x.o(.text.system_clock_config)
    usb_0len_packet_send                     0x0800132d   Thumb Code    24  usbd_transc.o(.text.usb_0len_packet_send)
    [Anonymous Symbol]                       0x0800132c   Section        0  usbd_transc.o(.text.usb_0len_packet_send)
    usb_ctl_data_in                          0x08001345   Thumb Code    22  usbd_transc.o(.text.usb_ctl_data_in)
    [Anonymous Symbol]                       0x08001344   Section        0  usbd_transc.o(.text.usb_ctl_data_in)
    usb_ctl_out                              0x0800135b   Thumb Code    20  usbd_transc.o(.text.usb_ctl_out)
    [Anonymous Symbol]                       0x0800135a   Section        0  usbd_transc.o(.text.usb_ctl_out)
    usb_ctl_status_in                        0x0800136f   Thumb Code    24  usbd_transc.o(.text.usb_ctl_status_in)
    [Anonymous Symbol]                       0x0800136e   Section        0  usbd_transc.o(.text.usb_ctl_status_in)
    usb_stall_transc                         0x08001387   Thumb Code    18  usbd_transc.o(.text.usb_stall_transc)
    [Anonymous Symbol]                       0x08001386   Section        0  usbd_transc.o(.text.usb_stall_transc)
    usb_transc_config                        0x08001399   Thumb Code    38  usbd_core.o(.text.usb_transc_config)
    [Anonymous Symbol]                       0x08001398   Section        0  usbd_core.o(.text.usb_transc_config)
    usb_transc_config                        0x080013bf   Thumb Code    38  usbd_enum.o(.text.usb_transc_config)
    [Anonymous Symbol]                       0x080013be   Section        0  usbd_enum.o(.text.usb_transc_config)
    usb_transc_config                        0x080013e5   Thumb Code    38  usbd_transc.o(.text.usb_transc_config)
    [Anonymous Symbol]                       0x080013e4   Section        0  usbd_transc.o(.text.usb_transc_config)
    usb_transc_config                        0x0800140b   Thumb Code    38  custom_hid_core.o(.text.usb_transc_config)
    [Anonymous Symbol]                       0x0800140a   Section        0  custom_hid_core.o(.text.usb_transc_config)
    usbd_address_set                         0x08001431   Thumb Code    20  usbd_lld_core.o(.text.usbd_address_set)
    [Anonymous Symbol]                       0x08001430   Section        0  usbd_lld_core.o(.text.usbd_address_set)
    __arm_cp.3_0                             0x08001444   Number         4  usbd_lld_core.o(.text.usbd_address_set)
    [Anonymous Symbol]                       0x08001448   Section        0  usbd_enum.o(.text.usbd_class_request)
    usbd_connect                             0x08001485   Thumb Code    26  main.o(.text.usbd_connect)
    [Anonymous Symbol]                       0x08001484   Section        0  main.o(.text.usbd_connect)
    usbd_core_reset                          0x080014a1   Thumb Code    32  usbd_lld_core.o(.text.usbd_core_reset)
    [Anonymous Symbol]                       0x080014a0   Section        0  usbd_lld_core.o(.text.usbd_core_reset)
    __arm_cp.0_2                             0x080014c0   Number         4  usbd_lld_core.o(.text.usbd_core_reset)
    usbd_core_stop                           0x080014c5   Thumb Code    20  usbd_lld_core.o(.text.usbd_core_stop)
    [Anonymous Symbol]                       0x080014c4   Section        0  usbd_lld_core.o(.text.usbd_core_stop)
    __arm_cp.1_0                             0x080014d8   Number         4  usbd_lld_core.o(.text.usbd_core_stop)
    __arm_cp.1_1                             0x080014dc   Number         4  usbd_lld_core.o(.text.usbd_core_stop)
    usbd_dp_pullup                           0x080014e1   Thumb Code    48  usbd_lld_core.o(.text.usbd_dp_pullup)
    [Anonymous Symbol]                       0x080014e0   Section        0  usbd_lld_core.o(.text.usbd_dp_pullup)
    __arm_cp.2_0                             0x08001510   Number         4  usbd_lld_core.o(.text.usbd_dp_pullup)
    usbd_ep_clear_stall                      0x08001515   Thumb Code    30  usbd_enum.o(.text.usbd_ep_clear_stall)
    [Anonymous Symbol]                       0x08001514   Section        0  usbd_enum.o(.text.usbd_ep_clear_stall)
    usbd_ep_data_read                        0x08001535   Thumb Code   268  usbd_lld_core.o(.text.usbd_ep_data_read)
    [Anonymous Symbol]                       0x08001534   Section        0  usbd_lld_core.o(.text.usbd_ep_data_read)
    __arm_cp.12_2                            0x08001640   Number         4  usbd_lld_core.o(.text.usbd_ep_data_read)
    usbd_ep_data_write                       0x08001645   Thumb Code   140  usbd_lld_core.o(.text.usbd_ep_data_write)
    [Anonymous Symbol]                       0x08001644   Section        0  usbd_lld_core.o(.text.usbd_ep_data_write)
    __arm_cp.11_1                            0x080016d0   Number         4  usbd_lld_core.o(.text.usbd_ep_data_write)
    usbd_ep_deinit                           0x080016d5   Thumb Code    30  custom_hid_core.o(.text.usbd_ep_deinit)
    [Anonymous Symbol]                       0x080016d4   Section        0  custom_hid_core.o(.text.usbd_ep_deinit)
    usbd_ep_disable                          0x080016f5   Thumb Code   188  usbd_lld_core.o(.text.usbd_ep_disable)
    [Anonymous Symbol]                       0x080016f4   Section        0  usbd_lld_core.o(.text.usbd_ep_disable)
    __arm_cp.9_1                             0x080017b0   Number         4  usbd_lld_core.o(.text.usbd_ep_disable)
    __arm_cp.9_3                             0x080017b4   Number         4  usbd_lld_core.o(.text.usbd_ep_disable)
    usbd_ep_init                             0x080017b9   Thumb Code    38  custom_hid_core.o(.text.usbd_ep_init)
    [Anonymous Symbol]                       0x080017b8   Section        0  custom_hid_core.o(.text.usbd_ep_init)
    [Anonymous Symbol]                       0x080017de   Section        0  usbd_core.o(.text.usbd_ep_recev)
    usbd_ep_reset                            0x08001825   Thumb Code   176  usbd_lld_core.o(.text.usbd_ep_reset)
    [Anonymous Symbol]                       0x08001824   Section        0  usbd_lld_core.o(.text.usbd_ep_reset)
    __arm_cp.7_0                             0x080018d4   Number         4  usbd_lld_core.o(.text.usbd_ep_reset)
    __arm_cp.7_2                             0x080018d8   Number         4  usbd_lld_core.o(.text.usbd_ep_reset)
    __arm_cp.7_3                             0x080018dc   Number         4  usbd_lld_core.o(.text.usbd_ep_reset)
    __arm_cp.7_4                             0x080018e0   Number         4  usbd_lld_core.o(.text.usbd_ep_reset)
    usbd_ep_rx_enable                        0x080018e5   Thumb Code    48  usbd_lld_core.o(.text.usbd_ep_rx_enable)
    [Anonymous Symbol]                       0x080018e4   Section        0  usbd_lld_core.o(.text.usbd_ep_rx_enable)
    __arm_cp.10_0                            0x08001914   Number         4  usbd_lld_core.o(.text.usbd_ep_rx_enable)
    __arm_cp.10_1                            0x08001918   Number         4  usbd_lld_core.o(.text.usbd_ep_rx_enable)
    [Anonymous Symbol]                       0x0800191c   Section        0  usbd_core.o(.text.usbd_ep_send)
    usbd_ep_setup                            0x08001999   Thumb Code   672  usbd_lld_core.o(.text.usbd_ep_setup)
    [Anonymous Symbol]                       0x08001998   Section        0  usbd_lld_core.o(.text.usbd_ep_setup)
    __arm_cp.8_0                             0x08001c38   Number         4  usbd_lld_core.o(.text.usbd_ep_setup)
    __arm_cp.8_1                             0x08001c3c   Number         4  usbd_lld_core.o(.text.usbd_ep_setup)
    __arm_cp.8_3                             0x08001c40   Number         4  usbd_lld_core.o(.text.usbd_ep_setup)
    __arm_cp.8_4                             0x08001c44   Number         4  usbd_lld_core.o(.text.usbd_ep_setup)
    usbd_ep_stall                            0x08001c49   Thumb Code    30  usbd_enum.o(.text.usbd_ep_stall)
    [Anonymous Symbol]                       0x08001c48   Section        0  usbd_enum.o(.text.usbd_ep_stall)
    usbd_ep_stall                            0x08001c67   Thumb Code    30  usbd_transc.o(.text.usbd_ep_stall)
    [Anonymous Symbol]                       0x08001c66   Section        0  usbd_transc.o(.text.usbd_ep_stall)
    usbd_ep_stall_clear                      0x08001c85   Thumb Code   232  usbd_lld_core.o(.text.usbd_ep_stall_clear)
    [Anonymous Symbol]                       0x08001c84   Section        0  usbd_lld_core.o(.text.usbd_ep_stall_clear)
    __arm_cp.14_0                            0x08001d6c   Number         4  usbd_lld_core.o(.text.usbd_ep_stall_clear)
    __arm_cp.14_1                            0x08001d70   Number         4  usbd_lld_core.o(.text.usbd_ep_stall_clear)
    __arm_cp.14_3                            0x08001d74   Number         4  usbd_lld_core.o(.text.usbd_ep_stall_clear)
    usbd_ep_stall_set                        0x08001d79   Thumb Code   176  usbd_lld_core.o(.text.usbd_ep_stall_set)
    [Anonymous Symbol]                       0x08001d78   Section        0  usbd_lld_core.o(.text.usbd_ep_stall_set)
    __arm_cp.13_0                            0x08001e28   Number         4  usbd_lld_core.o(.text.usbd_ep_stall_set)
    __arm_cp.13_1                            0x08001e2c   Number         4  usbd_lld_core.o(.text.usbd_ep_stall_set)
    __arm_cp.13_2                            0x08001e30   Number         4  usbd_lld_core.o(.text.usbd_ep_stall_set)
    usbd_ep_status                           0x08001e35   Thumb Code    56  usbd_lld_core.o(.text.usbd_ep_status)
    [Anonymous Symbol]                       0x08001e34   Section        0  usbd_lld_core.o(.text.usbd_ep_status)
    __arm_cp.15_0                            0x08001e6c   Number         4  usbd_lld_core.o(.text.usbd_ep_status)
    [Anonymous Symbol]                       0x08001e70   Section        0  usbd_core.o(.text.usbd_init)
    __arm_cp.0_1                             0x08001ee0   Number         4  usbd_core.o(.text.usbd_init)
    __arm_cp.0_2                             0x08001ee4   Number         4  usbd_core.o(.text.usbd_init)
    __arm_cp.0_3                             0x08001ee8   Number         4  usbd_core.o(.text.usbd_init)
    __arm_cp.0_4                             0x08001eec   Number         4  usbd_core.o(.text.usbd_init)
    usbd_int_suspend                         0x08001ef1   Thumb Code    48  usbd_lld_int.o(.text.usbd_int_suspend)
    [Anonymous Symbol]                       0x08001ef0   Section        0  usbd_lld_int.o(.text.usbd_int_suspend)
    [Anonymous Symbol]                       0x08001f20   Section        0  usbd_lld_int.o(.text.usbd_isr)
    __arm_cp.1_0                             0x080021d4   Number         4  usbd_lld_int.o(.text.usbd_isr)
    __arm_cp.1_3                             0x080021d8   Number         4  usbd_lld_int.o(.text.usbd_isr)
    __arm_cp.1_4                             0x080021dc   Number         4  usbd_lld_int.o(.text.usbd_isr)
    __arm_cp.1_5                             0x080021e0   Number         4  usbd_lld_int.o(.text.usbd_isr)
    __arm_cp.1_6                             0x080021e4   Number         4  usbd_lld_int.o(.text.usbd_isr)
    __arm_cp.1_7                             0x080021e8   Number         4  usbd_lld_int.o(.text.usbd_isr)
    __arm_cp.1_8                             0x080021ec   Number         4  usbd_lld_int.o(.text.usbd_isr)
    __arm_cp.1_9                             0x080021f0   Number         4  usbd_lld_int.o(.text.usbd_isr)
    __arm_cp.1_10                            0x080021f4   Number         4  usbd_lld_int.o(.text.usbd_isr)
    __arm_cp.1_11                            0x080021f8   Number         4  usbd_lld_int.o(.text.usbd_isr)
    usbd_leave_suspend                       0x080021fd   Thumb Code    20  usbd_lld_core.o(.text.usbd_leave_suspend)
    [Anonymous Symbol]                       0x080021fc   Section        0  usbd_lld_core.o(.text.usbd_leave_suspend)
    usbd_resume                              0x08002211   Thumb Code    32  usbd_lld_core.o(.text.usbd_resume)
    [Anonymous Symbol]                       0x08002210   Section        0  usbd_lld_core.o(.text.usbd_resume)
    __arm_cp.6_0                             0x08002230   Number         4  usbd_lld_core.o(.text.usbd_resume)
    [Anonymous Symbol]                       0x08002234   Section        0  usbd_enum.o(.text.usbd_standard_request)
    __arm_cp.0_0                             0x08002250   Number         4  usbd_enum.o(.text.usbd_standard_request)
    usbd_suspend                             0x08002255   Thumb Code    12  usbd_lld_core.o(.text.usbd_suspend)
    [Anonymous Symbol]                       0x08002254   Section        0  usbd_lld_core.o(.text.usbd_suspend)
    __arm_cp.4_0                             0x08002260   Number         4  usbd_lld_core.o(.text.usbd_suspend)
    usbd_to_suspend                          0x08002265   Thumb Code    18  usbd_lld_int.o(.text.usbd_to_suspend)
    [Anonymous Symbol]                       0x08002264   Section        0  usbd_lld_int.o(.text.usbd_to_suspend)
    [Anonymous Symbol]                       0x08002276   Section        0  usbd_enum.o(.text.usbd_vendor_request)
    i.__scatterload_copy                     0x080022b2   Section       14  handlers.o(i.__scatterload_copy)
    i.__scatterload_null                     0x080022c0   Section        2  handlers.o(i.__scatterload_null)
    i.__scatterload_zeroinit                 0x080022c2   Section       14  handlers.o(i.__scatterload_zeroinit)
    GPIO_PIN                                 0x080022d0   Data          16  gd32l233c_start.o(.rodata.GPIO_PIN)
    [Anonymous Symbol]                       0x080022d0   Section        0  gd32l233c_start.o(.rodata.GPIO_PIN)
    GPIO_PORT                                0x080022e0   Data          16  gd32l233c_start.o(.rodata.GPIO_PORT)
    [Anonymous Symbol]                       0x080022e0   Section        0  gd32l233c_start.o(.rodata.GPIO_PORT)
    ep_type                                  0x08002350   Data          16  usbd_lld_core.o(.rodata.ep_type)
    [Anonymous Symbol]                       0x08002350   Section        0  usbd_lld_core.o(.rodata.ep_type)
    _std_dev_req                             0x20000000   Data          52  usbd_enum.o(.data._std_dev_req)
    [Anonymous Symbol]                       0x20000000   Section        0  usbd_enum.o(.data._std_dev_req)
    manufacturer_string                      0x200000bc   Data         130  custom_hid_core.o(.data.manufacturer_string)
    [Anonymous Symbol]                       0x200000bc   Section        0  custom_hid_core.o(.data.manufacturer_string)
    product_string                           0x2000013e   Data         130  custom_hid_core.o(.data.product_string)
    [Anonymous Symbol]                       0x2000013e   Section        0  custom_hid_core.o(.data.product_string)
    serial_string                            0x200001c0   Data         130  custom_hid_core.o(.data.serial_string)
    [Anonymous Symbol]                       0x200001c0   Section        0  custom_hid_core.o(.data.serial_string)
    std_desc_get                             0x20000244   Data          12  usbd_enum.o(.data.std_desc_get)
    [Anonymous Symbol]                       0x20000244   Section        0  usbd_enum.o(.data.std_desc_get)
    usbd_hid_strings                         0x20000290   Data          16  custom_hid_core.o(.data.usbd_hid_strings)
    [Anonymous Symbol]                       0x20000290   Section        0  custom_hid_core.o(.data.usbd_hid_strings)
    usbd_language_id_desc                    0x200002a0   Data           4  custom_hid_core.o(.data.usbd_language_id_desc)
    [Anonymous Symbol]                       0x200002a0   Section        0  custom_hid_core.o(.data.usbd_language_id_desc)
    _usb_std_getstatus.status                0x200002a8   Data           2  usbd_enum.o(.bss._usb_std_getstatus.status)
    [Anonymous Symbol]                       0x200002a8   Section        0  usbd_enum.o(.bss._usb_std_getstatus.status)
    _usb_std_setconfiguration.config         0x200002aa   Data           1  usbd_enum.o(.bss._usb_std_setconfiguration.config)
    [Anonymous Symbol]                       0x200002aa   Section        0  usbd_enum.o(.bss._usb_std_setconfiguration.config)
    custom_hid_init.hid_handler              0x200002ac   Data           6  custom_hid_core.o(.bss.custom_hid_init.hid_handler)
    [Anonymous Symbol]                       0x200002ac   Section        0  custom_hid_core.o(.bss.custom_hid_init.hid_handler)
    STACK                                    0x20000338   Section     1024  startup_gd32l23x.o(STACK)

    Global Symbols

    Symbol Name                              Value     Ov Type        Size  Object(Section)

    BuildAttributes$$THM_ISAv3M$S$8M$PE$A:L22$X:L11$S22$IEEE1$IW$~IW$USESV6$~STKCKD$USESV7$~SHL$OSPACE$EBA8$MICROLIB$REQ8$PRES8$EABIv2 0x00000000   Number         0  anon$$obj.o ABSOLUTE
    __cpp_initialize__aeabi_                  - Undefined Weak Reference
    __cxa_finalize                            - Undefined Weak Reference
    _clock_init                               - Undefined Weak Reference
    _microlib_exit                            - Undefined Weak Reference
    __Vectors_Size                           0x00000154   Number         0  startup_gd32l23x.o ABSOLUTE
    __Vectors                                0x08000000   Data           4  startup_gd32l23x.o(RESET)
    __Vectors_End                            0x08000154   Data           0  startup_gd32l23x.o(RESET)
    __main                                   0x08000155   Thumb Code     0  entry.o(.ARM.Collect$$$$00000000)
    _main_stk                                0x08000155   Thumb Code     0  entry2.o(.ARM.Collect$$$$00000001)
    _main_scatterload                        0x08000159   Thumb Code     0  entry5.o(.ARM.Collect$$$$00000004)
    __main_after_scatterload                 0x0800015d   Thumb Code     0  entry5.o(.ARM.Collect$$$$00000004)
    _main_clock                              0x0800015d   Thumb Code     0  entry7b.o(.ARM.Collect$$$$00000008)
    _main_cpp_init                           0x0800015d   Thumb Code     0  entry8b.o(.ARM.Collect$$$$0000000A)
    _main_init                               0x0800015d   Thumb Code     0  entry9a.o(.ARM.Collect$$$$0000000B)
    __rt_final_cpp                           0x08000165   Thumb Code     0  entry10a.o(.ARM.Collect$$$$0000000D)
    __rt_final_exit                          0x08000165   Thumb Code     0  entry11a.o(.ARM.Collect$$$$0000000F)
    Reset_Handler                            0x08000169   Thumb Code     8  startup_gd32l23x.o(.text)
    SysTick_Handler                          0x08000179   Thumb Code     2  startup_gd32l23x.o(.text)
    ADC_IRQHandler                           0x0800017b   Thumb Code     0  startup_gd32l23x.o(.text)
    CAU_IRQHandler                           0x0800017b   Thumb Code     0  startup_gd32l23x.o(.text)
    CMP0_IRQHandler                          0x0800017b   Thumb Code     0  startup_gd32l23x.o(.text)
    CMP1_IRQHandler                          0x0800017b   Thumb Code     0  startup_gd32l23x.o(.text)
    DAC_IRQHandler                           0x0800017b   Thumb Code     0  startup_gd32l23x.o(.text)
    DMAMUX_IRQHandler                        0x0800017b   Thumb Code     0  startup_gd32l23x.o(.text)
    DMA_Channel0_IRQHandler                  0x0800017b   Thumb Code     0  startup_gd32l23x.o(.text)
    DMA_Channel1_IRQHandler                  0x0800017b   Thumb Code     0  startup_gd32l23x.o(.text)
    DMA_Channel2_IRQHandler                  0x0800017b   Thumb Code     0  startup_gd32l23x.o(.text)
    DMA_Channel3_IRQHandler                  0x0800017b   Thumb Code     0  startup_gd32l23x.o(.text)
    DMA_Channel4_IRQHandler                  0x0800017b   Thumb Code     0  startup_gd32l23x.o(.text)
    DMA_Channel5_IRQHandler                  0x0800017b   Thumb Code     0  startup_gd32l23x.o(.text)
    DMA_Channel6_IRQHandler                  0x0800017b   Thumb Code     0  startup_gd32l23x.o(.text)
    EXTI0_IRQHandler                         0x0800017b   Thumb Code     0  startup_gd32l23x.o(.text)
    EXTI10_15_IRQHandler                     0x0800017b   Thumb Code     0  startup_gd32l23x.o(.text)
    EXTI1_IRQHandler                         0x0800017b   Thumb Code     0  startup_gd32l23x.o(.text)
    EXTI2_IRQHandler                         0x0800017b   Thumb Code     0  startup_gd32l23x.o(.text)
    EXTI3_IRQHandler                         0x0800017b   Thumb Code     0  startup_gd32l23x.o(.text)
    EXTI4_IRQHandler                         0x0800017b   Thumb Code     0  startup_gd32l23x.o(.text)
    EXTI5_9_IRQHandler                       0x0800017b   Thumb Code     0  startup_gd32l23x.o(.text)
    FMC_IRQHandler                           0x0800017b   Thumb Code     0  startup_gd32l23x.o(.text)
    I2C0_ER_IRQHandler                       0x0800017b   Thumb Code     0  startup_gd32l23x.o(.text)
    I2C0_EV_IRQHandler                       0x0800017b   Thumb Code     0  startup_gd32l23x.o(.text)
    I2C0_WKUP_IRQHandler                     0x0800017b   Thumb Code     0  startup_gd32l23x.o(.text)
    I2C1_ER_IRQHandler                       0x0800017b   Thumb Code     0  startup_gd32l23x.o(.text)
    I2C1_EV_IRQHandler                       0x0800017b   Thumb Code     0  startup_gd32l23x.o(.text)
    I2C1_WKUP_IRQHandler                     0x0800017b   Thumb Code     0  startup_gd32l23x.o(.text)
    I2C2_ER_IRQHandler                       0x0800017b   Thumb Code     0  startup_gd32l23x.o(.text)
    I2C2_EV_IRQHandler                       0x0800017b   Thumb Code     0  startup_gd32l23x.o(.text)
    I2C2_WKUP_IRQHandler                     0x0800017b   Thumb Code     0  startup_gd32l23x.o(.text)
    LPTIMER_IRQHandler                       0x0800017b   Thumb Code     0  startup_gd32l23x.o(.text)
    LPUART_IRQHandler                        0x0800017b   Thumb Code     0  startup_gd32l23x.o(.text)
    LPUART_WKUP_IRQHandler                   0x0800017b   Thumb Code     0  startup_gd32l23x.o(.text)
    LVD_IRQHandler                           0x0800017b   Thumb Code     0  startup_gd32l23x.o(.text)
    RCU_CTC_IRQHandler                       0x0800017b   Thumb Code     0  startup_gd32l23x.o(.text)
    RTC_Alarm_IRQHandler                     0x0800017b   Thumb Code     0  startup_gd32l23x.o(.text)
    RTC_WKUP_IRQHandler                      0x0800017b   Thumb Code     0  startup_gd32l23x.o(.text)
    SLCD_IRQHandler                          0x0800017b   Thumb Code     0  startup_gd32l23x.o(.text)
    SPI0_IRQHandler                          0x0800017b   Thumb Code     0  startup_gd32l23x.o(.text)
    SPI1_IRQHandler                          0x0800017b   Thumb Code     0  startup_gd32l23x.o(.text)
    TAMPER_STAMP_IRQHandler                  0x0800017b   Thumb Code     0  startup_gd32l23x.o(.text)
    TIMER11_IRQHandler                       0x0800017b   Thumb Code     0  startup_gd32l23x.o(.text)
    TIMER1_IRQHandler                        0x0800017b   Thumb Code     0  startup_gd32l23x.o(.text)
    TIMER2_IRQHandler                        0x0800017b   Thumb Code     0  startup_gd32l23x.o(.text)
    TIMER5_IRQHandler                        0x0800017b   Thumb Code     0  startup_gd32l23x.o(.text)
    TIMER6_IRQHandler                        0x0800017b   Thumb Code     0  startup_gd32l23x.o(.text)
    TIMER8_IRQHandler                        0x0800017b   Thumb Code     0  startup_gd32l23x.o(.text)
    TRNG_IRQHandler                          0x0800017b   Thumb Code     0  startup_gd32l23x.o(.text)
    UART3_IRQHandler                         0x0800017b   Thumb Code     0  startup_gd32l23x.o(.text)
    UART4_IRQHandler                         0x0800017b   Thumb Code     0  startup_gd32l23x.o(.text)
    USART0_IRQHandler                        0x0800017b   Thumb Code     0  startup_gd32l23x.o(.text)
    USART0_WKUP_IRQHandler                   0x0800017b   Thumb Code     0  startup_gd32l23x.o(.text)
    USART1_IRQHandler                        0x0800017b   Thumb Code     0  startup_gd32l23x.o(.text)
    USART1_WKUP_IRQHandler                   0x0800017b   Thumb Code     0  startup_gd32l23x.o(.text)
    USBD_HP_IRQHandler                       0x0800017b   Thumb Code     0  startup_gd32l23x.o(.text)
    USBD_WKUP_IRQHandler                     0x0800017b   Thumb Code     0  startup_gd32l23x.o(.text)
    WWDGT_IRQHandler                         0x0800017b   Thumb Code     0  startup_gd32l23x.o(.text)
    __scatterload                            0x08000185   Thumb Code    28  init.o(.text)
    __scatterload_rt2                        0x08000185   Thumb Code     0  init.o(.text)
    __decompress                             0x080001a9   Thumb Code     0  __dczerorl2.o(.text)
    __decompress1                            0x080001a9   Thumb Code    86  __dczerorl2.o(.text)
    HardFault_Handler                        0x080001ff   Thumb Code     4  gd32l23x_it.o(.text.HardFault_Handler)
    NMI_Handler                              0x08000203   Thumb Code     2  gd32l23x_it.o(.text.NMI_Handler)
    PendSV_Handler                           0x08000205   Thumb Code     2  gd32l23x_it.o(.text.PendSV_Handler)
    SVC_Handler                              0x08000207   Thumb Code     2  gd32l23x_it.o(.text.SVC_Handler)
    SystemInit                               0x08000209   Thumb Code   116  system_gd32l23x.o(.text.SystemInit)
    USBD_LP_IRQHandler                       0x0800029d   Thumb Code     8  gd32l23x_it.o(.text.USBD_LP_IRQHandler)
    _usb_in0_transc                          0x080003e7   Thumb Code    96  usbd_transc.o(.text._usb_in0_transc)
    _usb_out0_transc                         0x08000447   Thumb Code    74  usbd_transc.o(.text._usb_out0_transc)
    _usb_setup_transc                        0x08000491   Thumb Code   200  usbd_transc.o(.text._usb_setup_transc)
    custom_hid_itfop_register                0x08000e11   Thumb Code    42  custom_hid_core.o(.text.custom_hid_itfop_register)
    gd_eval_led_off                          0x08000fe5   Thumb Code    28  gd32l233c_start.o(.text.gd_eval_led_off)
    gd_eval_led_on                           0x08001001   Thumb Code    28  gd32l233c_start.o(.text.gd_eval_led_on)
    main                                     0x0800109d   Thumb Code    60  main.o(.text.main)
    nvic_config                              0x080010e9   Thumb Code    12  gd32l23x_usbd_hw.o(.text.nvic_config)
    nvic_irq_enable                          0x080010f5   Thumb Code    42  gd32l23x_misc.o(.text.nvic_irq_enable)
    nvic_vector_table_set                    0x08001121   Thumb Code    24  gd32l23x_misc.o(.text.nvic_vector_table_set)
    rcu_config                               0x08001141   Thumb Code    20  gd32l23x_usbd_hw.o(.text.rcu_config)
    rcu_periph_clock_enable                  0x08001159   Thumb Code    36  gd32l23x_rcu.o(.text.rcu_periph_clock_enable)
    rcu_usbd_clock_config                    0x0800117d   Thumb Code    28  gd32l23x_rcu.o(.text.rcu_usbd_clock_config)
    serial_string_get                        0x080011b1   Thumb Code   112  usbd_enum.o(.text.serial_string_get)
    usbd_class_request                       0x08001449   Thumb Code    60  usbd_enum.o(.text.usbd_class_request)
    usbd_ep_recev                            0x080017df   Thumb Code    70  usbd_core.o(.text.usbd_ep_recev)
    usbd_ep_send                             0x0800191d   Thumb Code   122  usbd_core.o(.text.usbd_ep_send)
    usbd_init                                0x08001e71   Thumb Code   112  usbd_core.o(.text.usbd_init)
    usbd_isr                                 0x08001f21   Thumb Code   692  usbd_lld_int.o(.text.usbd_isr)
    usbd_standard_request                    0x08002235   Thumb Code    28  usbd_enum.o(.text.usbd_standard_request)
    usbd_vendor_request                      0x08002277   Thumb Code    60  usbd_enum.o(.text.usbd_vendor_request)
    __scatterload_copy                       0x080022b3   Thumb Code    14  handlers.o(i.__scatterload_copy)
    __scatterload_null                       0x080022c1   Thumb Code     2  handlers.o(i.__scatterload_null)
    __scatterload_zeroinit                   0x080022c3   Thumb Code    14  handlers.o(i.__scatterload_zeroinit)
    customhid_report_descriptor              0x080022f0   Data          96  custom_hid_core.o(.rodata.customhid_report_descriptor)
    Region$$Table$$Base                      0x08002360   Number         0  anon$$obj.o(Region$$Table)
    Region$$Table$$Limit                     0x08002380   Number         0  anon$$obj.o(Region$$Table)
    btable_ep                                0x20000034   Data           4  usbd_lld_core.o(.data.btable_ep)
    custom_hid_class                         0x20000038   Data          36  custom_hid_core.o(.data.custom_hid_class)
    custom_hid_config_desc                   0x2000005c   Data          41  custom_hid_core.o(.data.custom_hid_config_desc)
    custom_hid_desc                          0x20000088   Data          16  custom_hid_core.o(.data.custom_hid_desc)
    custom_hid_dev_desc                      0x20000098   Data          18  custom_hid_core.o(.data.custom_hid_dev_desc)
    fop_handler                              0x200000ac   Data          16  custom_hid_itf.o(.data.fop_handler)
    usbd_drv_handler                         0x20000250   Data          64  usbd_lld_core.o(.data.usbd_drv_handler)
    usbd_core                                0x200002b4   Data           8  usbd_lld_core.o(.bss.usbd_core)
    usbd_custom_hid                          0x200002bc   Data         120  main.o(.bss.usbd_custom_hid)
    usbd_int_fops                            0x20000334   Data           4  usbd_core.o(.bss.usbd_int_fops)
    __initial_sp                             0x20000738   Data           0  startup_gd32l23x.o(STACK)



==============================================================================

Memory Map of the image

  Image Entry point : 0x08000155

  Load Region LR_IROM1 (Base: 0x08000000, Size: 0x00002628, Max: 0x00040000, ABSOLUTE, COMPRESSED[0x00002498])

    Execution Region ER_IROM1 (Exec base: 0x08000000, Load base: 0x08000000, Size: 0x00002380, Max: 0x00040000, ABSOLUTE)

    Exec Addr    Load Addr    Size         Type   Attr      Idx    E Section Name        Object

    0x08000000   0x08000000   0x00000154   Data   RO         1121    RESET               startup_gd32l23x.o
    0x08000154   0x08000154   0x00000000   Code   RO         1128  * .ARM.Collect$$$$00000000  mc_p.l(entry.o)
    0x08000154   0x08000154   0x00000004   Code   RO         1131    .ARM.Collect$$$$00000001  mc_p.l(entry2.o)
    0x08000158   0x08000158   0x00000004   Code   RO         1134    .ARM.Collect$$$$00000004  mc_p.l(entry5.o)
    0x0800015c   0x0800015c   0x00000000   Code   RO         1136    .ARM.Collect$$$$00000008  mc_p.l(entry7b.o)
    0x0800015c   0x0800015c   0x00000000   Code   RO         1138    .ARM.Collect$$$$0000000A  mc_p.l(entry8b.o)
    0x0800015c   0x0800015c   0x00000008   Code   RO         1139    .ARM.Collect$$$$0000000B  mc_p.l(entry9a.o)
    0x08000164   0x08000164   0x00000000   Code   RO         1141    .ARM.Collect$$$$0000000D  mc_p.l(entry10a.o)
    0x08000164   0x08000164   0x00000000   Code   RO         1143    .ARM.Collect$$$$0000000F  mc_p.l(entry11a.o)
    0x08000164   0x08000164   0x00000004   Code   RO         1132    .ARM.Collect$$$$00002712  mc_p.l(entry2.o)
    0x08000168   0x08000168   0x0000001c   Code   RO         1122    .text               startup_gd32l23x.o
    0x08000184   0x08000184   0x00000024   Code   RO         1145    .text               mc_p.l(init.o)
    0x080001a8   0x080001a8   0x00000056   Code   RO         1155    .text               mc_p.l(__dczerorl2.o)
    0x080001fe   0x080001fe   0x00000004   Code   RO           17    .text.HardFault_Handler  gd32l23x_it.o
    0x08000202   0x08000202   0x00000002   Code   RO           15    .text.NMI_Handler   gd32l23x_it.o
    0x08000204   0x08000204   0x00000002   Code   RO           21    .text.PendSV_Handler  gd32l23x_it.o
    0x08000206   0x08000206   0x00000002   Code   RO           19    .text.SVC_Handler   gd32l23x_it.o
    0x08000208   0x08000208   0x00000094   Code   RO           57    .text.SystemInit    system_gd32l23x.o
    0x0800029c   0x0800029c   0x00000008   Code   RO           23    .text.USBD_LP_IRQHandler  gd32l23x_it.o
    0x080002a4   0x080002a4   0x00000034   Code   RO          330    .text.__NVIC_EnableIRQ  gd32l23x_misc.o
    0x080002d8   0x080002d8   0x00000088   Code   RO          328    .text.__NVIC_SetPriority  gd32l23x_misc.o
    0x08000360   0x08000360   0x00000040   Code   RO         1025    .text._usb_bos_desc_get  usbd_enum.o
    0x080003a0   0x080003a0   0x00000026   Code   RO         1029    .text._usb_config_desc_get  usbd_enum.o
    0x080003c6   0x080003c6   0x00000020   Code   RO         1027    .text._usb_dev_desc_get  usbd_enum.o
    0x080003e6   0x080003e6   0x00000060   Code   RO         1069    .text._usb_in0_transc  usbd_transc.o
    0x08000446   0x08000446   0x0000004a   Code   RO         1065    .text._usb_out0_transc  usbd_transc.o
    0x08000490   0x08000490   0x000000c8   Code   RO         1055    .text._usb_setup_transc  usbd_transc.o
    0x08000558   0x08000558   0x000000c0   Code   RO          997    .text._usb_std_clearfeature  usbd_enum.o
    0x08000618   0x08000618   0x00000068   Code   RO         1009    .text._usb_std_getconfiguration  usbd_enum.o
    0x08000680   0x08000680   0x000001d4   Code   RO         1005    .text._usb_std_getdescriptor  usbd_enum.o
    0x08000854   0x08000854   0x0000005e   Code   RO         1013    .text._usb_std_getinterface  usbd_enum.o
    0x080008b2   0x080008b2   0x00000002   PAD
    0x080008b4   0x080008b4   0x00000110   Code   RO          995    .text._usb_std_getstatus  usbd_enum.o
    0x080009c4   0x080009c4   0x0000000c   Code   RO          999    .text._usb_std_reserved  usbd_enum.o
    0x080009d0   0x080009d0   0x0000006a   Code   RO         1003    .text._usb_std_setaddress  usbd_enum.o
    0x08000a3a   0x08000a3a   0x00000002   PAD
    0x08000a3c   0x08000a3c   0x000000d8   Code   RO         1011    .text._usb_std_setconfiguration  usbd_enum.o
    0x08000b14   0x08000b14   0x0000000c   Code   RO         1007    .text._usb_std_setdescriptor  usbd_enum.o
    0x08000b20   0x08000b20   0x000000b8   Code   RO         1001    .text._usb_std_setfeature  usbd_enum.o
    0x08000bd8   0x08000bd8   0x00000054   Code   RO         1015    .text._usb_std_setinterface  usbd_enum.o
    0x08000c2c   0x08000c2c   0x0000000c   Code   RO         1017    .text._usb_std_synchframe  usbd_enum.o
    0x08000c38   0x08000c38   0x0000002c   Code   RO         1031    .text._usb_str_desc_get  usbd_enum.o
    0x08000c64   0x08000c64   0x0000000c   Code   RO         1088    .text.custom_hid_data_in  custom_hid_core.o
    0x08000c70   0x08000c70   0x000000d4   Code   RO         1090    .text.custom_hid_data_out  custom_hid_core.o
    0x08000d44   0x08000d44   0x00000020   Code   RO         1084    .text.custom_hid_deinit  custom_hid_core.o
    0x08000d64   0x08000d64   0x000000ac   Code   RO         1082    .text.custom_hid_init  custom_hid_core.o
    0x08000e10   0x08000e10   0x0000002a   Code   RO         1092    .text.custom_hid_itfop_register  custom_hid_core.o
    0x08000e3a   0x08000e3a   0x00000002   PAD
    0x08000e3c   0x08000e3c   0x000001a8   Code   RO         1086    .text.custom_hid_req_handler  custom_hid_core.o
    0x08000fe4   0x08000fe4   0x0000001c   Code   RO          877    .text.gd_eval_led_off  gd32l233c_start.o
    0x08001000   0x08001000   0x00000024   Code   RO          875    .text.gd_eval_led_on  gd32l233c_start.o
    0x08001024   0x08001024   0x00000072   Code   RO          993    .text.int_to_unicode  usbd_enum.o
    0x08001096   0x08001096   0x00000002   Code   RO           45    .text.key_config    custom_hid_itf.o
    0x08001098   0x08001098   0x00000002   Code   RO           47    .text.led_config    custom_hid_itf.o
    0x0800109a   0x0800109a   0x00000002   PAD
    0x0800109c   0x0800109c   0x0000004c   Code   RO            2    .text.main          main.o
    0x080010e8   0x080010e8   0x0000000c   Code   RO           36    .text.nvic_config   gd32l23x_usbd_hw.o
    0x080010f4   0x080010f4   0x0000002a   Code   RO          326    .text.nvic_irq_enable  gd32l23x_misc.o
    0x0800111e   0x0800111e   0x00000002   PAD
    0x08001120   0x08001120   0x00000020   Code   RO          340    .text.nvic_vector_table_set  gd32l23x_misc.o
    0x08001140   0x08001140   0x00000018   Code   RO           32    .text.rcu_config    gd32l23x_usbd_hw.o
    0x08001158   0x08001158   0x00000024   Code   RO          424    .text.rcu_periph_clock_enable  gd32l23x_rcu.o
    0x0800117c   0x0800117c   0x00000020   Code   RO          466    .text.rcu_usbd_clock_config  gd32l23x_rcu.o
    0x0800119c   0x0800119c   0x00000012   Code   RO          956    .text.resume_mcu    usbd_lld_int.o
    0x080011ae   0x080011ae   0x00000002   PAD
    0x080011b0   0x080011b0   0x00000080   Code   RO          991    .text.serial_string_get  usbd_enum.o
    0x08001230   0x08001230   0x000000f4   Code   RO           63    .text.system_clock_48m_hxtal  system_gd32l23x.o
    0x08001324   0x08001324   0x00000008   Code   RO           59    .text.system_clock_config  system_gd32l23x.o
    0x0800132c   0x0800132c   0x00000018   Code   RO         1071    .text.usb_0len_packet_send  usbd_transc.o
    0x08001344   0x08001344   0x00000016   Code   RO         1061    .text.usb_ctl_data_in  usbd_transc.o
    0x0800135a   0x0800135a   0x00000014   Code   RO         1063    .text.usb_ctl_out   usbd_transc.o
    0x0800136e   0x0800136e   0x00000018   Code   RO         1059    .text.usb_ctl_status_in  usbd_transc.o
    0x08001386   0x08001386   0x00000012   Code   RO         1057    .text.usb_stall_transc  usbd_transc.o
    0x08001398   0x08001398   0x00000026   Code   RO          973    .text.usb_transc_config  usbd_core.o
    0x080013be   0x080013be   0x00000026   Code   RO         1019    .text.usb_transc_config  usbd_enum.o
    0x080013e4   0x080013e4   0x00000026   Code   RO         1067    .text.usb_transc_config  usbd_transc.o
    0x0800140a   0x0800140a   0x00000026   Code   RO         1100    .text.usb_transc_config  custom_hid_core.o
    0x08001430   0x08001430   0x00000018   Code   RO          913    .text.usbd_address_set  usbd_lld_core.o
    0x08001448   0x08001448   0x0000003c   Code   RO          987    .text.usbd_class_request  usbd_enum.o
    0x08001484   0x08001484   0x0000001a   Code   RO            4    .text.usbd_connect  main.o
    0x0800149e   0x0800149e   0x00000002   PAD
    0x080014a0   0x080014a0   0x00000024   Code   RO          907    .text.usbd_core_reset  usbd_lld_core.o
    0x080014c4   0x080014c4   0x0000001c   Code   RO          909    .text.usbd_core_stop  usbd_lld_core.o
    0x080014e0   0x080014e0   0x00000034   Code   RO          911    .text.usbd_dp_pullup  usbd_lld_core.o
    0x08001514   0x08001514   0x0000001e   Code   RO         1021    .text.usbd_ep_clear_stall  usbd_enum.o
    0x08001532   0x08001532   0x00000002   PAD
    0x08001534   0x08001534   0x00000110   Code   RO          931    .text.usbd_ep_data_read  usbd_lld_core.o
    0x08001644   0x08001644   0x00000090   Code   RO          929    .text.usbd_ep_data_write  usbd_lld_core.o
    0x080016d4   0x080016d4   0x0000001e   Code   RO         1098    .text.usbd_ep_deinit  custom_hid_core.o
    0x080016f2   0x080016f2   0x00000002   PAD
    0x080016f4   0x080016f4   0x000000c4   Code   RO          925    .text.usbd_ep_disable  usbd_lld_core.o
    0x080017b8   0x080017b8   0x00000026   Code   RO         1096    .text.usbd_ep_init  custom_hid_core.o
    0x080017de   0x080017de   0x00000046   Code   RO          971    .text.usbd_ep_recev  usbd_core.o
    0x08001824   0x08001824   0x000000c0   Code   RO          921    .text.usbd_ep_reset  usbd_lld_core.o
    0x080018e4   0x080018e4   0x00000038   Code   RO          927    .text.usbd_ep_rx_enable  usbd_lld_core.o
    0x0800191c   0x0800191c   0x0000007a   Code   RO          975    .text.usbd_ep_send  usbd_core.o
    0x08001996   0x08001996   0x00000002   PAD
    0x08001998   0x08001998   0x000002b0   Code   RO          923    .text.usbd_ep_setup  usbd_lld_core.o
    0x08001c48   0x08001c48   0x0000001e   Code   RO         1023    .text.usbd_ep_stall  usbd_enum.o
    0x08001c66   0x08001c66   0x0000001e   Code   RO         1073    .text.usbd_ep_stall  usbd_transc.o
    0x08001c84   0x08001c84   0x000000f4   Code   RO          935    .text.usbd_ep_stall_clear  usbd_lld_core.o
    0x08001d78   0x08001d78   0x000000bc   Code   RO          933    .text.usbd_ep_stall_set  usbd_lld_core.o
    0x08001e34   0x08001e34   0x0000003c   Code   RO          937    .text.usbd_ep_status  usbd_lld_core.o
    0x08001e70   0x08001e70   0x00000080   Code   RO          969    .text.usbd_init     usbd_core.o
    0x08001ef0   0x08001ef0   0x00000030   Code   RO          958    .text.usbd_int_suspend  usbd_lld_int.o
    0x08001f20   0x08001f20   0x000002dc   Code   RO          954    .text.usbd_isr      usbd_lld_int.o
    0x080021fc   0x080021fc   0x00000014   Code   RO          917    .text.usbd_leave_suspend  usbd_lld_core.o
    0x08002210   0x08002210   0x00000024   Code   RO          919    .text.usbd_resume   usbd_lld_core.o
    0x08002234   0x08002234   0x00000020   Code   RO          985    .text.usbd_standard_request  usbd_enum.o
    0x08002254   0x08002254   0x00000010   Code   RO          915    .text.usbd_suspend  usbd_lld_core.o
    0x08002264   0x08002264   0x00000012   Code   RO          960    .text.usbd_to_suspend  usbd_lld_int.o
    0x08002276   0x08002276   0x0000003c   Code   RO          989    .text.usbd_vendor_request  usbd_enum.o
    0x080022b2   0x080022b2   0x0000000e   Code   RO         1149    i.__scatterload_copy  mc_p.l(handlers.o)
    0x080022c0   0x080022c0   0x00000002   Code   RO         1150    i.__scatterload_null  mc_p.l(handlers.o)
    0x080022c2   0x080022c2   0x0000000e   Code   RO         1151    i.__scatterload_zeroinit  mc_p.l(handlers.o)
    0x080022d0   0x080022d0   0x00000010   Data   RO          889    .rodata.GPIO_PIN    gd32l233c_start.o
    0x080022e0   0x080022e0   0x00000010   Data   RO          888    .rodata.GPIO_PORT   gd32l233c_start.o
    0x080022f0   0x080022f0   0x00000060   Data   RO         1107    .rodata.customhid_report_descriptor  custom_hid_core.o
    0x08002350   0x08002350   0x00000010   Data   RO          944    .rodata.ep_type     usbd_lld_core.o
    0x08002360   0x08002360   0x00000020   Data   RO         1148    Region$$Table       anon$$obj.o


    Execution Region RW_IRAM1 (Exec base: 0x20000000, Load base: 0x08002380, Size: 0x00000738, Max: 0x00008000, ABSOLUTE, COMPRESSED[0x00000118])

    Exec Addr    Load Addr    Size         Type   Attr      Idx    E Section Name        Object

    0x20000000   COMPRESSED   0x00000034   Data   RW         1033    .data._std_dev_req  usbd_enum.o
    0x20000034   COMPRESSED   0x00000004   Data   RW          941    .data.btable_ep     usbd_lld_core.o
    0x20000038   COMPRESSED   0x00000024   Data   RW         1106    .data.custom_hid_class  custom_hid_core.o
    0x2000005c   COMPRESSED   0x00000029   Data   RW         1103    .data.custom_hid_config_desc  custom_hid_core.o
    0x20000085   COMPRESSED   0x00000003   PAD
    0x20000088   COMPRESSED   0x00000010   Data   RW         1105    .data.custom_hid_desc  custom_hid_core.o
    0x20000098   COMPRESSED   0x00000012   Data   RW         1102    .data.custom_hid_dev_desc  custom_hid_core.o
    0x200000aa   COMPRESSED   0x00000002   PAD
    0x200000ac   COMPRESSED   0x00000010   Data   RW           49    .data.fop_handler   custom_hid_itf.o
    0x200000bc   COMPRESSED   0x00000082   Data   RW         1110    .data.manufacturer_string  custom_hid_core.o
    0x2000013e   COMPRESSED   0x00000082   Data   RW         1111    .data.product_string  custom_hid_core.o
    0x200001c0   COMPRESSED   0x00000082   Data   RW         1109    .data.serial_string  custom_hid_core.o
    0x20000242   COMPRESSED   0x00000002   PAD
    0x20000244   COMPRESSED   0x0000000c   Data   RW         1035    .data.std_desc_get  usbd_enum.o
    0x20000250   COMPRESSED   0x00000040   Data   RW          942    .data.usbd_drv_handler  usbd_lld_core.o
    0x20000290   COMPRESSED   0x00000010   Data   RW         1104    .data.usbd_hid_strings  custom_hid_core.o
    0x200002a0   COMPRESSED   0x00000004   Data   RW         1108    .data.usbd_language_id_desc  custom_hid_core.o
    0x200002a4   COMPRESSED   0x00000004   PAD
    0x200002a8        -       0x00000002   Zero   RW         1034    .bss._usb_std_getstatus.status  usbd_enum.o
    0x200002aa        -       0x00000001   Zero   RW         1036    .bss._usb_std_setconfiguration.config  usbd_enum.o
    0x200002ab   COMPRESSED   0x00000001   PAD
    0x200002ac        -       0x00000006   Zero   RW         1112    .bss.custom_hid_init.hid_handler  custom_hid_core.o
    0x200002b2   COMPRESSED   0x00000002   PAD
    0x200002b4        -       0x00000008   Zero   RW          943    .bss.usbd_core      usbd_lld_core.o
    0x200002bc        -       0x00000078   Zero   RW            6    .bss.usbd_custom_hid  main.o
    0x20000334        -       0x00000004   Zero   RW          977    .bss.usbd_int_fops  usbd_core.o
    0x20000338        -       0x00000400   Zero   RW         1119    STACK               startup_gd32l23x.o


==============================================================================

Image component sizes


      Code (inc. data)   RO Data    RW Data    ZI Data      Debug   Object Name

      1000         12         96        521          6       8166   custom_hid_core.o
         4          0          0         16          0        830   custom_hid_itf.o
        64          8         32          0          0       4049   gd32l233c_start.o
        18          0          0          0          0        735   gd32l23x_it.o
       262         20          0          0          0       4602   gd32l23x_misc.o
        68          4          0          0          0      13713   gd32l23x_rcu.o
        36          4          0          0          0       2887   gd32l23x_usbd_hw.o
       102         16          0          0        120       3643   main.o
        28          8        340          0       1024        784   startup_gd32l23x.o
       400         56          0          0          0       1924   system_gd32l23x.o
       358         16          0          0          4       4758   usbd_core.o
      2426         32          0         64          3      10078   usbd_enum.o
      2252        112         16         68          8       8396   usbd_lld_core.o
       816         40          0          0          0       5906   usbd_lld_int.o
       546          0          0          0          0       5450   usbd_transc.o

    ----------------------------------------------------------------------
      8400        328        516        676       1172      75921   Object Totals
         0          0         32          0          0          0   (incl. Generated)
        20          0          0          7          7          0   (incl. Padding)

    ----------------------------------------------------------------------

      Code (inc. data)   RO Data    RW Data    ZI Data      Debug   Library Member Name

        86          0          0          0          0          0   __dczerorl2.o
         0          0          0          0          0          0   entry.o
         0          0          0          0          0          0   entry10a.o
         0          0          0          0          0          0   entry11a.o
         8          4          0          0          0          0   entry2.o
         4          0          0          0          0          0   entry5.o
         0          0          0          0          0          0   entry7b.o
         0          0          0          0          0          0   entry8b.o
         8          4          0          0          0          0   entry9a.o
        30          0          0          0          0          0   handlers.o
        36          8          0          0          0         68   init.o

    ----------------------------------------------------------------------
       172         16          0          0          0         68   Library Totals
         0          0          0          0          0          0   (incl. Padding)

    ----------------------------------------------------------------------

      Code (inc. data)   RO Data    RW Data    ZI Data      Debug   Library Name

       172         16          0          0          0         68   mc_p.l

    ----------------------------------------------------------------------
       172         16          0          0          0         68   Library Totals

    ----------------------------------------------------------------------

==============================================================================


      Code (inc. data)   RO Data    RW Data    ZI Data      Debug   

      8572        344        516        676       1172      75953   Grand Totals
      8572        344        516        280       1172      75953   ELF Image Totals (compressed)
      8572        344        516        280          0          0   ROM Totals

==============================================================================

    Total RO  Size (Code + RO Data)                 9088 (   8.88kB)
    Total RW  Size (RW Data + ZI Data)              1848 (   1.80kB)
    Total ROM Size (Code + RO Data + RW Data)       9368 (   9.15kB)

==============================================================================

