Component: ARM Compiler 6.16 Tool: armlink [5dfeaa00]

==============================================================================

Section Cross References

    main.o(.text.main) refers to systick.o(.text.systick_config) for systick_config
    main.o(.text.main) refers to gd32l23x_rcu.o(.text.rcu_periph_clock_enable) for rcu_periph_clock_enable
    main.o(.text.main) refers to gd32l23x_gpio.o(.text.gpio_mode_set) for gpio_mode_set
    main.o(.text.main) refers to gd32l23x_gpio.o(.text.gpio_output_options_set) for gpio_output_options_set
    main.o(.text.main) refers to 9235.o(.text.Init_ILI9325) for Init_ILI9325
    main.o(.text.main) refers to nes_main.o(.text.nes_main) for nes_main
    main.o(.text.main) refers to 9235.o(.text.Show_RGB) for Show_RGB
    main.o(.text.main) refers to systick.o(.text.delay_1ms) for delay_1ms
    main.o(.ARM.exidx.text.main) refers to main.o(.text.main) for [Anonymous Symbol]
    gd32l23x_it.o(.ARM.exidx.text.NMI_Handler) refers to gd32l23x_it.o(.text.NMI_Handler) for [Anonymous Symbol]
    gd32l23x_it.o(.ARM.exidx.text.HardFault_Handler) refers to gd32l23x_it.o(.text.HardFault_Handler) for [Anonymous Symbol]
    gd32l23x_it.o(.ARM.exidx.text.SVC_Handler) refers to gd32l23x_it.o(.text.SVC_Handler) for [Anonymous Symbol]
    gd32l23x_it.o(.ARM.exidx.text.PendSV_Handler) refers to gd32l23x_it.o(.text.PendSV_Handler) for [Anonymous Symbol]
    gd32l23x_it.o(.text.SysTick_Handler) refers to systick.o(.text.delay_decrement) for delay_decrement
    gd32l23x_it.o(.ARM.exidx.text.SysTick_Handler) refers to gd32l23x_it.o(.text.SysTick_Handler) for [Anonymous Symbol]
    systick.o(.text.systick_config) refers to systick.o(.text.SysTick_Config) for SysTick_Config
    systick.o(.text.systick_config) refers to systick.o(.text.__NVIC_SetPriority) for __NVIC_SetPriority
    systick.o(.text.systick_config) refers to system_gd32l23x.o(.data.SystemCoreClock) for SystemCoreClock
    systick.o(.ARM.exidx.text.systick_config) refers to systick.o(.text.systick_config) for [Anonymous Symbol]
    systick.o(.text.SysTick_Config) refers to systick.o(.text.__NVIC_SetPriority) for __NVIC_SetPriority
    systick.o(.ARM.exidx.text.SysTick_Config) refers to systick.o(.text.SysTick_Config) for [Anonymous Symbol]
    systick.o(.ARM.exidx.text.__NVIC_SetPriority) refers to systick.o(.text.__NVIC_SetPriority) for [Anonymous Symbol]
    systick.o(.text.delay_1ms) refers to systick.o(.bss.delay) for [Anonymous Symbol]
    systick.o(.ARM.exidx.text.delay_1ms) refers to systick.o(.text.delay_1ms) for [Anonymous Symbol]
    systick.o(.text.delay_decrement) refers to systick.o(.bss.delay) for [Anonymous Symbol]
    systick.o(.ARM.exidx.text.delay_decrement) refers to systick.o(.text.delay_decrement) for [Anonymous Symbol]
    9235.o(.text.ClearScreen) refers to 9235.o(.text.LCD_SetPos) for LCD_SetPos
    9235.o(.text.ClearScreen) refers to 9235.o(.text.Write_Data_U16) for Write_Data_U16
    9235.o(.ARM.exidx.text.ClearScreen) refers to 9235.o(.text.ClearScreen) for [Anonymous Symbol]
    9235.o(.text.LCD_SetPos) refers to 9235.o(.text.Init_data) for Init_data
    9235.o(.text.LCD_SetPos) refers to 9235.o(.text.Write_Cmd) for Write_Cmd
    9235.o(.ARM.exidx.text.LCD_SetPos) refers to 9235.o(.text.LCD_SetPos) for [Anonymous Symbol]
    9235.o(.text.Write_Data_U16) refers to 9235.o(.text.Write_Data) for Write_Data
    9235.o(.ARM.exidx.text.Write_Data_U16) refers to 9235.o(.text.Write_Data_U16) for [Anonymous Symbol]
    9235.o(.text.Show_RGB) refers to 9235.o(.text.LCD_SetPos) for LCD_SetPos
    9235.o(.text.Show_RGB) refers to 9235.o(.text.Write_Data_U16) for Write_Data_U16
    9235.o(.ARM.exidx.text.Show_RGB) refers to 9235.o(.text.Show_RGB) for [Anonymous Symbol]
    9235.o(.text.Disline) refers to 9235.o(.text.LCD_SetPos) for LCD_SetPos
    9235.o(.text.Disline) refers to 9235.o(.text.Write_Data_U16) for Write_Data_U16
    9235.o(.ARM.exidx.text.Disline) refers to 9235.o(.text.Disline) for [Anonymous Symbol]
    9235.o(.text.LcdDrawCircle) refers to 9235.o(.text.LCD_SetPos) for LCD_SetPos
    9235.o(.text.LcdDrawCircle) refers to 9235.o(.text.Write_Data_U16) for Write_Data_U16
    9235.o(.ARM.exidx.text.LcdDrawCircle) refers to 9235.o(.text.LcdDrawCircle) for [Anonymous Symbol]
    9235.o(.text.DrawCoord) refers to 9235.o(.text.Show_RGB) for Show_RGB
    9235.o(.ARM.exidx.text.DrawCoord) refers to 9235.o(.text.DrawCoord) for [Anonymous Symbol]
    9235.o(.text.Show_Xmark) refers to 9235.o(.text.Show_RGB) for Show_RGB
    9235.o(.ARM.exidx.text.Show_Xmark) refers to 9235.o(.text.Show_Xmark) for [Anonymous Symbol]
    9235.o(.text.Show_Ymark) refers to 9235.o(.text.Show_RGB) for Show_RGB
    9235.o(.ARM.exidx.text.Show_Ymark) refers to 9235.o(.text.Show_Ymark) for [Anonymous Symbol]
    9235.o(.text.Init_data) refers to 9235.o(.text.Write_Cmd) for Write_Cmd
    9235.o(.text.Init_data) refers to 9235.o(.text.Write_Data) for Write_Data
[...]
    __arm_cp.0_6                             0x080010c4   Number         4  ppu.o(.text.PPU_Init)
    __arm_cp.0_7                             0x080010c8   Number         4  ppu.o(.text.PPU_Init)
    __arm_cp.0_8                             0x080010cc   Number         4  ppu.o(.text.PPU_Init)
    [Anonymous Symbol]                       0x080010d0   Section        0  ppu.o(.text.PPU_MemRead)
    __arm_cp.4_0                             0x080011a8   Number         4  ppu.o(.text.PPU_MemRead)
    __arm_cp.4_1                             0x080011ac   Number         4  ppu.o(.text.PPU_MemRead)
    __arm_cp.4_3                             0x080011b0   Number         4  ppu.o(.text.PPU_MemRead)
    [Anonymous Symbol]                       0x080011b4   Section        0  ppu.o(.text.PPU_MemWrite)
    __arm_cp.3_0                             0x08001284   Number         4  ppu.o(.text.PPU_MemWrite)
    __arm_cp.3_1                             0x08001288   Number         4  ppu.o(.text.PPU_MemWrite)
    [Anonymous Symbol]                       0x0800128c   Section        0  ppu.o(.text.PPU_NameTablesRead)
    [Anonymous Symbol]                       0x08001310   Section        0  ppu.o(.text.PPU_NameTablesWrite)
    __arm_cp.2_0                             0x0800138c   Number         4  ppu.o(.text.PPU_NameTablesWrite)
    __arm_cp.2_1                             0x08001390   Number         4  ppu.o(.text.PPU_NameTablesWrite)
    __arm_cp.2_2                             0x08001394   Number         4  ppu.o(.text.PPU_NameTablesWrite)
    __arm_cp.2_3                             0x08001398   Number         4  ppu.o(.text.PPU_NameTablesWrite)
    __arm_cp.2_4                             0x0800139c   Number         4  ppu.o(.text.PPU_NameTablesWrite)
    __arm_cp.2_5                             0x080013a0   Number         4  ppu.o(.text.PPU_NameTablesWrite)
    __arm_cp.2_6                             0x080013a4   Number         4  ppu.o(.text.PPU_NameTablesWrite)
    __arm_cp.2_7                             0x080013a8   Number         4  ppu.o(.text.PPU_NameTablesWrite)
    [Anonymous Symbol]                       0x080013ac   Section        0  ppu.o(.text.PPU_RegRead)
    __arm_cp.6_1                             0x0800146c   Number         4  ppu.o(.text.PPU_RegRead)
    __arm_cp.6_3                             0x08001470   Number         4  ppu.o(.text.PPU_RegRead)
    [Anonymous Symbol]                       0x08001474   Section        0  ppu.o(.text.PPU_RegWrite)
    __arm_cp.5_0                             0x08001548   Number         4  ppu.o(.text.PPU_RegWrite)
    __arm_cp.5_1                             0x0800154c   Number         4  ppu.o(.text.PPU_RegWrite)
    __arm_cp.5_2                             0x08001550   Number         4  ppu.o(.text.PPU_RegWrite)
    __arm_cp.5_3                             0x08001554   Number         4  ppu.o(.text.PPU_RegWrite)
    __arm_cp.5_5                             0x08001558   Number         4  ppu.o(.text.PPU_RegWrite)
    [Anonymous Symbol]                       0x0800155c   Section        0  gd32l23x_it.o(.text.PendSV_Handler)
    [Anonymous Symbol]                       0x0800155e   Section        0  gd32l23x_it.o(.text.SVC_Handler)
    [Anonymous Symbol]                       0x08001560   Section        0  9235.o(.text.Show_RGB)
    [Anonymous Symbol]                       0x080015b8   Section        0  6502.o(.text.SprDMA)
    __arm_cp.84_0                            0x0800169c   Number         4  6502.o(.text.SprDMA)
    __arm_cp.84_1                            0x080016a0   Number         4  6502.o(.text.SprDMA)
    __arm_cp.84_2                            0x080016a4   Number         4  6502.o(.text.SprDMA)
    __arm_cp.84_3                            0x080016a8   Number         4  6502.o(.text.SprDMA)
    __arm_cp.84_5                            0x080016ac   Number         4  6502.o(.text.SprDMA)
    SysTick_Config                           0x080016b1   Thumb Code    64  systick.o(.text.SysTick_Config)
    [Anonymous Symbol]                       0x080016b0   Section        0  systick.o(.text.SysTick_Config)
    __arm_cp.1_0                             0x080016f0   Number         4  systick.o(.text.SysTick_Config)
    __arm_cp.1_1                             0x080016f4   Number         4  systick.o(.text.SysTick_Config)
    __arm_cp.1_2                             0x080016f8   Number         4  systick.o(.text.SysTick_Config)
    [Anonymous Symbol]                       0x080016fc   Section        0  gd32l23x_it.o(.text.SysTick_Handler)
    [Anonymous Symbol]                       0x08001704   Section        0  system_gd32l23x.o(.text.SystemInit)
    __arm_cp.0_0                             0x08001778   Number         4  system_gd32l23x.o(.text.SystemInit)
    __arm_cp.0_1                             0x0800177c   Number         4  system_gd32l23x.o(.text.SystemInit)
    __arm_cp.0_2                             0x08001780   Number         4  system_gd32l23x.o(.text.SystemInit)
    __arm_cp.0_3                             0x08001784   Number         4  system_gd32l23x.o(.text.SystemInit)
    __arm_cp.0_4                             0x08001788   Number         4  system_gd32l23x.o(.text.SystemInit)
    __arm_cp.0_5                             0x0800178c   Number         4  system_gd32l23x.o(.text.SystemInit)
    __arm_cp.0_6                             0x08001790   Number         4  system_gd32l23x.o(.text.SystemInit)
    __arm_cp.0_7                             0x08001794   Number         4  system_gd32l23x.o(.text.SystemInit)
    [Anonymous Symbol]                       0x08001798   Section        0  9235.o(.text.Write_Cmd)
    [Anonymous Symbol]                       0x08001820   Section        0  9235.o(.text.Write_Data)
    __arm_cp.11_0                            0x080018a8   Number         4  9235.o(.text.Write_Data)
    [Anonymous Symbol]                       0x080018ac   Section        0  9235.o(.text.Write_Data_U16)
    __NVIC_SetPriority                       0x080018cd   Thumb Code   128  systick.o(.text.__NVIC_SetPriority)
    [Anonymous Symbol]                       0x080018cc   Section        0  systick.o(.text.__NVIC_SetPriority)
    __arm_cp.2_0                             0x0800194c   Number         4  systick.o(.text.__NVIC_SetPriority)
    __arm_cp.2_1                             0x08001950   Number         4  systick.o(.text.__NVIC_SetPriority)
    [Anonymous Symbol]                       0x08001954   Section        0  6502.o(.text.abs6502)
    [Anonymous Symbol]                       0x08001994   Section        0  6502.o(.text.absx6502)
    __arm_cp.21_4                            0x08001a10   Number         4  6502.o(.text.absx6502)
    __arm_cp.21_5                            0x08001a14   Number         4  6502.o(.text.absx6502)
    [Anonymous Symbol]                       0x08001a18   Section        0  6502.o(.text.absy6502)
    __arm_cp.19_0                            0x08001a94   Number         4  6502.o(.text.absy6502)
    __arm_cp.19_4                            0x08001a98   Number         4  6502.o(.text.absy6502)
    [Anonymous Symbol]                       0x08001a9c   Section        0  6502.o(.text.adc6502)
    __arm_cp.41_5                            0x08001be4   Number         4  6502.o(.text.adc6502)
    __arm_cp.41_7                            0x08001be8   Number         4  6502.o(.text.adc6502)
    __arm_cp.41_8                            0x08001bec   Number         4  6502.o(.text.adc6502)
    [Anonymous Symbol]                       0x08001bf0   Section        0  6502.o(.text.and6502)
    [Anonymous Symbol]                       0x08001c60   Section        0  6502.o(.text.asl6502)
    __arm_cp.7_0                             0x08001cf0   Number         4  6502.o(.text.asl6502)
    __arm_cp.7_1                             0x08001cf4   Number         4  6502.o(.text.asl6502)
    __arm_cp.7_2                             0x08001cf8   Number         4  6502.o(.text.asl6502)
    [Anonymous Symbol]                       0x08001cfc   Section        0  6502.o(.text.asla6502)
    __arm_cp.10_1                            0x08001d58   Number         4  6502.o(.text.asla6502)
    [Anonymous Symbol]                       0x08001d5c   Section        0  6502.o(.text.bcc6502)
    __arm_cp.57_1                            0x08001dac   Number         4  6502.o(.text.bcc6502)
    __arm_cp.57_3                            0x08001db0   Number         4  6502.o(.text.bcc6502)
    __arm_cp.57_4                            0x08001db4   Number         4  6502.o(.text.bcc6502)
    __arm_cp.57_5                            0x08001db8   Number         4  6502.o(.text.bcc6502)
    __arm_cp.57_6                            0x08001dbc   Number         4  6502.o(.text.bcc6502)
    [Anonymous Symbol]                       0x08001dc0   Section        0  6502.o(.text.bcs6502)
    __arm_cp.66_0                            0x08001e10   Number         4  6502.o(.text.bcs6502)
    __arm_cp.66_2                            0x08001e14   Number         4  6502.o(.text.bcs6502)
    __arm_cp.66_3                            0x08001e18   Number         4  6502.o(.text.bcs6502)
    __arm_cp.66_4                            0x08001e1c   Number         4  6502.o(.text.bcs6502)
    __arm_cp.66_5                            0x08001e20   Number         4  6502.o(.text.bcs6502)
    [Anonymous Symbol]                       0x08001e24   Section        0  6502.o(.text.beq6502)
    __arm_cp.81_0                            0x08001e78   Number         4  6502.o(.text.beq6502)
    __arm_cp.81_2                            0x08001e7c   Number         4  6502.o(.text.beq6502)
    __arm_cp.81_6                            0x08001e80   Number         4  6502.o(.text.beq6502)
    [Anonymous Symbol]                       0x08001e84   Section        0  6502.o(.text.bit6502)
    __arm_cp.24_4                            0x08001ee0   Number         4  6502.o(.text.bit6502)
    __arm_cp.24_5                            0x08001ee4   Number         4  6502.o(.text.bit6502)
    [Anonymous Symbol]                       0x08001ee8   Section        0  6502.o(.text.bmi6502)
    __arm_cp.28_0                            0x08001f3c   Number         4  6502.o(.text.bmi6502)
    __arm_cp.28_3                            0x08001f40   Number         4  6502.o(.text.bmi6502)
    __arm_cp.28_4                            0x08001f44   Number         4  6502.o(.text.bmi6502)
    __arm_cp.28_5                            0x08001f48   Number         4  6502.o(.text.bmi6502)
    [Anonymous Symbol]                       0x08001f4c   Section        0  6502.o(.text.bne6502)
    __arm_cp.74_0                            0x08001fa0   Number         4  6502.o(.text.bne6502)
    __arm_cp.74_2                            0x08001fa4   Number         4  6502.o(.text.bne6502)
    __arm_cp.74_3                            0x08001fa8   Number         4  6502.o(.text.bne6502)
    [Anonymous Symbol]                       0x08001fac   Section        0  6502.o(.text.bpl6502)
    __arm_cp.12_0                            0x08002000   Number         4  6502.o(.text.bpl6502)
    __arm_cp.12_2                            0x08002004   Number         4  6502.o(.text.bpl6502)
    __arm_cp.12_4                            0x08002008   Number         4  6502.o(.text.bpl6502)
    __arm_cp.12_5                            0x0800200c   Number         4  6502.o(.text.bpl6502)
    [Anonymous Symbol]                       0x08002010   Section        0  6502.o(.text.bra6502)
    __arm_cp.51_0                            0x08002038   Number         4  6502.o(.text.bra6502)
    __arm_cp.51_1                            0x0800203c   Number         4  6502.o(.text.bra6502)
    __arm_cp.51_2                            0x08002040   Number         4  6502.o(.text.bra6502)
    __arm_cp.51_4                            0x08002044   Number         4  6502.o(.text.bra6502)
    [Anonymous Symbol]                       0x08002048   Section        0  6502.o(.text.brk6502)
    __arm_cp.0_0                             0x080020c0   Number         4  6502.o(.text.brk6502)
    __arm_cp.0_1                             0x080020c4   Number         4  6502.o(.text.brk6502)
    __arm_cp.0_2                             0x080020c8   Number         4  6502.o(.text.brk6502)
    __arm_cp.0_3                             0x080020cc   Number         4  6502.o(.text.brk6502)
    __arm_cp.0_4                             0x080020d0   Number         4  6502.o(.text.brk6502)
    [Anonymous Symbol]                       0x080020d4   Section        0  6502.o(.text.bvc6502)
    __arm_cp.37_0                            0x08002128   Number         4  6502.o(.text.bvc6502)
    __arm_cp.37_1                            0x0800212c   Number         4  6502.o(.text.bvc6502)
    __arm_cp.37_2                            0x08002130   Number         4  6502.o(.text.bvc6502)
    __arm_cp.37_3                            0x08002134   Number         4  6502.o(.text.bvc6502)
    __arm_cp.37_4                            0x08002138   Number         4  6502.o(.text.bvc6502)
    __arm_cp.37_5                            0x0800213c   Number         4  6502.o(.text.bvc6502)
    __arm_cp.37_6                            0x08002140   Number         4  6502.o(.text.bvc6502)
    [Anonymous Symbol]                       0x08002144   Section        0  6502.o(.text.bvs6502)
    __arm_cp.47_1                            0x08002198   Number         4  6502.o(.text.bvs6502)
    __arm_cp.47_2                            0x0800219c   Number         4  6502.o(.text.bvs6502)
    __arm_cp.47_3                            0x080021a0   Number         4  6502.o(.text.bvs6502)
    __arm_cp.47_4                            0x080021a4   Number         4  6502.o(.text.bvs6502)
    __arm_cp.47_5                            0x080021a8   Number         4  6502.o(.text.bvs6502)
    __arm_cp.47_6                            0x080021ac   Number         4  6502.o(.text.bvs6502)
    [Anonymous Symbol]                       0x080021b0   Section        0  6502.o(.text.clc6502)
    [Anonymous Symbol]                       0x080021bc   Section        0  6502.o(.text.cld6502)
    __arm_cp.75_0                            0x080021c8   Number         4  6502.o(.text.cld6502)
    [Anonymous Symbol]                       0x080021cc   Section        0  6502.o(.text.cli6502)
    [Anonymous Symbol]                       0x080021d8   Section        0  6502.o(.text.clv6502)
    __arm_cp.67_0                            0x080021e4   Number         4  6502.o(.text.clv6502)
    [Anonymous Symbol]                       0x080021e8   Section        0  6502.o(.text.cmp6502)
    __arm_cp.70_0                            0x08002288   Number         4  6502.o(.text.cmp6502)
    __arm_cp.70_1                            0x0800228c   Number         4  6502.o(.text.cmp6502)
    __arm_cp.70_2                            0x08002290   Number         4  6502.o(.text.cmp6502)
    __arm_cp.70_3                            0x08002294   Number         4  6502.o(.text.cmp6502)
    __arm_cp.70_5                            0x08002298   Number         4  6502.o(.text.cmp6502)
    [Anonymous Symbol]                       0x0800229c   Section        0  6502.o(.text.cpx6502)
    __arm_cp.77_0                            0x0800233c   Number         4  6502.o(.text.cpx6502)
    __arm_cp.77_1                            0x08002340   Number         4  6502.o(.text.cpx6502)
    __arm_cp.77_2                            0x08002344   Number         4  6502.o(.text.cpx6502)
    __arm_cp.77_3                            0x08002348   Number         4  6502.o(.text.cpx6502)
    __arm_cp.77_5                            0x0800234c   Number         4  6502.o(.text.cpx6502)
    [Anonymous Symbol]                       0x08002350   Section        0  6502.o(.text.cpy6502)
    __arm_cp.69_0                            0x080023f0   Number         4  6502.o(.text.cpy6502)
    __arm_cp.69_1                            0x080023f4   Number         4  6502.o(.text.cpy6502)
    __arm_cp.69_2                            0x080023f8   Number         4  6502.o(.text.cpy6502)
    [Anonymous Symbol]                       0x080023fc   Section        0  6502.o(.text.dea6502)
    __arm_cp.30_0                            0x08002448   Number         4  6502.o(.text.dea6502)
    __arm_cp.30_1                            0x0800244c   Number         4  6502.o(.text.dea6502)
    [Anonymous Symbol]                       0x08002450   Section        0  6502.o(.text.dec6502)
    __arm_cp.71_0                            0x080024d8   Number         4  6502.o(.text.dec6502)
    __arm_cp.71_1                            0x080024dc   Number         4  6502.o(.text.dec6502)
    __arm_cp.71_2                            0x080024e0   Number         4  6502.o(.text.dec6502)
    __arm_cp.71_3                            0x080024e4   Number         4  6502.o(.text.dec6502)
    __arm_cp.71_4                            0x080024e8   Number         4  6502.o(.text.dec6502)
    [Anonymous Symbol]                       0x080024ec   Section        0  systick.o(.text.delay_1ms)
    [Anonymous Symbol]                       0x08002508   Section        0  systick.o(.text.delay_decrement)
    __arm_cp.4_0                             0x0800251c   Number         4  systick.o(.text.delay_decrement)
    [Anonymous Symbol]                       0x08002520   Section        0  6502.o(.text.dex6502)
    __arm_cp.73_0                            0x0800256c   Number         4  6502.o(.text.dex6502)
    __arm_cp.73_1                            0x08002570   Number         4  6502.o(.text.dex6502)
    [Anonymous Symbol]                       0x08002574   Section        0  6502.o(.text.dey6502)
    __arm_cp.55_0                            0x080025c0   Number         4  6502.o(.text.dey6502)
    __arm_cp.55_1                            0x080025c4   Number         4  6502.o(.text.dey6502)
    [Anonymous Symbol]                       0x080025c8   Section        0  6502.o(.text.eor6502)
    __arm_cp.32_0                            0x08002630   Number         4  6502.o(.text.eor6502)
    __arm_cp.32_1                            0x08002634   Number         4  6502.o(.text.eor6502)
    __arm_cp.32_2                            0x08002638   Number         4  6502.o(.text.eor6502)
    __arm_cp.32_3                            0x0800263c   Number         4  6502.o(.text.eor6502)
    __arm_cp.32_4                            0x08002640   Number         4  6502.o(.text.eor6502)
    [Anonymous Symbol]                       0x08002644   Section        0  6502.o(.text.exec6502)
    __arm_cp.90_0                            0x080026e4   Number         4  6502.o(.text.exec6502)
    __arm_cp.90_1                            0x080026e8   Number         4  6502.o(.text.exec6502)
    __arm_cp.90_2                            0x080026ec   Number         4  6502.o(.text.exec6502)
    __arm_cp.90_3                            0x080026f0   Number         4  6502.o(.text.exec6502)
    __arm_cp.90_5                            0x080026f4   Number         4  6502.o(.text.exec6502)
    __arm_cp.90_6                            0x080026f8   Number         4  6502.o(.text.exec6502)
    [Anonymous Symbol]                       0x080026fc   Section        0  6502.o(.text.get6502memory)
    __arm_cp.85_0                            0x08002814   Number         4  6502.o(.text.get6502memory)
    __arm_cp.85_1                            0x08002818   Number         4  6502.o(.text.get6502memory)
    __arm_cp.85_2                            0x0800281c   Number         4  6502.o(.text.get6502memory)
    __arm_cp.85_3                            0x08002820   Number         4  6502.o(.text.get6502memory)
    __arm_cp.85_4                            0x08002824   Number         4  6502.o(.text.get6502memory)
    __arm_cp.85_5                            0x08002828   Number         4  6502.o(.text.get6502memory)
    __arm_cp.85_6                            0x0800282c   Number         4  6502.o(.text.get6502memory)
    __arm_cp.85_7                            0x08002830   Number         4  6502.o(.text.get6502memory)
    __arm_cp.85_8                            0x08002834   Number         4  6502.o(.text.get6502memory)
    __arm_cp.85_9                            0x08002838   Number         4  6502.o(.text.get6502memory)
    __arm_cp.85_10                           0x0800283c   Number         4  6502.o(.text.get6502memory)
    [Anonymous Symbol]                       0x08002840   Section        0  gd32l23x_gpio.o(.text.gpio_bit_reset)
    [Anonymous Symbol]                       0x08002850   Section        0  gd32l23x_gpio.o(.text.gpio_bit_set)
    [Anonymous Symbol]                       0x08002860   Section        0  gd32l23x_gpio.o(.text.gpio_mode_set)
    [Anonymous Symbol]                       0x080028ee   Section        0  gd32l23x_gpio.o(.text.gpio_output_options_set)
    [Anonymous Symbol]                       0x08002978   Section        0  gd32l23x_gpio.o(.text.gpio_output_port_get)
    [Anonymous Symbol]                       0x08002986   Section        0  gd32l23x_gpio.o(.text.gpio_port_write)
    [Anonymous Symbol]                       0x08002998   Section        0  6502.o(.text.immediate6502)
    __arm_cp.9_0                             0x080029a8   Number         4  6502.o(.text.immediate6502)
    __arm_cp.9_1                             0x080029ac   Number         4  6502.o(.text.immediate6502)
    [Anonymous Symbol]                       0x080029b0   Section        0  6502.o(.text.implied6502)
    [Anonymous Symbol]                       0x080029b4   Section        0  6502.o(.text.ina6502)
    __arm_cp.20_0                            0x08002a00   Number         4  6502.o(.text.ina6502)
    __arm_cp.20_1                            0x08002a04   Number         4  6502.o(.text.ina6502)
    [Anonymous Symbol]                       0x08002a08   Section        0  6502.o(.text.inc6502)
    __arm_cp.79_0                            0x08002a90   Number         4  6502.o(.text.inc6502)
    __arm_cp.79_1                            0x08002a94   Number         4  6502.o(.text.inc6502)
    [Anonymous Symbol]                       0x08002a98   Section        0  6502.o(.text.indabsx6502)
    [Anonymous Symbol]                       0x08002af0   Section        0  6502.o(.text.indirect6502)
    __arm_cp.46_1                            0x08002b54   Number         4  6502.o(.text.indirect6502)
    [Anonymous Symbol]                       0x08002b58   Section        0  6502.o(.text.indx6502)
    [Anonymous Symbol]                       0x08002ba0   Section        0  6502.o(.text.indy6502)
    __arm_cp.14_3                            0x08002c24   Number         4  6502.o(.text.indy6502)
    __arm_cp.14_4                            0x08002c28   Number         4  6502.o(.text.indy6502)
    [Anonymous Symbol]                       0x08002c2c   Section        0  6502.o(.text.indzp6502)
    __arm_cp.15_0                            0x08002c70   Number         4  6502.o(.text.indzp6502)
    __arm_cp.15_1                            0x08002c74   Number         4  6502.o(.text.indzp6502)
    __arm_cp.15_2                            0x08002c78   Number         4  6502.o(.text.indzp6502)
    [Anonymous Symbol]                       0x08002c7c   Section        0  6502.o(.text.init6502mem)
    __arm_cp.91_0                            0x08002cb8   Number         4  6502.o(.text.init6502mem)
    __arm_cp.91_1                            0x08002cbc   Number         4  6502.o(.text.init6502mem)
    __arm_cp.91_2                            0x08002cc0   Number         4  6502.o(.text.init6502mem)
    __arm_cp.91_3                            0x08002cc4   Number         4  6502.o(.text.init6502mem)
    __arm_cp.91_4                            0x08002cc8   Number         4  6502.o(.text.init6502mem)
    [Anonymous Symbol]                       0x08002ccc   Section        0  6502.o(.text.inx6502)
    __arm_cp.80_0                            0x08002d18   Number         4  6502.o(.text.inx6502)
    [Anonymous Symbol]                       0x08002d1c   Section        0  6502.o(.text.iny6502)
    __arm_cp.72_0                            0x08002d68   Number         4  6502.o(.text.iny6502)
    __arm_cp.72_1                            0x08002d6c   Number         4  6502.o(.text.iny6502)
    [Anonymous Symbol]                       0x08002d70   Section        0  6502.o(.text.irq6502)
    __arm_cp.89_2                            0x08002de0   Number         4  6502.o(.text.irq6502)
    __arm_cp.89_3                            0x08002de4   Number         4  6502.o(.text.irq6502)
    __arm_cp.89_4                            0x08002de8   Number         4  6502.o(.text.irq6502)
    [Anonymous Symbol]                       0x08002dec   Section        0  6502.o(.text.jmp6502)
    __arm_cp.36_3                            0x08002e08   Number         4  6502.o(.text.jmp6502)
    [Anonymous Symbol]                       0x08002e0c   Section        0  6502.o(.text.jsr6502)
    __arm_cp.22_0                            0x08002e68   Number         4  6502.o(.text.jsr6502)
    __arm_cp.22_1                            0x08002e6c   Number         4  6502.o(.text.jsr6502)
    __arm_cp.22_4                            0x08002e70   Number         4  6502.o(.text.jsr6502)
    [Anonymous Symbol]                       0x08002e74   Section        0  6502.o(.text.lda6502)
    __arm_cp.62_2                            0x08002ed8   Number         4  6502.o(.text.lda6502)
    [Anonymous Symbol]                       0x08002edc   Section        0  6502.o(.text.ldx6502)
    __arm_cp.63_0                            0x08002f40   Number         4  6502.o(.text.ldx6502)
    __arm_cp.63_1                            0x08002f44   Number         4  6502.o(.text.ldx6502)
    __arm_cp.63_2                            0x08002f48   Number         4  6502.o(.text.ldx6502)
    __arm_cp.63_3                            0x08002f4c   Number         4  6502.o(.text.ldx6502)
    [Anonymous Symbol]                       0x08002f50   Section        0  6502.o(.text.ldy6502)
    __arm_cp.61_2                            0x08002fb4   Number         4  6502.o(.text.ldy6502)
    __arm_cp.61_3                            0x08002fb8   Number         4  6502.o(.text.ldy6502)
    [Anonymous Symbol]                       0x08002fbc   Section        0  6502.o(.text.lsr6502)
    __arm_cp.33_0                            0x0800304c   Number         4  6502.o(.text.lsr6502)
    __arm_cp.33_1                            0x08003050   Number         4  6502.o(.text.lsr6502)
    __arm_cp.33_2                            0x08003054   Number         4  6502.o(.text.lsr6502)
    __arm_cp.33_3                            0x08003058   Number         4  6502.o(.text.lsr6502)
    __arm_cp.33_4                            0x0800305c   Number         4  6502.o(.text.lsr6502)
    [Anonymous Symbol]                       0x08003060   Section        0  6502.o(.text.lsra6502)
    __arm_cp.35_0                            0x080030c0   Number         4  6502.o(.text.lsra6502)
    __arm_cp.35_1                            0x080030c4   Number         4  6502.o(.text.lsra6502)
    [Anonymous Symbol]                       0x080030c8   Section        0  main.o(.text.main)
    __arm_cp.0_0                             0x08003180   Number         4  main.o(.text.main)
    __arm_cp.0_1                             0x08003184   Number         4  main.o(.text.main)
    __arm_cp.0_2                             0x08003188   Number         4  main.o(.text.main)
    [Anonymous Symbol]                       0x0800318c   Section        0  nes_main.o(.text.nes_main)
    __arm_cp.2_0                             0x0800321c   Number         4  nes_main.o(.text.nes_main)
    __arm_cp.2_1                             0x08003220   Number         4  nes_main.o(.text.nes_main)
    [Anonymous Symbol]                       0x08003224   Section        0  6502.o(.text.nmi6502)
    __arm_cp.88_1                            0x08003294   Number         4  6502.o(.text.nmi6502)
    __arm_cp.88_2                            0x08003298   Number         4  6502.o(.text.nmi6502)
    __arm_cp.88_3                            0x0800329c   Number         4  6502.o(.text.nmi6502)
    __arm_cp.88_4                            0x080032a0   Number         4  6502.o(.text.nmi6502)
    [Anonymous Symbol]                       0x080032a4   Section        0  6502.o(.text.nop6502)
    [Anonymous Symbol]                       0x080032a8   Section        0  gd32l23x_misc.o(.text.nvic_vector_table_set)
    __arm_cp.7_0                             0x080032c0   Number         4  gd32l23x_misc.o(.text.nvic_vector_table_set)
    __arm_cp.7_1                             0x080032c4   Number         4  gd32l23x_misc.o(.text.nvic_vector_table_set)
    [Anonymous Symbol]                       0x080032c8   Section        0  6502.o(.text.ora6502)
    __arm_cp.2_0                             0x08003330   Number         4  6502.o(.text.ora6502)
    __arm_cp.2_1                             0x08003334   Number         4  6502.o(.text.ora6502)
    __arm_cp.2_2                             0x08003338   Number         4  6502.o(.text.ora6502)
    __arm_cp.2_4                             0x0800333c   Number         4  6502.o(.text.ora6502)
    [Anonymous Symbol]                       0x08003340   Section        0  6502.o(.text.pha6502)
    [Anonymous Symbol]                       0x0800335c   Section        0  6502.o(.text.php6502)
    __arm_cp.8_1                             0x08003378   Number         4  6502.o(.text.php6502)
    [Anonymous Symbol]                       0x0800337c   Section        0  6502.o(.text.phx6502)
    [Anonymous Symbol]                       0x08003398   Section        0  6502.o(.text.phy6502)
    [Anonymous Symbol]                       0x080033b4   Section        0  6502.o(.text.pla6502)
    __arm_cp.44_1                            0x08003414   Number         4  6502.o(.text.pla6502)
    __arm_cp.44_2                            0x08003418   Number         4  6502.o(.text.pla6502)
    [Anonymous Symbol]                       0x0800341c   Section        0  6502.o(.text.plp6502)
    __arm_cp.26_1                            0x0800343c   Number         4  6502.o(.text.plp6502)
    [Anonymous Symbol]                       0x08003440   Section        0  6502.o(.text.plx6502)
    [Anonymous Symbol]                       0x080034a0   Section        0  6502.o(.text.ply6502)
    __arm_cp.49_0                            0x08003500   Number         4  6502.o(.text.ply6502)
    __arm_cp.49_2                            0x08003504   Number         4  6502.o(.text.ply6502)
    [Anonymous Symbol]                       0x08003508   Section        0  6502.o(.text.put6502memory)
    __arm_cp.86_0                            0x080035dc   Number         4  6502.o(.text.put6502memory)
    __arm_cp.86_1                            0x080035e0   Number         4  6502.o(.text.put6502memory)
    __arm_cp.86_2                            0x080035e4   Number         4  6502.o(.text.put6502memory)
    __arm_cp.86_3                            0x080035e8   Number         4  6502.o(.text.put6502memory)
    [Anonymous Symbol]                       0x080035ec   Section        0  gd32l23x_rcu.o(.text.rcu_periph_clock_enable)
    __arm_cp.1_0                             0x08003610   Number         4  gd32l23x_rcu.o(.text.rcu_periph_clock_enable)
    [Anonymous Symbol]                       0x08003614   Section        0  6502.o(.text.relative6502)
    __arm_cp.13_1                            0x08003664   Number         4  6502.o(.text.relative6502)
    __arm_cp.13_2                            0x08003668   Number         4  6502.o(.text.relative6502)
    [Anonymous Symbol]                       0x0800366c   Section        0  6502.o(.text.reset6502)
    __arm_cp.87_0                            0x080036c0   Number         4  6502.o(.text.reset6502)
    __arm_cp.87_1                            0x080036c4   Number         4  6502.o(.text.reset6502)
    __arm_cp.87_2                            0x080036c8   Number         4  6502.o(.text.reset6502)
    __arm_cp.87_3                            0x080036cc   Number         4  6502.o(.text.reset6502)
    __arm_cp.87_4                            0x080036d0   Number         4  6502.o(.text.reset6502)
    __arm_cp.87_5                            0x080036d4   Number         4  6502.o(.text.reset6502)
    __arm_cp.87_7                            0x080036d8   Number         4  6502.o(.text.reset6502)
    __arm_cp.87_8                            0x080036dc   Number         4  6502.o(.text.reset6502)
    __arm_cp.87_9                            0x080036e0   Number         4  6502.o(.text.reset6502)
    [Anonymous Symbol]                       0x080036e4   Section        0  6502.o(.text.rol6502)
    __arm_cp.25_0                            0x08003788   Number         4  6502.o(.text.rol6502)
    [Anonymous Symbol]                       0x0800378c   Section        0  6502.o(.text.rola6502)
    __arm_cp.27_0                            0x080037fc   Number         4  6502.o(.text.rola6502)
    [Anonymous Symbol]                       0x08003800   Section        0  6502.o(.text.ror6502)
    __arm_cp.43_0                            0x080038b4   Number         4  6502.o(.text.ror6502)
    __arm_cp.43_2                            0x080038b8   Number         4  6502.o(.text.ror6502)
    __arm_cp.43_3                            0x080038bc   Number         4  6502.o(.text.ror6502)
    __arm_cp.43_4                            0x080038c0   Number         4  6502.o(.text.ror6502)
    __arm_cp.43_5                            0x080038c4   Number         4  6502.o(.text.ror6502)
    [Anonymous Symbol]                       0x080038c8   Section        0  6502.o(.text.rora6502)
    __arm_cp.45_1                            0x08003944   Number         4  6502.o(.text.rora6502)
    __arm_cp.45_2                            0x08003948   Number         4  6502.o(.text.rora6502)
    [Anonymous Symbol]                       0x0800394c   Section        0  6502.o(.text.rti6502)
    __arm_cp.31_1                            0x080039ac   Number         4  6502.o(.text.rti6502)
    __arm_cp.31_2                            0x080039b0   Number         4  6502.o(.text.rti6502)
    [Anonymous Symbol]                       0x080039b4   Section        0  6502.o(.text.rts6502)
    __arm_cp.40_0                            0x080039fc   Number         4  6502.o(.text.rts6502)
    __arm_cp.40_1                            0x08003a00   Number         4  6502.o(.text.rts6502)
    [Anonymous Symbol]                       0x08003a04   Section        0  6502.o(.text.sbc6502)
    __arm_cp.78_3                            0x08003b54   Number         4  6502.o(.text.sbc6502)
    __arm_cp.78_4                            0x08003b58   Number         4  6502.o(.text.sbc6502)
    __arm_cp.78_5                            0x08003b5c   Number         4  6502.o(.text.sbc6502)
    __arm_cp.78_6                            0x08003b60   Number         4  6502.o(.text.sbc6502)
    __arm_cp.78_7                            0x08003b64   Number         4  6502.o(.text.sbc6502)
    __arm_cp.78_8                            0x08003b68   Number         4  6502.o(.text.sbc6502)
    [Anonymous Symbol]                       0x08003b6c   Section        0  6502.o(.text.sec6502)
    [Anonymous Symbol]                       0x08003b78   Section        0  6502.o(.text.sed6502)
    [Anonymous Symbol]                       0x08003b84   Section        0  6502.o(.text.sei6502)
    __arm_cp.48_0                            0x08003b90   Number         4  6502.o(.text.sei6502)
    [Anonymous Symbol]                       0x08003b94   Section        0  6502.o(.text.sta6502)
    __arm_cp.52_3                            0x08003bb4   Number         4  6502.o(.text.sta6502)
    [Anonymous Symbol]                       0x08003bb8   Section        0  6502.o(.text.stx6502)
    __arm_cp.54_0                            0x08003bd8   Number         4  6502.o(.text.stx6502)
    __arm_cp.54_1                            0x08003bdc   Number         4  6502.o(.text.stx6502)
    __arm_cp.54_2                            0x08003be0   Number         4  6502.o(.text.stx6502)
    [Anonymous Symbol]                       0x08003be4   Section        0  6502.o(.text.sty6502)
    __arm_cp.53_2                            0x08003c04   Number         4  6502.o(.text.sty6502)
    [Anonymous Symbol]                       0x08003c08   Section        0  6502.o(.text.stz6502)
    __arm_cp.42_0                            0x08003c28   Number         4  6502.o(.text.stz6502)
    __arm_cp.42_1                            0x08003c2c   Number         4  6502.o(.text.stz6502)
    __arm_cp.42_2                            0x08003c30   Number         4  6502.o(.text.stz6502)
    system_clock_64m_hxtal                   0x08003c35   Thumb Code   224  system_gd32l23x.o(.text.system_clock_64m_hxtal)
    [Anonymous Symbol]                       0x08003c34   Section        0  system_gd32l23x.o(.text.system_clock_64m_hxtal)
    __arm_cp.3_0                             0x08003d14   Number         4  system_gd32l23x.o(.text.system_clock_64m_hxtal)
    __arm_cp.3_1                             0x08003d18   Number         4  system_gd32l23x.o(.text.system_clock_64m_hxtal)
    __arm_cp.3_2                             0x08003d1c   Number         4  system_gd32l23x.o(.text.system_clock_64m_hxtal)
    __arm_cp.3_3                             0x08003d20   Number         4  system_gd32l23x.o(.text.system_clock_64m_hxtal)
    __arm_cp.3_4                             0x08003d24   Number         4  system_gd32l23x.o(.text.system_clock_64m_hxtal)
    __arm_cp.3_5                             0x08003d28   Number         4  system_gd32l23x.o(.text.system_clock_64m_hxtal)
    system_clock_config                      0x08003d2d   Thumb Code     8  system_gd32l23x.o(.text.system_clock_config)
    [Anonymous Symbol]                       0x08003d2c   Section        0  system_gd32l23x.o(.text.system_clock_config)
    [Anonymous Symbol]                       0x08003d34   Section        0  systick.o(.text.systick_config)
    __arm_cp.0_0                             0x08003d58   Number         4  systick.o(.text.systick_config)
    [Anonymous Symbol]                       0x08003d5c   Section        0  6502.o(.text.tax6502)
    __arm_cp.65_0                            0x08003da8   Number         4  6502.o(.text.tax6502)
    __arm_cp.65_2                            0x08003dac   Number         4  6502.o(.text.tax6502)
    [Anonymous Symbol]                       0x08003db0   Section        0  6502.o(.text.tay6502)
    __arm_cp.64_0                            0x08003dfc   Number         4  6502.o(.text.tay6502)
    __arm_cp.64_1                            0x08003e00   Number         4  6502.o(.text.tay6502)
    __arm_cp.64_2                            0x08003e04   Number         4  6502.o(.text.tay6502)
    [Anonymous Symbol]                       0x08003e08   Section        0  6502.o(.text.trb6502)
    __arm_cp.16_3                            0x08003e68   Number         4  6502.o(.text.trb6502)
    __arm_cp.16_4                            0x08003e6c   Number         4  6502.o(.text.trb6502)
    [Anonymous Symbol]                       0x08003e70   Section        0  6502.o(.text.tsb6502)
    __arm_cp.5_0                             0x08003ed0   Number         4  6502.o(.text.tsb6502)
    __arm_cp.5_1                             0x08003ed4   Number         4  6502.o(.text.tsb6502)
    __arm_cp.5_2                             0x08003ed8   Number         4  6502.o(.text.tsb6502)
    __arm_cp.5_3                             0x08003edc   Number         4  6502.o(.text.tsb6502)
    __arm_cp.5_4                             0x08003ee0   Number         4  6502.o(.text.tsb6502)
    [Anonymous Symbol]                       0x08003ee4   Section        0  6502.o(.text.tsx6502)
    __arm_cp.68_2                            0x08003f30   Number         4  6502.o(.text.tsx6502)
    [Anonymous Symbol]                       0x08003f34   Section        0  6502.o(.text.txa6502)
    [Anonymous Symbol]                       0x08003f80   Section        0  6502.o(.text.txs6502)
    __arm_cp.60_0                            0x08003f8c   Number         4  6502.o(.text.txs6502)
    __arm_cp.60_1                            0x08003f90   Number         4  6502.o(.text.txs6502)
    [Anonymous Symbol]                       0x08003f94   Section        0  6502.o(.text.tya6502)
    __arm_cp.59_1                            0x08003fe0   Number         4  6502.o(.text.tya6502)
    __arm_cp.59_2                            0x08003fe4   Number         4  6502.o(.text.tya6502)
    [Anonymous Symbol]                       0x08003fe8   Section        0  6502.o(.text.zp6502)
    [Anonymous Symbol]                       0x08004008   Section        0  6502.o(.text.zpx6502)
    __arm_cp.17_1                            0x08004030   Number         4  6502.o(.text.zpx6502)
    [Anonymous Symbol]                       0x08004034   Section        0  6502.o(.text.zpy6502)
    __arm_cp.58_0                            0x0800405c   Number         4  6502.o(.text.zpy6502)
    __arm_cp.58_1                            0x08004060   Number         4  6502.o(.text.zpy6502)
    __arm_cp.58_2                            0x08004064   Number         4  6502.o(.text.zpy6502)
    i.__scatterload_copy                     0x08004068   Section       14  handlers.o(i.__scatterload_copy)
    i.__scatterload_null                     0x08004076   Section        2  handlers.o(i.__scatterload_null)
    i.__scatterload_zeroinit                 0x08004078   Section       14  handlers.o(i.__scatterload_zeroinit)
    [Anonymous Symbol]                       0x0800ed1c   Section        0  nes_main.o(.rodata.str1.1)
    delay                                    0x20000b90   Data           4  systick.o(.bss.delay)
    [Anonymous Symbol]                       0x20000b90   Section        0  systick.o(.bss.delay)
    STACK                                    0x200013c0   Section     1024  startup_gd32l23x.o(STACK)

    Global Symbols

    Symbol Name                              Value     Ov Type        Size  Object(Section)

    BuildAttributes$$THM_ISAv3M$S$8M$PE$A:L22$X:L11$S22$IEEE1$IW$~IW$USESV6$~STKCKD$USESV7$~SHL$OSPACE$EBA8$MICROLIB$REQ8$PRES8$EABIv2 0x00000000   Number         0  anon$$obj.o ABSOLUTE
    __cpp_initialize__aeabi_                  - Undefined Weak Reference
    __cxa_finalize                            - Undefined Weak Reference
    __decompress                              - Undefined Weak Reference
    _clock_init                               - Undefined Weak Reference
    _microlib_exit                            - Undefined Weak Reference
    __Vectors_Size                           0x00000154   Number         0  startup_gd32l23x.o ABSOLUTE
    __Vectors                                0x08000000   Data           4  startup_gd32l23x.o(RESET)
    __Vectors_End                            0x08000154   Data           0  startup_gd32l23x.o(RESET)
    __main                                   0x08000155   Thumb Code     0  entry.o(.ARM.Collect$$$$00000000)
    _main_stk                                0x08000155   Thumb Code     0  entry2.o(.ARM.Collect$$$$00000001)
    _main_scatterload                        0x08000159   Thumb Code     0  entry5.o(.ARM.Collect$$$$00000004)
    __main_after_scatterload                 0x0800015d   Thumb Code     0  entry5.o(.ARM.Collect$$$$00000004)
    _main_clock                              0x0800015d   Thumb Code     0  entry7b.o(.ARM.Collect$$$$00000008)
    _main_cpp_init                           0x0800015d   Thumb Code     0  entry8b.o(.ARM.Collect$$$$0000000A)
    _main_init                               0x0800015d   Thumb Code     0  entry9a.o(.ARM.Collect$$$$0000000B)
    __rt_final_cpp                           0x08000165   Thumb Code     0  entry10a.o(.ARM.Collect$$$$0000000D)
    __rt_final_exit                          0x08000165   Thumb Code     0  entry11a.o(.ARM.Collect$$$$0000000F)
    Reset_Handler                            0x08000169   Thumb Code     8  startup_gd32l23x.o(.text)
    ADC_IRQHandler                           0x0800017b   Thumb Code     0  startup_gd32l23x.o(.text)
    CAU_IRQHandler                           0x0800017b   Thumb Code     0  startup_gd32l23x.o(.text)
    CMP0_IRQHandler                          0x0800017b   Thumb Code     0  startup_gd32l23x.o(.text)
    CMP1_IRQHandler                          0x0800017b   Thumb Code     0  startup_gd32l23x.o(.text)
    DAC_IRQHandler                           0x0800017b   Thumb Code     0  startup_gd32l23x.o(.text)
    DMAMUX_IRQHandler                        0x0800017b   Thumb Code     0  startup_gd32l23x.o(.text)
    DMA_Channel0_IRQHandler                  0x0800017b   Thumb Code     0  startup_gd32l23x.o(.text)
    DMA_Channel1_IRQHandler                  0x0800017b   Thumb Code     0  startup_gd32l23x.o(.text)
    DMA_Channel2_IRQHandler                  0x0800017b   Thumb Code     0  startup_gd32l23x.o(.text)
    DMA_Channel3_IRQHandler                  0x0800017b   Thumb Code     0  startup_gd32l23x.o(.text)
    DMA_Channel4_IRQHandler                  0x0800017b   Thumb Code     0  startup_gd32l23x.o(.text)
    DMA_Channel5_IRQHandler                  0x0800017b   Thumb Code     0  startup_gd32l23x.o(.text)
    DMA_Channel6_IRQHandler                  0x0800017b   Thumb Code     0  startup_gd32l23x.o(.text)
    EXTI0_IRQHandler                         0x0800017b   Thumb Code     0  startup_gd32l23x.o(.text)
    EXTI10_15_IRQHandler                     0x0800017b   Thumb Code     0  startup_gd32l23x.o(.text)
    EXTI1_IRQHandler                         0x0800017b   Thumb Code     0  startup_gd32l23x.o(.text)
    EXTI2_IRQHandler                         0x0800017b   Thumb Code     0  startup_gd32l23x.o(.text)
    EXTI3_IRQHandler                         0x0800017b   Thumb Code     0  startup_gd32l23x.o(.text)
    EXTI4_IRQHandler                         0x0800017b   Thumb Code     0  startup_gd32l23x.o(.text)
    EXTI5_9_IRQHandler                       0x0800017b   Thumb Code     0  startup_gd32l23x.o(.text)
    FMC_IRQHandler                           0x0800017b   Thumb Code     0  startup_gd32l23x.o(.text)
    I2C0_ER_IRQHandler                       0x0800017b   Thumb Code     0  startup_gd32l23x.o(.text)
    I2C0_EV_IRQHandler                       0x0800017b   Thumb Code     0  startup_gd32l23x.o(.text)
    I2C0_WKUP_IRQHandler                     0x0800017b   Thumb Code     0  startup_gd32l23x.o(.text)
    I2C1_ER_IRQHandler                       0x0800017b   Thumb Code     0  startup_gd32l23x.o(.text)
    I2C1_EV_IRQHandler                       0x0800017b   Thumb Code     0  startup_gd32l23x.o(.text)
    I2C1_WKUP_IRQHandler                     0x0800017b   Thumb Code     0  startup_gd32l23x.o(.text)
    I2C2_ER_IRQHandler                       0x0800017b   Thumb Code     0  startup_gd32l23x.o(.text)
    I2C2_EV_IRQHandler                       0x0800017b   Thumb Code     0  startup_gd32l23x.o(.text)
    I2C2_WKUP_IRQHandler                     0x0800017b   Thumb Code     0  startup_gd32l23x.o(.text)
    LPTIMER_IRQHandler                       0x0800017b   Thumb Code     0  startup_gd32l23x.o(.text)
    LPUART_IRQHandler                        0x0800017b   Thumb Code     0  startup_gd32l23x.o(.text)
    LPUART_WKUP_IRQHandler                   0x0800017b   Thumb Code     0  startup_gd32l23x.o(.text)
    LVD_IRQHandler                           0x0800017b   Thumb Code     0  startup_gd32l23x.o(.text)
    RCU_CTC_IRQHandler                       0x0800017b   Thumb Code     0  startup_gd32l23x.o(.text)
    RTC_Alarm_IRQHandler                     0x0800017b   Thumb Code     0  startup_gd32l23x.o(.text)
    RTC_WKUP_IRQHandler                      0x0800017b   Thumb Code     0  startup_gd32l23x.o(.text)
    SLCD_IRQHandler                          0x0800017b   Thumb Code     0  startup_gd32l23x.o(.text)
    SPI0_IRQHandler                          0x0800017b   Thumb Code     0  startup_gd32l23x.o(.text)
    SPI1_IRQHandler                          0x0800017b   Thumb Code     0  startup_gd32l23x.o(.text)
    TAMPER_STAMP_IRQHandler                  0x0800017b   Thumb Code     0  startup_gd32l23x.o(.text)
    TIMER11_IRQHandler                       0x0800017b   Thumb Code     0  startup_gd32l23x.o(.text)
    TIMER1_IRQHandler                        0x0800017b   Thumb Code     0  startup_gd32l23x.o(.text)
    TIMER2_IRQHandler                        0x0800017b   Thumb Code     0  startup_gd32l23x.o(.text)
    TIMER5_IRQHandler                        0x0800017b   Thumb Code     0  startup_gd32l23x.o(.text)
    TIMER6_IRQHandler                        0x0800017b   Thumb Code     0  startup_gd32l23x.o(.text)
    TIMER8_IRQHandler                        0x0800017b   Thumb Code     0  startup_gd32l23x.o(.text)
    TRNG_IRQHandler                          0x0800017b   Thumb Code     0  startup_gd32l23x.o(.text)
    UART3_IRQHandler                         0x0800017b   Thumb Code     0  startup_gd32l23x.o(.text)
    UART4_IRQHandler                         0x0800017b   Thumb Code     0  startup_gd32l23x.o(.text)
    USART0_IRQHandler                        0x0800017b   Thumb Code     0  startup_gd32l23x.o(.text)
    USART0_WKUP_IRQHandler                   0x0800017b   Thumb Code     0  startup_gd32l23x.o(.text)
    USART1_IRQHandler                        0x0800017b   Thumb Code     0  startup_gd32l23x.o(.text)
    USART1_WKUP_IRQHandler                   0x0800017b   Thumb Code     0  startup_gd32l23x.o(.text)
    USBD_HP_IRQHandler                       0x0800017b   Thumb Code     0  startup_gd32l23x.o(.text)
    USBD_LP_IRQHandler                       0x0800017b   Thumb Code     0  startup_gd32l23x.o(.text)
    USBD_WKUP_IRQHandler                     0x0800017b   Thumb Code     0  startup_gd32l23x.o(.text)
    WWDGT_IRQHandler                         0x0800017b   Thumb Code     0  startup_gd32l23x.o(.text)
    __aeabi_memset                           0x08000185   Thumb Code    14  memseta.o(.text)
    __aeabi_memset4                          0x08000185   Thumb Code     0  memseta.o(.text)
    __aeabi_memset8                          0x08000185   Thumb Code     0  memseta.o(.text)
    __aeabi_memclr                           0x08000193   Thumb Code     4  memseta.o(.text)
    __aeabi_memclr4                          0x08000193   Thumb Code     0  memseta.o(.text)
    __aeabi_memclr8                          0x08000193   Thumb Code     0  memseta.o(.text)
    _memset$wrapper                          0x08000197   Thumb Code    18  memseta.o(.text)
    strncmp                                  0x080001a9   Thumb Code    30  strncmp.o(.text)
    __scatterload                            0x080001c9   Thumb Code    28  init.o(.text)
    __scatterload_rt2                        0x080001c9   Thumb Code     0  init.o(.text)
    HardFault_Handler                        0x080001ed   Thumb Code     4  gd32l23x_it.o(.text.HardFault_Handler)
    Init_ILI9325                             0x080001f1   Thumb Code   524  9235.o(.text.Init_ILI9325)
    Init_data                                0x08000419   Thumb Code    54  9235.o(.text.Init_data)
    LCD_SetPos                               0x0800044f   Thumb Code    72  9235.o(.text.LCD_SetPos)
    NES_GetJoyPadVlaue                       0x08000499   Thumb Code    48  joypad.o(.text.NES_GetJoyPadVlaue)
    NES_GetSpr0HitFlag                       0x080004c9   Thumb Code   668  ppu.o(.text.NES_GetSpr0HitFlag)
    NES_JoyPadInit                           0x0800077d   Thumb Code    24  joypad.o(.text.NES_JoyPadInit)
    NES_JoyPadReset                          0x08000795   Thumb Code    16  joypad.o(.text.NES_JoyPadReset)
    NES_JoyPadUpdateValue                    0x080007a9   Thumb Code     2  nes_main.o(.text.NES_JoyPadUpdateValue)
    NES_LCD_DisplayLine                      0x080007ad   Thumb Code    64  ppu.o(.text.NES_LCD_DisplayLine)
    NES_RenderBGLine                         0x080007ed   Thumb Code   640  ppu.o(.text.NES_RenderBGLine)
    NES_RenderLine                           0x08000a81   Thumb Code   500  ppu.o(.text.NES_RenderLine)
    NES_RenderSprPattern                     0x08000c89   Thumb Code   376  ppu.o(.text.NES_RenderSprPattern)
    NES_RenderSprite16                       0x08000e0d   Thumb Code   136  ppu.o(.text.NES_RenderSprite16)
    NES_RenderSprite88                       0x08000e99   Thumb Code    60  ppu.o(.text.NES_RenderSprite88)
    NMI_Handler                              0x08000ed9   Thumb Code     2  gd32l23x_it.o(.text.NMI_Handler)
    NesFrameCycle                            0x08000edd   Thumb Code   304  nes_main.o(.text.NesFrameCycle)
    PPU_Init                                 0x08001029   Thumb Code   136  ppu.o(.text.PPU_Init)
    PPU_MemRead                              0x080010d1   Thumb Code   216  ppu.o(.text.PPU_MemRead)
    PPU_MemWrite                             0x080011b5   Thumb Code   208  ppu.o(.text.PPU_MemWrite)
    PPU_NameTablesRead                       0x0800128d   Thumb Code   132  ppu.o(.text.PPU_NameTablesRead)
    PPU_NameTablesWrite                      0x08001311   Thumb Code   124  ppu.o(.text.PPU_NameTablesWrite)
    PPU_RegRead                              0x080013ad   Thumb Code   192  ppu.o(.text.PPU_RegRead)
    PPU_RegWrite                             0x08001475   Thumb Code   212  ppu.o(.text.PPU_RegWrite)
    PendSV_Handler                           0x0800155d   Thumb Code     2  gd32l23x_it.o(.text.PendSV_Handler)
    SVC_Handler                              0x0800155f   Thumb Code     2  gd32l23x_it.o(.text.SVC_Handler)
    Show_RGB                                 0x08001561   Thumb Code    88  9235.o(.text.Show_RGB)
    SprDMA                                   0x080015b9   Thumb Code   228  6502.o(.text.SprDMA)
    SysTick_Handler                          0x080016fd   Thumb Code     8  gd32l23x_it.o(.text.SysTick_Handler)
    SystemInit                               0x08001705   Thumb Code   116  system_gd32l23x.o(.text.SystemInit)
    Write_Cmd                                0x08001799   Thumb Code   136  9235.o(.text.Write_Cmd)
    Write_Data                               0x08001821   Thumb Code   136  9235.o(.text.Write_Data)
    Write_Data_U16                           0x080018ad   Thumb Code    32  9235.o(.text.Write_Data_U16)
    abs6502                                  0x08001955   Thumb Code    64  6502.o(.text.abs6502)
    absx6502                                 0x08001995   Thumb Code   124  6502.o(.text.absx6502)
    absy6502                                 0x08001a19   Thumb Code   124  6502.o(.text.absy6502)
    adc6502                                  0x08001a9d   Thumb Code   328  6502.o(.text.adc6502)
    and6502                                  0x08001bf1   Thumb Code   112  6502.o(.text.and6502)
    asl6502                                  0x08001c61   Thumb Code   144  6502.o(.text.asl6502)
    asla6502                                 0x08001cfd   Thumb Code    92  6502.o(.text.asla6502)
    bcc6502                                  0x08001d5d   Thumb Code    80  6502.o(.text.bcc6502)
    bcs6502                                  0x08001dc1   Thumb Code    80  6502.o(.text.bcs6502)
    beq6502                                  0x08001e25   Thumb Code    84  6502.o(.text.beq6502)
    bit6502                                  0x08001e85   Thumb Code    92  6502.o(.text.bit6502)
    bmi6502                                  0x08001ee9   Thumb Code    84  6502.o(.text.bmi6502)
    bne6502                                  0x08001f4d   Thumb Code    84  6502.o(.text.bne6502)
    bpl6502                                  0x08001fad   Thumb Code    84  6502.o(.text.bpl6502)
    bra6502                                  0x08002011   Thumb Code    40  6502.o(.text.bra6502)
    brk6502                                  0x08002049   Thumb Code   120  6502.o(.text.brk6502)
    bvc6502                                  0x080020d5   Thumb Code    84  6502.o(.text.bvc6502)
    bvs6502                                  0x08002145   Thumb Code    84  6502.o(.text.bvs6502)
    clc6502                                  0x080021b1   Thumb Code    12  6502.o(.text.clc6502)
    cld6502                                  0x080021bd   Thumb Code    12  6502.o(.text.cld6502)
    cli6502                                  0x080021cd   Thumb Code    12  6502.o(.text.cli6502)
    clv6502                                  0x080021d9   Thumb Code    12  6502.o(.text.clv6502)
    cmp6502                                  0x080021e9   Thumb Code   160  6502.o(.text.cmp6502)
    cpx6502                                  0x0800229d   Thumb Code   160  6502.o(.text.cpx6502)
    cpy6502                                  0x08002351   Thumb Code   160  6502.o(.text.cpy6502)
    dea6502                                  0x080023fd   Thumb Code    76  6502.o(.text.dea6502)
    dec6502                                  0x08002451   Thumb Code   136  6502.o(.text.dec6502)
    delay_1ms                                0x080024ed   Thumb Code    28  systick.o(.text.delay_1ms)
    delay_decrement                          0x08002509   Thumb Code    20  systick.o(.text.delay_decrement)
    dex6502                                  0x08002521   Thumb Code    76  6502.o(.text.dex6502)
    dey6502                                  0x08002575   Thumb Code    76  6502.o(.text.dey6502)
    eor6502                                  0x080025c9   Thumb Code   104  6502.o(.text.eor6502)
    exec6502                                 0x08002645   Thumb Code   160  6502.o(.text.exec6502)
    get6502memory                            0x080026fd   Thumb Code   280  6502.o(.text.get6502memory)
    gpio_bit_reset                           0x08002841   Thumb Code    16  gd32l23x_gpio.o(.text.gpio_bit_reset)
    gpio_bit_set                             0x08002851   Thumb Code    16  gd32l23x_gpio.o(.text.gpio_bit_set)
    gpio_mode_set                            0x08002861   Thumb Code   142  gd32l23x_gpio.o(.text.gpio_mode_set)
    gpio_output_options_set                  0x080028ef   Thumb Code   138  gd32l23x_gpio.o(.text.gpio_output_options_set)
    gpio_output_port_get                     0x08002979   Thumb Code    14  gd32l23x_gpio.o(.text.gpio_output_port_get)
    gpio_port_write                          0x08002987   Thumb Code    18  gd32l23x_gpio.o(.text.gpio_port_write)
    immediate6502                            0x08002999   Thumb Code    16  6502.o(.text.immediate6502)
    implied6502                              0x080029b1   Thumb Code     2  6502.o(.text.implied6502)
    ina6502                                  0x080029b5   Thumb Code    76  6502.o(.text.ina6502)
    inc6502                                  0x08002a09   Thumb Code   136  6502.o(.text.inc6502)
    indabsx6502                              0x08002a99   Thumb Code    88  6502.o(.text.indabsx6502)
    indirect6502                             0x08002af1   Thumb Code   100  6502.o(.text.indirect6502)
    indx6502                                 0x08002b59   Thumb Code    72  6502.o(.text.indx6502)
    indy6502                                 0x08002ba1   Thumb Code   132  6502.o(.text.indy6502)
    indzp6502                                0x08002c2d   Thumb Code    68  6502.o(.text.indzp6502)
    init6502mem                              0x08002c7d   Thumb Code    60  6502.o(.text.init6502mem)
    inx6502                                  0x08002ccd   Thumb Code    76  6502.o(.text.inx6502)
    iny6502                                  0x08002d1d   Thumb Code    76  6502.o(.text.iny6502)
    irq6502                                  0x08002d71   Thumb Code   112  6502.o(.text.irq6502)
    jmp6502                                  0x08002ded   Thumb Code    28  6502.o(.text.jmp6502)
    jsr6502                                  0x08002e0d   Thumb Code    92  6502.o(.text.jsr6502)
    lda6502                                  0x08002e75   Thumb Code   100  6502.o(.text.lda6502)
    ldx6502                                  0x08002edd   Thumb Code   100  6502.o(.text.ldx6502)
    ldy6502                                  0x08002f51   Thumb Code   100  6502.o(.text.ldy6502)
    lsr6502                                  0x08002fbd   Thumb Code   144  6502.o(.text.lsr6502)
    lsra6502                                 0x08003061   Thumb Code    96  6502.o(.text.lsra6502)
    main                                     0x080030c9   Thumb Code   184  main.o(.text.main)
    nes_main                                 0x0800318d   Thumb Code   144  nes_main.o(.text.nes_main)
    nmi6502                                  0x08003225   Thumb Code   112  6502.o(.text.nmi6502)
    nop6502                                  0x080032a5   Thumb Code     2  6502.o(.text.nop6502)
    nvic_vector_table_set                    0x080032a9   Thumb Code    24  gd32l23x_misc.o(.text.nvic_vector_table_set)
    ora6502                                  0x080032c9   Thumb Code   104  6502.o(.text.ora6502)
    pha6502                                  0x08003341   Thumb Code    28  6502.o(.text.pha6502)
    php6502                                  0x0800335d   Thumb Code    28  6502.o(.text.php6502)
    phx6502                                  0x0800337d   Thumb Code    28  6502.o(.text.phx6502)
    phy6502                                  0x08003399   Thumb Code    28  6502.o(.text.phy6502)
    pla6502                                  0x080033b5   Thumb Code    96  6502.o(.text.pla6502)
    plp6502                                  0x0800341d   Thumb Code    32  6502.o(.text.plp6502)
    plx6502                                  0x08003441   Thumb Code    96  6502.o(.text.plx6502)
    ply6502                                  0x080034a1   Thumb Code    96  6502.o(.text.ply6502)
    put6502memory                            0x08003509   Thumb Code   212  6502.o(.text.put6502memory)
    rcu_periph_clock_enable                  0x080035ed   Thumb Code    36  gd32l23x_rcu.o(.text.rcu_periph_clock_enable)
    relative6502                             0x08003615   Thumb Code    80  6502.o(.text.relative6502)
    reset6502                                0x0800366d   Thumb Code    84  6502.o(.text.reset6502)
    rol6502                                  0x080036e5   Thumb Code   164  6502.o(.text.rol6502)
    rola6502                                 0x0800378d   Thumb Code   112  6502.o(.text.rola6502)
    ror6502                                  0x08003801   Thumb Code   180  6502.o(.text.ror6502)
    rora6502                                 0x080038c9   Thumb Code   124  6502.o(.text.rora6502)
    rti6502                                  0x0800394d   Thumb Code    96  6502.o(.text.rti6502)
    rts6502                                  0x080039b5   Thumb Code    72  6502.o(.text.rts6502)
    sbc6502                                  0x08003a05   Thumb Code   336  6502.o(.text.sbc6502)
    sec6502                                  0x08003b6d   Thumb Code    12  6502.o(.text.sec6502)
    sed6502                                  0x08003b79   Thumb Code    12  6502.o(.text.sed6502)
    sei6502                                  0x08003b85   Thumb Code    12  6502.o(.text.sei6502)
    sta6502                                  0x08003b95   Thumb Code    32  6502.o(.text.sta6502)
    stx6502                                  0x08003bb9   Thumb Code    32  6502.o(.text.stx6502)
    sty6502                                  0x08003be5   Thumb Code    32  6502.o(.text.sty6502)
    stz6502                                  0x08003c09   Thumb Code    32  6502.o(.text.stz6502)
    systick_config                           0x08003d35   Thumb Code    36  systick.o(.text.systick_config)
    tax6502                                  0x08003d5d   Thumb Code    76  6502.o(.text.tax6502)
    tay6502                                  0x08003db1   Thumb Code    76  6502.o(.text.tay6502)
    trb6502                                  0x08003e09   Thumb Code    96  6502.o(.text.trb6502)
    tsb6502                                  0x08003e71   Thumb Code    96  6502.o(.text.tsb6502)
    tsx6502                                  0x08003ee5   Thumb Code    76  6502.o(.text.tsx6502)
    txa6502                                  0x08003f35   Thumb Code    76  6502.o(.text.txa6502)
    txs6502                                  0x08003f81   Thumb Code    12  6502.o(.text.txs6502)
    tya6502                                  0x08003f95   Thumb Code    76  6502.o(.text.tya6502)
    zp6502                                   0x08003fe9   Thumb Code    32  6502.o(.text.zp6502)
    zpx6502                                  0x08004009   Thumb Code    40  6502.o(.text.zpx6502)
    zpy6502                                  0x08004035   Thumb Code    40  6502.o(.text.zpy6502)
    __scatterload_copy                       0x08004069   Thumb Code    14  handlers.o(i.__scatterload_copy)
    __scatterload_null                       0x08004077   Thumb Code     2  handlers.o(i.__scatterload_null)
    __scatterload_zeroinit                   0x08004079   Thumb Code    14  handlers.o(i.__scatterload_zeroinit)
    NES_Color_Palette                        0x08004086   Data         128  ppu.o(.rodata.NES_Color_Palette)
    opcodetable                              0x08004108   Data        3072  6502.o(.rodata.opcodetable)
    rom_file                                 0x08004d08   Data       40976  rom_mario.o(.rodata.rom_file)
    sprite                                   0x0800ed18   Data           4  ppu.o(.rodata.sprite)
    Region$$Table$$Base                      0x0800ed20   Number         0  anon$$obj.o(Region$$Table)
    Region$$Table$$Limit                     0x0800ed40   Number         0  anon$$obj.o(Region$$Table)
    Continue                                 0x20000000   Data           1  nes_main.o(.data.Continue)
    SystemCoreClock                          0x20000004   Data           4  system_gd32l23x.o(.data.SystemCoreClock)
    Buffer_scanline                          0x20000008   Data         544  ppu.o(.bss.Buffer_scanline)
    FrameCnt                                 0x20000228   Data           4  nes_main.o(.bss.FrameCnt)
    IRQ_Flag                                 0x2000022c   Data           1  6502.o(.bss.IRQ_Flag)
    JoyPad                                   0x20000230   Data          16  joypad.o(.bss.JoyPad)
    NMI_Flag                                 0x20000240   Data           1  6502.o(.bss.NMI_Flag)
    NameTable                                0x20000241   Data        2048  ppu.o(.bss.NameTable)
    PPU_BG_HScrlOrg                          0x20000a41   Data           1  ppu.o(.bss.PPU_BG_HScrlOrg)
    PPU_BG_VScrlOrg                          0x20000a42   Data           1  ppu.o(.bss.PPU_BG_VScrlOrg)
    PPU_Latch_Flag                           0x20000a43   Data           1  ppu.o(.bss.PPU_Latch_Flag)
    PPU_Mem                                  0x20000a44   Data          60  ppu.o(.bss.PPU_Mem)
    PPU_Reg                                  0x20000a80   Data           4  ppu.o(.bss.PPU_Reg)
    PPU_scanline                             0x20000a84   Data           4  ppu.o(.bss.PPU_scanline)
    Spr_Mem                                  0x20000a88   Data         257  ppu.o(.bss.Spr_Mem)
    SpriteHitFlag                            0x20000b89   Data           1  ppu.o(.bss.SpriteHitFlag)
    a_reg                                    0x20000b8a   Data           1  6502.o(.bss.a_reg)
    clockticks6502                           0x20000b8c   Data           4  6502.o(.bss.clockticks6502)
    exp_rom                                  0x20000b94   Data           4  6502.o(.bss.exp_rom)
    flag_reg                                 0x20000b98   Data           1  6502.o(.bss.flag_reg)
    help                                     0x20000b9a   Data           2  6502.o(.bss.help)
    opcode                                   0x20000b9c   Data           1  6502.o(.bss.opcode)
    pc_reg                                   0x20000b9e   Data           2  6502.o(.bss.pc_reg)
    prg_rombank0                             0x20000ba0   Data           4  6502.o(.bss.prg_rombank0)
    prg_rombank1                             0x20000ba4   Data           4  6502.o(.bss.prg_rombank1)
    ram6502                                  0x20000ba8   Data        2048  6502.o(.bss.ram6502)
    s_reg                                    0x200013a8   Data           1  6502.o(.bss.s_reg)
    saveflags                                0x200013ac   Data           4  6502.o(.bss.saveflags)
    savepc                                   0x200013b0   Data           2  6502.o(.bss.savepc)
    sram                                     0x200013b4   Data           4  6502.o(.bss.sram)
    sum                                      0x200013b8   Data           4  6502.o(.bss.sum)
    value                                    0x200013bc   Data           1  6502.o(.bss.value)
    x_reg                                    0x200013bd   Data           1  6502.o(.bss.x_reg)
    y_reg                                    0x200013be   Data           1  6502.o(.bss.y_reg)
    __initial_sp                             0x200017c0   Data           0  startup_gd32l23x.o(STACK)



==============================================================================

Memory Map of the image

  Image Entry point : 0x08000155

  Load Region LR_IROM1 (Base: 0x08000000, Size: 0x0000ed48, Max: 0x00040000, ABSOLUTE)

    Execution Region ER_IROM1 (Exec base: 0x08000000, Load base: 0x08000000, Size: 0x0000ed40, Max: 0x00040000, ABSOLUTE)

    Exec Addr    Load Addr    Size         Type   Attr      Idx    E Section Name        Object

    0x08000000   0x08000000   0x00000154   Data   RO         2191    RESET               startup_gd32l23x.o
    0x08000154   0x08000154   0x00000000   Code   RO         2198  * .ARM.Collect$$$$00000000  mc_p.l(entry.o)
    0x08000154   0x08000154   0x00000004   Code   RO         2209    .ARM.Collect$$$$00000001  mc_p.l(entry2.o)
    0x08000158   0x08000158   0x00000004   Code   RO         2212    .ARM.Collect$$$$00000004  mc_p.l(entry5.o)
    0x0800015c   0x0800015c   0x00000000   Code   RO         2214    .ARM.Collect$$$$00000008  mc_p.l(entry7b.o)
    0x0800015c   0x0800015c   0x00000000   Code   RO         2216    .ARM.Collect$$$$0000000A  mc_p.l(entry8b.o)
    0x0800015c   0x0800015c   0x00000008   Code   RO         2217    .ARM.Collect$$$$0000000B  mc_p.l(entry9a.o)
    0x08000164   0x08000164   0x00000000   Code   RO         2219    .ARM.Collect$$$$0000000D  mc_p.l(entry10a.o)
    0x08000164   0x08000164   0x00000000   Code   RO         2221    .ARM.Collect$$$$0000000F  mc_p.l(entry11a.o)
    0x08000164   0x08000164   0x00000004   Code   RO         2210    .ARM.Collect$$$$00002712  mc_p.l(entry2.o)
    0x08000168   0x08000168   0x0000001c   Code   RO         2192    .text               startup_gd32l23x.o
    0x08000184   0x08000184   0x00000024   Code   RO         2203    .text               mc_p.l(memseta.o)
    0x080001a8   0x080001a8   0x0000001e   Code   RO         2205    .text               mc_p.l(strncmp.o)
    0x080001c6   0x080001c6   0x00000002   PAD
    0x080001c8   0x080001c8   0x00000024   Code   RO         2223    .text               mc_p.l(init.o)
    0x080001ec   0x080001ec   0x00000004   Code   RO           13    .text.HardFault_Handler  gd32l23x_it.o
    0x080001f0   0x080001f0   0x00000228   Code   RO           70    .text.Init_ILI9325  9235.o
    0x08000418   0x08000418   0x00000036   Code   RO           64    .text.Init_data     9235.o
    0x0800044e   0x0800044e   0x00000048   Code   RO           48    .text.LCD_SetPos    9235.o
    0x08000496   0x08000496   0x00000002   PAD
    0x08000498   0x08000498   0x00000030   Code   RO          302    .text.NES_GetJoyPadVlaue  joypad.o
    0x080004c8   0x080004c8   0x000002b4   Code   RO          348    .text.NES_GetSpr0HitFlag  ppu.o
    0x0800077c   0x0800077c   0x00000018   Code   RO          306    .text.NES_JoyPadInit  joypad.o
    0x08000794   0x08000794   0x00000014   Code   RO          304    .text.NES_JoyPadReset  joypad.o
    0x080007a8   0x080007a8   0x00000002   Code   RO          320    .text.NES_JoyPadUpdateValue  nes_main.o
    0x080007aa   0x080007aa   0x00000002   PAD
    0x080007ac   0x080007ac   0x00000040   Code   RO          360    .text.NES_LCD_DisplayLine  ppu.o
    0x080007ec   0x080007ec   0x00000294   Code   RO          350    .text.NES_RenderBGLine  ppu.o
    0x08000a80   0x08000a80   0x00000208   Code   RO          358    .text.NES_RenderLine  ppu.o
    0x08000c88   0x08000c88   0x00000184   Code   RO          352    .text.NES_RenderSprPattern  ppu.o
    0x08000e0c   0x08000e0c   0x0000008c   Code   RO          356    .text.NES_RenderSprite16  ppu.o
    0x08000e98   0x08000e98   0x00000040   Code   RO          354    .text.NES_RenderSprite88  ppu.o
    0x08000ed8   0x08000ed8   0x00000002   Code   RO           11    .text.NMI_Handler   gd32l23x_it.o
    0x08000eda   0x08000eda   0x00000002   PAD
    0x08000edc   0x08000edc   0x0000014c   Code   RO          318    .text.NesFrameCycle  nes_main.o
    0x08001028   0x08001028   0x000000a8   Code   RO          334    .text.PPU_Init      ppu.o
    0x080010d0   0x080010d0   0x000000e4   Code   RO          342    .text.PPU_MemRead   ppu.o
    0x080011b4   0x080011b4   0x000000d8   Code   RO          340    .text.PPU_MemWrite  ppu.o
    0x0800128c   0x0800128c   0x00000084   Code   RO          336    .text.PPU_NameTablesRead  ppu.o
    0x08001310   0x08001310   0x0000009c   Code   RO          338    .text.PPU_NameTablesWrite  ppu.o
    0x080013ac   0x080013ac   0x000000c8   Code   RO          346    .text.PPU_RegRead   ppu.o
    0x08001474   0x08001474   0x000000e8   Code   RO          344    .text.PPU_RegWrite  ppu.o
    0x0800155c   0x0800155c   0x00000002   Code   RO           17    .text.PendSV_Handler  gd32l23x_it.o
    0x0800155e   0x0800155e   0x00000002   Code   RO           15    .text.SVC_Handler   gd32l23x_it.o
    0x08001560   0x08001560   0x00000058   Code   RO           52    .text.Show_RGB      9235.o
    0x080015b8   0x080015b8   0x000000f8   Code   RO          258    .text.SprDMA        6502.o
    0x080016b0   0x080016b0   0x0000004c   Code   RO           30    .text.SysTick_Config  systick.o
    0x080016fc   0x080016fc   0x00000008   Code   RO           19    .text.SysTick_Handler  gd32l23x_it.o
    0x08001704   0x08001704   0x00000094   Code   RO          381    .text.SystemInit    system_gd32l23x.o
    0x08001798   0x08001798   0x00000088   Code   RO           66    .text.Write_Cmd     9235.o
    0x08001820   0x08001820   0x0000008c   Code   RO           68    .text.Write_Data    9235.o
    0x080018ac   0x080018ac   0x00000020   Code   RO           50    .text.Write_Data_U16  9235.o
    0x080018cc   0x080018cc   0x00000088   Code   RO           32    .text.__NVIC_SetPriority  systick.o
    0x08001954   0x08001954   0x00000040   Code   RO          112    .text.abs6502       6502.o
    0x08001994   0x08001994   0x00000084   Code   RO          132    .text.absx6502      6502.o
    0x08001a18   0x08001a18   0x00000084   Code   RO          128    .text.absy6502      6502.o
    0x08001a9c   0x08001a9c   0x00000154   Code   RO          172    .text.adc6502       6502.o
    0x08001bf0   0x08001bf0   0x00000070   Code   RO          136    .text.and6502       6502.o
    0x08001c60   0x08001c60   0x0000009c   Code   RO          104    .text.asl6502       6502.o
    0x08001cfc   0x08001cfc   0x00000060   Code   RO          110    .text.asla6502      6502.o
    0x08001d5c   0x08001d5c   0x00000064   Code   RO          204    .text.bcc6502       6502.o
    0x08001dc0   0x08001dc0   0x00000064   Code   RO          222    .text.bcs6502       6502.o
    0x08001e24   0x08001e24   0x00000060   Code   RO          252    .text.beq6502       6502.o
    0x08001e84   0x08001e84   0x00000064   Code   RO          138    .text.bit6502       6502.o
    0x08001ee8   0x08001ee8   0x00000064   Code   RO          146    .text.bmi6502       6502.o
    0x08001f4c   0x08001f4c   0x00000060   Code   RO          238    .text.bne6502       6502.o
    0x08001fac   0x08001fac   0x00000064   Code   RO          114    .text.bpl6502       6502.o
    0x08002010   0x08002010   0x00000038   Code   RO          192    .text.bra6502       6502.o
    0x08002048   0x08002048   0x0000008c   Code   RO           90    .text.brk6502       6502.o
    0x080020d4   0x080020d4   0x00000070   Code   RO          164    .text.bvc6502       6502.o
    0x08002144   0x08002144   0x0000006c   Code   RO          184    .text.bvs6502       6502.o
    0x080021b0   0x080021b0   0x0000000c   Code   RO          126    .text.clc6502       6502.o
    0x080021bc   0x080021bc   0x00000010   Code   RO          240    .text.cld6502       6502.o
    0x080021cc   0x080021cc   0x0000000c   Code   RO          166    .text.cli6502       6502.o
    0x080021d8   0x080021d8   0x00000010   Code   RO          224    .text.clv6502       6502.o
    0x080021e8   0x080021e8   0x000000b4   Code   RO          230    .text.cmp6502       6502.o
    0x0800229c   0x0800229c   0x000000b4   Code   RO          244    .text.cpx6502       6502.o
    0x08002350   0x08002350   0x000000ac   Code   RO          228    .text.cpy6502       6502.o
    0x080023fc   0x080023fc   0x00000054   Code   RO          150    .text.dea6502       6502.o
    0x08002450   0x08002450   0x0000009c   Code   RO          232    .text.dec6502       6502.o
    0x080024ec   0x080024ec   0x0000001c   Code   RO           34    .text.delay_1ms     systick.o
    0x08002508   0x08002508   0x00000018   Code   RO           36    .text.delay_decrement  systick.o
    0x08002520   0x08002520   0x00000054   Code   RO          236    .text.dex6502       6502.o
    0x08002574   0x08002574   0x00000054   Code   RO          200    .text.dey6502       6502.o
    0x080025c8   0x080025c8   0x0000007c   Code   RO          154    .text.eor6502       6502.o
    0x08002644   0x08002644   0x000000b8   Code   RO          270    .text.exec6502      6502.o
    0x080026fc   0x080026fc   0x00000144   Code   RO          260    .text.get6502memory  6502.o
    0x08002840   0x08002840   0x00000010   Code   RO         1028    .text.gpio_bit_reset  gd32l23x_gpio.o
    0x08002850   0x08002850   0x00000010   Code   RO         1026    .text.gpio_bit_set  gd32l23x_gpio.o
    0x08002860   0x08002860   0x0000008e   Code   RO         1022    .text.gpio_mode_set  gd32l23x_gpio.o
    0x080028ee   0x080028ee   0x0000008a   Code   RO         1024    .text.gpio_output_options_set  gd32l23x_gpio.o
    0x08002978   0x08002978   0x0000000e   Code   RO         1040    .text.gpio_output_port_get  gd32l23x_gpio.o
    0x08002986   0x08002986   0x00000012   Code   RO         1032    .text.gpio_port_write  gd32l23x_gpio.o
    0x08002998   0x08002998   0x00000018   Code   RO          108    .text.immediate6502  6502.o
    0x080029b0   0x080029b0   0x00000002   Code   RO           92    .text.implied6502   6502.o
    0x080029b2   0x080029b2   0x00000002   PAD
    0x080029b4   0x080029b4   0x00000054   Code   RO          130    .text.ina6502       6502.o
    0x08002a08   0x08002a08   0x00000090   Code   RO          248    .text.inc6502       6502.o
    0x08002a98   0x08002a98   0x00000058   Code   RO          190    .text.indabsx6502   6502.o
    0x08002af0   0x08002af0   0x00000068   Code   RO          182    .text.indirect6502  6502.o
    0x08002b58   0x08002b58   0x00000048   Code   RO           96    .text.indx6502      6502.o
    0x08002ba0   0x08002ba0   0x0000008c   Code   RO          118    .text.indy6502      6502.o
    0x08002c2c   0x08002c2c   0x00000050   Code   RO          120    .text.indzp6502     6502.o
    0x08002c7c   0x08002c7c   0x00000050   Code   RO          272    .text.init6502mem   6502.o
    0x08002ccc   0x08002ccc   0x00000050   Code   RO          250    .text.inx6502       6502.o
    0x08002d1c   0x08002d1c   0x00000054   Code   RO          234    .text.iny6502       6502.o
    0x08002d70   0x08002d70   0x0000007c   Code   RO          268    .text.irq6502       6502.o
    0x08002dec   0x08002dec   0x00000020   Code   RO          162    .text.jmp6502       6502.o
    0x08002e0c   0x08002e0c   0x00000068   Code   RO          134    .text.jsr6502       6502.o
    0x08002e74   0x08002e74   0x00000068   Code   RO          214    .text.lda6502       6502.o
    0x08002edc   0x08002edc   0x00000074   Code   RO          216    .text.ldx6502       6502.o
    0x08002f50   0x08002f50   0x0000006c   Code   RO          212    .text.ldy6502       6502.o
    0x08002fbc   0x08002fbc   0x000000a4   Code   RO          156    .text.lsr6502       6502.o
    0x08003060   0x08003060   0x00000068   Code   RO          160    .text.lsra6502      6502.o
    0x080030c8   0x080030c8   0x000000c4   Code   RO            2    .text.main          main.o
    0x0800318c   0x0800318c   0x00000098   Code   RO          322    .text.nes_main      nes_main.o
    0x08003224   0x08003224   0x00000080   Code   RO          266    .text.nmi6502       6502.o
    0x080032a4   0x080032a4   0x00000002   Code   RO           98    .text.nop6502       6502.o
    0x080032a6   0x080032a6   0x00000002   PAD
    0x080032a8   0x080032a8   0x00000020   Code   RO         1360    .text.nvic_vector_table_set  gd32l23x_misc.o
    0x080032c8   0x080032c8   0x00000078   Code   RO           94    .text.ora6502       6502.o
    0x08003340   0x08003340   0x0000001c   Code   RO          158    .text.pha6502       6502.o
    0x0800335c   0x0800335c   0x00000020   Code   RO          106    .text.php6502       6502.o
    0x0800337c   0x0800337c   0x0000001c   Code   RO          242    .text.phx6502       6502.o
    0x08003398   0x08003398   0x0000001c   Code   RO          168    .text.phy6502       6502.o
    0x080033b4   0x080033b4   0x00000068   Code   RO          178    .text.pla6502       6502.o
    0x0800341c   0x0800341c   0x00000024   Code   RO          142    .text.plp6502       6502.o
    0x08003440   0x08003440   0x00000060   Code   RO          256    .text.plx6502       6502.o
    0x080034a0   0x080034a0   0x00000068   Code   RO          188    .text.ply6502       6502.o
    0x08003508   0x08003508   0x000000e4   Code   RO          262    .text.put6502memory  6502.o
    0x080035ec   0x080035ec   0x00000028   Code   RO         1444    .text.rcu_periph_clock_enable  gd32l23x_rcu.o
    0x08003614   0x08003614   0x00000058   Code   RO          116    .text.relative6502  6502.o
    0x0800366c   0x0800366c   0x00000078   Code   RO          264    .text.reset6502     6502.o
    0x080036e4   0x080036e4   0x000000a8   Code   RO          140    .text.rol6502       6502.o
    0x0800378c   0x0800378c   0x00000074   Code   RO          144    .text.rola6502      6502.o
    0x08003800   0x08003800   0x000000c8   Code   RO          176    .text.ror6502       6502.o
    0x080038c8   0x080038c8   0x00000084   Code   RO          180    .text.rora6502      6502.o
    0x0800394c   0x0800394c   0x00000068   Code   RO          152    .text.rti6502       6502.o
    0x080039b4   0x080039b4   0x00000050   Code   RO          170    .text.rts6502       6502.o
    0x08003a04   0x08003a04   0x00000168   Code   RO          246    .text.sbc6502       6502.o
    0x08003b6c   0x08003b6c   0x0000000c   Code   RO          148    .text.sec6502       6502.o
    0x08003b78   0x08003b78   0x0000000c   Code   RO          254    .text.sed6502       6502.o
    0x08003b84   0x08003b84   0x00000010   Code   RO          186    .text.sei6502       6502.o
    0x08003b94   0x08003b94   0x00000024   Code   RO          194    .text.sta6502       6502.o
    0x08003bb8   0x08003bb8   0x0000002c   Code   RO          198    .text.stx6502       6502.o
    0x08003be4   0x08003be4   0x00000024   Code   RO          196    .text.sty6502       6502.o
    0x08003c08   0x08003c08   0x0000002c   Code   RO          174    .text.stz6502       6502.o
    0x08003c34   0x08003c34   0x000000f8   Code   RO          387    .text.system_clock_64m_hxtal  system_gd32l23x.o
    0x08003d2c   0x08003d2c   0x00000008   Code   RO          383    .text.system_clock_config  system_gd32l23x.o
    0x08003d34   0x08003d34   0x00000028   Code   RO           28    .text.systick_config  systick.o
    0x08003d5c   0x08003d5c   0x00000054   Code   RO          220    .text.tax6502       6502.o
    0x08003db0   0x08003db0   0x00000058   Code   RO          218    .text.tay6502       6502.o
    0x08003e08   0x08003e08   0x00000068   Code   RO          122    .text.trb6502       6502.o
    0x08003e70   0x08003e70   0x00000074   Code   RO          100    .text.tsb6502       6502.o
    0x08003ee4   0x08003ee4   0x00000050   Code   RO          226    .text.tsx6502       6502.o
    0x08003f34   0x08003f34   0x0000004c   Code   RO          202    .text.txa6502       6502.o
    0x08003f80   0x08003f80   0x00000014   Code   RO          210    .text.txs6502       6502.o
    0x08003f94   0x08003f94   0x00000054   Code   RO          208    .text.tya6502       6502.o
    0x08003fe8   0x08003fe8   0x00000020   Code   RO          102    .text.zp6502        6502.o
    0x08004008   0x08004008   0x0000002c   Code   RO          124    .text.zpx6502       6502.o
    0x08004034   0x08004034   0x00000034   Code   RO          206    .text.zpy6502       6502.o
    0x08004068   0x08004068   0x0000000e   Code   RO         2227    i.__scatterload_copy  mc_p.l(handlers.o)
    0x08004076   0x08004076   0x00000002   Code   RO         2228    i.__scatterload_null  mc_p.l(handlers.o)
    0x08004078   0x08004078   0x0000000e   Code   RO         2229    i.__scatterload_zeroinit  mc_p.l(handlers.o)
    0x08004086   0x08004086   0x00000080   Data   RO          364    .rodata.NES_Color_Palette  ppu.o
    0x08004106   0x08004106   0x00000002   PAD
    0x08004108   0x08004108   0x00000c00   Data   RO          275    .rodata.opcodetable  6502.o
    0x08004d08   0x08004d08   0x0000a010   Data   RO           84    .rodata.rom_file    rom_mario.o
    0x0800ed18   0x0800ed18   0x00000004   Data   RO          363    .rodata.sprite      ppu.o
    0x0800ed1c   0x0800ed1c   0x00000004   Data   RO          326    .rodata.str1.1      nes_main.o
    0x0800ed20   0x0800ed20   0x00000020   Data   RO         2226    Region$$Table       anon$$obj.o


    Execution Region RW_IRAM1 (Exec base: 0x20000000, Load base: 0x0800ed40, Size: 0x000017c0, Max: 0x00008000, ABSOLUTE)

    Exec Addr    Load Addr    Size         Type   Attr      Idx    E Section Name        Object

    0x20000000   0x0800ed40   0x00000001   Data   RW          324    .data.Continue      nes_main.o
    0x20000001   0x0800ed41   0x00000003   PAD
    0x20000004   0x0800ed44   0x00000004   Data   RW          389    .data.SystemCoreClock  system_gd32l23x.o
    0x20000008        -       0x00000220   Zero   RW          373    .bss.Buffer_scanline  ppu.o
    0x20000228        -       0x00000004   Zero   RW          325    .bss.FrameCnt       nes_main.o
    0x2000022c        -       0x00000001   Zero   RW          293    .bss.IRQ_Flag       6502.o
    0x2000022d   0x0800ed48   0x00000003   PAD
    0x20000230        -       0x00000010   Zero   RW          310    .bss.JoyPad         joypad.o
    0x20000240        -       0x00000001   Zero   RW          292    .bss.NMI_Flag       6502.o
    0x20000241        -       0x00000800   Zero   RW          367    .bss.NameTable      ppu.o
    0x20000a41        -       0x00000001   Zero   RW          371    .bss.PPU_BG_HScrlOrg  ppu.o
    0x20000a42        -       0x00000001   Zero   RW          370    .bss.PPU_BG_VScrlOrg  ppu.o
    0x20000a43        -       0x00000001   Zero   RW          368    .bss.PPU_Latch_Flag  ppu.o
    0x20000a44        -       0x0000003c   Zero   RW          365    .bss.PPU_Mem        ppu.o
    0x20000a80        -       0x00000004   Zero   RW          366    .bss.PPU_Reg        ppu.o
    0x20000a84        -       0x00000004   Zero   RW          372    .bss.PPU_scanline   ppu.o
    0x20000a88        -       0x00000101   Zero   RW          362    .bss.Spr_Mem        ppu.o
    0x20000b89        -       0x00000001   Zero   RW          369    .bss.SpriteHitFlag  ppu.o
    0x20000b8a        -       0x00000001   Zero   RW          289    .bss.a_reg          6502.o
    0x20000b8b   0x0800ed48   0x00000001   PAD
    0x20000b8c        -       0x00000004   Zero   RW          280    .bss.clockticks6502  6502.o
    0x20000b90        -       0x00000004   Zero   RW           38    .bss.delay          systick.o
    0x20000b94        -       0x00000004   Zero   RW          294    .bss.exp_rom        6502.o
    0x20000b98        -       0x00000001   Zero   RW          287    .bss.flag_reg       6502.o
    0x20000b99   0x0800ed48   0x00000001   PAD
    0x20000b9a        -       0x00000002   Zero   RW          282    .bss.help           6502.o
    0x20000b9c        -       0x00000001   Zero   RW          283    .bss.opcode         6502.o
    0x20000b9d   0x0800ed48   0x00000001   PAD
    0x20000b9e        -       0x00000002   Zero   RW          274    .bss.pc_reg         6502.o
    0x20000ba0        -       0x00000004   Zero   RW          278    .bss.prg_rombank0   6502.o
    0x20000ba4        -       0x00000004   Zero   RW          279    .bss.prg_rombank1   6502.o
    0x20000ba8        -       0x00000800   Zero   RW          276    .bss.ram6502        6502.o
    0x200013a8        -       0x00000001   Zero   RW          291    .bss.s_reg          6502.o
    0x200013a9   0x0800ed48   0x00000003   PAD
    0x200013ac        -       0x00000004   Zero   RW          288    .bss.saveflags      6502.o
    0x200013b0        -       0x00000002   Zero   RW          281    .bss.savepc         6502.o
    0x200013b2   0x0800ed48   0x00000002   PAD
    0x200013b4        -       0x00000004   Zero   RW          277    .bss.sram           6502.o
    0x200013b8        -       0x00000004   Zero   RW          290    .bss.sum            6502.o
    0x200013bc        -       0x00000001   Zero   RW          286    .bss.value          6502.o
    0x200013bd        -       0x00000001   Zero   RW          284    .bss.x_reg          6502.o
    0x200013be        -       0x00000001   Zero   RW          285    .bss.y_reg          6502.o
    0x200013bf   0x0800ed48   0x00000001   PAD
    0x200013c0        -       0x00000400   Zero   RW         2189    STACK               startup_gd32l23x.o


==============================================================================

Image component sizes


      Code (inc. data)   RO Data    RW Data    ZI Data      Debug   Object Name

      9136        924       3072          0       2091      14603   6502.o
      1074         32          0          0          0       4574   9235.o
       344          0          0          0          0       4625   gd32l23x_gpio.o
        18          0          0          0          0        725   gd32l23x_it.o
        32          8          0          0          0       4603   gd32l23x_misc.o
        40          4          0          0          0      13715   gd32l23x_rcu.o
        92          4          0          0         16       1275   joypad.o
       196         12          0          0          0       1381   main.o
       486         36          4          1          4       1538   nes_main.o
      3860        196        132          0       2921       7922   ppu.o
         0          0      40976          0          0        427   rom_mario.o
        28          8        340          0       1024        788   startup_gd32l23x.o
       404         56          0          4          0       2038   system_gd32l23x.o
       304         28          0          0          4       3629   systick.o

    ----------------------------------------------------------------------
     16024       1308      44558          8       6072      61843   Object Totals
         0          0         32          0          0          0   (incl. Generated)
        10          0          2          3         12          0   (incl. Padding)

    ----------------------------------------------------------------------

      Code (inc. data)   RO Data    RW Data    ZI Data      Debug   Library Member Name

         0          0          0          0          0          0   entry.o
         0          0          0          0          0          0   entry10a.o
         0          0          0          0          0          0   entry11a.o
         8          4          0          0          0          0   entry2.o
         4          0          0          0          0          0   entry5.o
         0          0          0          0          0          0   entry7b.o
         0          0          0          0          0          0   entry8b.o
         8          4          0          0          0          0   entry9a.o
        30          0          0          0          0          0   handlers.o
        36          8          0          0          0         68   init.o
        36          0          0          0          0        100   memseta.o
        30          0          0          0          0         72   strncmp.o

    ----------------------------------------------------------------------
       154         16          0          0          0        240   Library Totals
         2          0          0          0          0          0   (incl. Padding)

    ----------------------------------------------------------------------

      Code (inc. data)   RO Data    RW Data    ZI Data      Debug   Library Name

       152         16          0          0          0        240   mc_p.l

    ----------------------------------------------------------------------
       154         16          0          0          0        240   Library Totals

    ----------------------------------------------------------------------

==============================================================================


      Code (inc. data)   RO Data    RW Data    ZI Data      Debug   

     16178       1324      44558          8       6072      61971   Grand Totals
     16178       1324      44558          8       6072      61971   ELF Image Totals
     16178       1324      44558          8          0          0   ROM Totals

==============================================================================

    Total RO  Size (Code + RO Data)                60736 (  59.31kB)
    Total RW  Size (RW Data + ZI Data)              6080 (   5.94kB)
    Total ROM Size (Code + RO Data + RW Data)      60744 (  59.32kB)

==============================================================================

